Archive member included to satisfy reference by file (symbol)

C:/ST/STM32CubeIDE_1.17.0/STM32CubeIDE/plugins/com.st.stm32cube.ide.mcu.externaltools.gnu-tools-for-stm32.12.3.rel1.win32_1.1.0.202410251130/tools/bin/../lib/gcc/arm-none-eabi/12.3.1/../../../../arm-none-eabi/lib/thumb/v7e-m+fp/hard\libc_nano.a(libc_a-exit.o)
                              C:/ST/STM32CubeIDE_1.17.0/STM32CubeIDE/plugins/com.st.stm32cube.ide.mcu.externaltools.gnu-tools-for-stm32.12.3.rel1.win32_1.1.0.202410251130/tools/bin/../lib/gcc/arm-none-eabi/12.3.1/../../../../arm-none-eabi/lib/thumb/v7e-m+fp/hard/crt0.o (exit)
C:/ST/STM32CubeIDE_1.17.0/STM32CubeIDE/plugins/com.st.stm32cube.ide.mcu.externaltools.gnu-tools-for-stm32.12.3.rel1.win32_1.1.0.202410251130/tools/bin/../lib/gcc/arm-none-eabi/12.3.1/../../../../arm-none-eabi/lib/thumb/v7e-m+fp/hard\libc_nano.a(libc_a-findfp.o)
                              C:/ST/STM32CubeIDE_1.17.0/STM32CubeIDE/plugins/com.st.stm32cube.ide.mcu.externaltools.gnu-tools-for-stm32.12.3.rel1.win32_1.1.0.202410251130/tools/bin/../lib/gcc/arm-none-eabi/12.3.1/../../../../arm-none-eabi/lib/thumb/v7e-m+fp/hard\libc_nano.a(libc_a-exit.o) (__stdio_exit_handler)
C:/ST/STM32CubeIDE_1.17.0/STM32CubeIDE/plugins/com.st.stm32cube.ide.mcu.externaltools.gnu-tools-for-stm32.12.3.rel1.win32_1.1.0.202410251130/tools/bin/../lib/gcc/arm-none-eabi/12.3.1/../../../../arm-none-eabi/lib/thumb/v7e-m+fp/hard\libc_nano.a(libc_a-fwalk.o)
                              C:/ST/STM32CubeIDE_1.17.0/STM32CubeIDE/plugins/com.st.stm32cube.ide.mcu.externaltools.gnu-tools-for-stm32.12.3.rel1.win32_1.1.0.202410251130/tools/bin/../lib/gcc/arm-none-eabi/12.3.1/../../../../arm-none-eabi/lib/thumb/v7e-m+fp/hard\libc_nano.a(libc_a-findfp.o) (_fwalk_sglue)
C:/ST/STM32CubeIDE_1.17.0/STM32CubeIDE/plugins/com.st.stm32cube.ide.mcu.externaltools.gnu-tools-for-stm32.12.3.rel1.win32_1.1.0.202410251130/tools/bin/../lib/gcc/arm-none-eabi/12.3.1/../../../../arm-none-eabi/lib/thumb/v7e-m+fp/hard\libc_nano.a(libc_a-snprintf.o)
                              ./BSP/Src/tools_bsp.o (snprintf)
C:/ST/STM32CubeIDE_1.17.0/STM32CubeIDE/plugins/com.st.stm32cube.ide.mcu.externaltools.gnu-tools-for-stm32.12.3.rel1.win32_1.1.0.202410251130/tools/bin/../lib/gcc/arm-none-eabi/12.3.1/../../../../arm-none-eabi/lib/thumb/v7e-m+fp/hard\libc_nano.a(libc_a-stdio.o)
                              C:/ST/STM32CubeIDE_1.17.0/STM32CubeIDE/plugins/com.st.stm32cube.ide.mcu.externaltools.gnu-tools-for-stm32.12.3.rel1.win32_1.1.0.202410251130/tools/bin/../lib/gcc/arm-none-eabi/12.3.1/../../../../arm-none-eabi/lib/thumb/v7e-m+fp/hard\libc_nano.a(libc_a-findfp.o) (__sread)
C:/ST/STM32CubeIDE_1.17.0/STM32CubeIDE/plugins/com.st.stm32cube.ide.mcu.externaltools.gnu-tools-for-stm32.12.3.rel1.win32_1.1.0.202410251130/tools/bin/../lib/gcc/arm-none-eabi/12.3.1/../../../../arm-none-eabi/lib/thumb/v7e-m+fp/hard\libc_nano.a(libc_a-vsnprintf.o)
                              ./BSP/Src/tools_bsp.o (vsnprintf)
C:/ST/STM32CubeIDE_1.17.0/STM32CubeIDE/plugins/com.st.stm32cube.ide.mcu.externaltools.gnu-tools-for-stm32.12.3.rel1.win32_1.1.0.202410251130/tools/bin/../lib/gcc/arm-none-eabi/12.3.1/../../../../arm-none-eabi/lib/thumb/v7e-m+fp/hard\libc_nano.a(libc_a-memset.o)
                              C:/ST/STM32CubeIDE_1.17.0/STM32CubeIDE/plugins/com.st.stm32cube.ide.mcu.externaltools.gnu-tools-for-stm32.12.3.rel1.win32_1.1.0.202410251130/tools/bin/../lib/gcc/arm-none-eabi/12.3.1/../../../../arm-none-eabi/lib/thumb/v7e-m+fp/hard/crt0.o (memset)
C:/ST/STM32CubeIDE_1.17.0/STM32CubeIDE/plugins/com.st.stm32cube.ide.mcu.externaltools.gnu-tools-for-stm32.12.3.rel1.win32_1.1.0.202410251130/tools/bin/../lib/gcc/arm-none-eabi/12.3.1/../../../../arm-none-eabi/lib/thumb/v7e-m+fp/hard\libc_nano.a(libc_a-closer.o)
                              C:/ST/STM32CubeIDE_1.17.0/STM32CubeIDE/plugins/com.st.stm32cube.ide.mcu.externaltools.gnu-tools-for-stm32.12.3.rel1.win32_1.1.0.202410251130/tools/bin/../lib/gcc/arm-none-eabi/12.3.1/../../../../arm-none-eabi/lib/thumb/v7e-m+fp/hard\libc_nano.a(libc_a-stdio.o) (_close_r)
C:/ST/STM32CubeIDE_1.17.0/STM32CubeIDE/plugins/com.st.stm32cube.ide.mcu.externaltools.gnu-tools-for-stm32.12.3.rel1.win32_1.1.0.202410251130/tools/bin/../lib/gcc/arm-none-eabi/12.3.1/../../../../arm-none-eabi/lib/thumb/v7e-m+fp/hard\libc_nano.a(libc_a-reent.o)
                              C:/ST/STM32CubeIDE_1.17.0/STM32CubeIDE/plugins/com.st.stm32cube.ide.mcu.externaltools.gnu-tools-for-stm32.12.3.rel1.win32_1.1.0.202410251130/tools/bin/../lib/gcc/arm-none-eabi/12.3.1/../../../../arm-none-eabi/lib/thumb/v7e-m+fp/hard\libc_nano.a(libc_a-closer.o) (errno)
C:/ST/STM32CubeIDE_1.17.0/STM32CubeIDE/plugins/com.st.stm32cube.ide.mcu.externaltools.gnu-tools-for-stm32.12.3.rel1.win32_1.1.0.202410251130/tools/bin/../lib/gcc/arm-none-eabi/12.3.1/../../../../arm-none-eabi/lib/thumb/v7e-m+fp/hard\libc_nano.a(libc_a-impure.o)
[...]
Memory Configuration

Name             Origin             Length             Attributes
CCMRAM           0x10000000         0x00010000         xrw
RAM              0x20000000         0x00030000         xrw
FLASH            0x08000000         0x00100000         xr
*default*        0x00000000         0xffffffff

Linker script and memory map

LOAD C:/ST/STM32CubeIDE_1.17.0/STM32CubeIDE/plugins/com.st.stm32cube.ide.mcu.externaltools.gnu-tools-for-stm32.12.3.rel1.win32_1.1.0.202410251130/tools/bin/../lib/gcc/arm-none-eabi/12.3.1/thumb/v7e-m+fp/hard/crti.o
LOAD C:/ST/STM32CubeIDE_1.17.0/STM32CubeIDE/plugins/com.st.stm32cube.ide.mcu.externaltools.gnu-tools-for-stm32.12.3.rel1.win32_1.1.0.202410251130/tools/bin/../lib/gcc/arm-none-eabi/12.3.1/thumb/v7e-m+fp/hard/crtbegin.o
LOAD C:/ST/STM32CubeIDE_1.17.0/STM32CubeIDE/plugins/com.st.stm32cube.ide.mcu.externaltools.gnu-tools-for-stm32.12.3.rel1.win32_1.1.0.202410251130/tools/bin/../lib/gcc/arm-none-eabi/12.3.1/../../../../arm-none-eabi/lib/thumb/v7e-m+fp/hard/crt0.o
LOAD ./BSP/Src/bsp_adc.o
LOAD ./BSP/Src/global_timer.o
LOAD ./BSP/Src/key_bsp.o
LOAD ./BSP/Src/led_bsp.o
LOAD ./BSP/Src/task_bsp.o
LOAD ./BSP/Src/tools_bsp.o
LOAD ./BSP/Src/usart_bsp.o
LOAD ./Core/Src/adc.o
LOAD ./Core/Src/dma.o
LOAD ./Core/Src/gpio.o
LOAD ./Core/Src/main.o
LOAD ./Core/Src/stm32f4xx_hal_msp.o
LOAD ./Core/Src/stm32f4xx_it.o
LOAD ./Core/Src/syscalls.o
LOAD ./Core/Src/sysmem.o
LOAD ./Core/Src/system_stm32f4xx.o
LOAD ./Core/Src/tim.o
LOAD ./Core/Src/usart.o
LOAD ./Core/Startup/startup_stm32f429igtx.o
LOAD ./Drivers/STM32F4xx_HAL_Driver/Src/stm32f4xx_hal.o
LOAD ./Drivers/STM32F4xx_HAL_Driver/Src/stm32f4xx_hal_adc.o
LOAD ./Drivers/STM32F4xx_HAL_Driver/Src/stm32f4xx_hal_adc_ex.o
LOAD ./Drivers/STM32F4xx_HAL_Driver/Src/stm32f4xx_hal_cortex.o
LOAD ./Drivers/STM32F4xx_HAL_Driver/Src/stm32f4xx_hal_dma.o
LOAD ./Drivers/STM32F4xx_HAL_Driver/Src/stm32f4xx_hal_dma_ex.o
LOAD ./Drivers/STM32F4xx_HAL_Driver/Src/stm32f4xx_hal_exti.o
LOAD ./Drivers/STM32F4xx_HAL_Driver/Src/stm32f4xx_hal_flash.o
LOAD ./Drivers/STM32F4xx_HAL_Driver/Src/stm32f4xx_hal_flash_ex.o
LOAD ./Drivers/STM32F4xx_HAL_Driver/Src/stm32f4xx_hal_flash_ramfunc.o
LOAD ./Drivers/STM32F4xx_HAL_Driver/Src/stm32f4xx_hal_gpio.o
LOAD ./Drivers/STM32F4xx_HAL_Driver/Src/stm32f4xx_hal_pwr.o
LOAD ./Drivers/STM32F4xx_HAL_Driver/Src/stm32f4xx_hal_pwr_ex.o
LOAD ./Drivers/STM32F4xx_HAL_Driver/Src/stm32f4xx_hal_rcc.o
LOAD ./Drivers/STM32F4xx_HAL_Driver/Src/stm32f4xx_hal_rcc_ex.o
LOAD ./Drivers/STM32F4xx_HAL_Driver/Src/stm32f4xx_hal_tim.o
LOAD ./Drivers/STM32F4xx_HAL_Driver/Src/stm32f4xx_hal_tim_ex.o
LOAD ./Drivers/STM32F4xx_HAL_Driver/Src/stm32f4xx_hal_uart.o
LOAD ./Drivers/STM32F4xx_HAL_Driver/Src/stm32f4xx_ll_adc.o
START GROUP
LOAD C:/ST/STM32CubeIDE_1.17.0/STM32CubeIDE/plugins/com.st.stm32cube.ide.mcu.externaltools.gnu-tools-for-stm32.12.3.rel1.win32_1.1.0.202410251130/tools/bin/../lib/gcc/arm-none-eabi/12.3.1/../../../../arm-none-eabi/lib/thumb/v7e-m+fp/hard\libc_nano.a
LOAD C:/ST/STM32CubeIDE_1.17.0/STM32CubeIDE/plugins/com.st.stm32cube.ide.mcu.externaltools.gnu-tools-for-stm32.12.3.rel1.win32_1.1.0.202410251130/tools/bin/../lib/gcc/arm-none-eabi/12.3.1/../../../../arm-none-eabi/lib/thumb/v7e-m+fp/hard\libm.a
END GROUP
START GROUP
LOAD C:/ST/STM32CubeIDE_1.17.0/STM32CubeIDE/plugins/com.st.stm32cube.ide.mcu.externaltools.gnu-tools-for-stm32.12.3.rel1.win32_1.1.0.202410251130/tools/bin/../lib/gcc/arm-none-eabi/12.3.1/thumb/v7e-m+fp/hard\libgcc.a
LOAD C:/ST/STM32CubeIDE_1.17.0/STM32CubeIDE/plugins/com.st.stm32cube.ide.mcu.externaltools.gnu-tools-for-stm32.12.3.rel1.win32_1.1.0.202410251130/tools/bin/../lib/gcc/arm-none-eabi/12.3.1/../../../../arm-none-eabi/lib/thumb/v7e-m+fp/hard\libc_nano.a
END GROUP
START GROUP
LOAD C:/ST/STM32CubeIDE_1.17.0/STM32CubeIDE/plugins/com.st.stm32cube.ide.mcu.externaltools.gnu-tools-for-stm32.12.3.rel1.win32_1.1.0.202410251130/tools/bin/../lib/gcc/arm-none-eabi/12.3.1/thumb/v7e-m+fp/hard\libgcc.a
LOAD C:/ST/STM32CubeIDE_1.17.0/STM32CubeIDE/plugins/com.st.stm32cube.ide.mcu.externaltools.gnu-tools-for-stm32.12.3.rel1.win32_1.1.0.202410251130/tools/bin/../lib/gcc/arm-none-eabi/12.3.1/../../../../arm-none-eabi/lib/thumb/v7e-m+fp/hard\libc_nano.a
LOAD C:/ST/STM32CubeIDE_1.17.0/STM32CubeIDE/plugins/com.st.stm32cube.ide.mcu.externaltools.gnu-tools-for-stm32.12.3.rel1.win32_1.1.0.202410251130/tools/bin/../lib/gcc/arm-none-eabi/12.3.1/../../../../arm-none-eabi/lib/thumb/v7e-m+fp/hard\libnosys.a
END GROUP
START GROUP
LOAD C:/ST/STM32CubeIDE_1.17.0/STM32CubeIDE/plugins/com.st.stm32cube.ide.mcu.externaltools.gnu-tools-for-stm32.12.3.rel1.win32_1.1.0.202410251130/tools/bin/../lib/gcc/arm-none-eabi/12.3.1/thumb/v7e-m+fp/hard\libgcc.a
LOAD C:/ST/STM32CubeIDE_1.17.0/STM32CubeIDE/plugins/com.st.stm32cube.ide.mcu.externaltools.gnu-tools-for-stm32.12.3.rel1.win32_1.1.0.202410251130/tools/bin/../lib/gcc/arm-none-eabi/12.3.1/../../../../arm-none-eabi/lib/thumb/v7e-m+fp/hard\libc_nano.a
LOAD C:/ST/STM32CubeIDE_1.17.0/STM32CubeIDE/plugins/com.st.stm32cube.ide.mcu.externaltools.gnu-tools-for-stm32.12.3.rel1.win32_1.1.0.202410251130/tools/bin/../lib/gcc/arm-none-eabi/12.3.1/../../../../arm-none-eabi/lib/thumb/v7e-m+fp/hard\libnosys.a
END GROUP
LOAD C:/ST/STM32CubeIDE_1.17.0/STM32CubeIDE/plugins/com.st.stm32cube.ide.mcu.externaltools.gnu-tools-for-stm32.12.3.rel1.win32_1.1.0.202410251130/tools/bin/../lib/gcc/arm-none-eabi/12.3.1/thumb/v7e-m+fp/hard/crtend.o
LOAD C:/ST/STM32CubeIDE_1.17.0/STM32CubeIDE/plugins/com.st.stm32cube.ide.mcu.externaltools.gnu-tools-for-stm32.12.3.rel1.win32_1.1.0.202410251130/tools/bin/../lib/gcc/arm-none-eabi/12.3.1/thumb/v7e-m+fp/hard/crtn.o
                0x20030000                        _estack = (ORIGIN (RAM) + LENGTH (RAM))
                0x00000200                        _Min_Heap_Size = 0x200
                0x00000400                        _Min_Stack_Size = 0x400

.isr_vector     0x08000000      0x1ac
                0x08000000                        . = ALIGN (0x4)
 *(.isr_vector)
 .isr_vector    0x08000000      0x1ac ./Core/Startup/startup_stm32f429igtx.o
                0x08000000                g_pfnVectors
                0x080001ac                        . = ALIGN (0x4)

.text           0x080001b0     0x5a14
                0x080001b0                        . = ALIGN (0x4)
 *(.text)
 .text          0x080001b0       0x40 C:/ST/STM32CubeIDE_1.17.0/STM32CubeIDE/plugins/com.st.stm32cube.ide.mcu.externaltools.gnu-tools-for-stm32.12.3.rel1.win32_1.1.0.202410251130/tools/bin/../lib/gcc/arm-none-eabi/12.3.1/thumb/v7e-m+fp/hard/crtbegin.o
 .text          0x080001f0       0xa0 C:/ST/STM32CubeIDE_1.17.0/STM32CubeIDE/plugins/com.st.stm32cube.ide.mcu.externaltools.gnu-tools-for-stm32.12.3.rel1.win32_1.1.0.202410251130/tools/bin/../lib/gcc/arm-none-eabi/12.3.1/../../../../arm-none-eabi/lib/thumb/v7e-m+fp/hard\libc_nano.a(libc_a-memchr.o)
                0x080001f0                memchr
 .text          0x08000290       0x30 C:/ST/STM32CubeIDE_1.17.0/STM32CubeIDE/plugins/com.st.stm32cube.ide.mcu.externaltools.gnu-tools-for-stm32.12.3.rel1.win32_1.1.0.202410251130/tools/bin/../lib/gcc/arm-none-eabi/12.3.1/thumb/v7e-m+fp/hard\libgcc.a(_aeabi_uldivmod.o)
                0x08000290                __aeabi_uldivmod
 .text          0x080002c0      0x2bc C:/ST/STM32CubeIDE_1.17.0/STM32CubeIDE/plugins/com.st.stm32cube.ide.mcu.externaltools.gnu-tools-for-stm32.12.3.rel1.win32_1.1.0.202410251130/tools/bin/../lib/gcc/arm-none-eabi/12.3.1/thumb/v7e-m+fp/hard\libgcc.a(_udivmoddi4.o)
                0x080002c0                __udivmoddi4
 .text          0x0800057c        0x4 C:/ST/STM32CubeIDE_1.17.0/STM32CubeIDE/plugins/com.st.stm32cube.ide.mcu.externaltools.gnu-tools-for-stm32.12.3.rel1.win32_1.1.0.202410251130/tools/bin/../lib/gcc/arm-none-eabi/12.3.1/thumb/v7e-m+fp/hard\libgcc.a(_dvmd_tls.o)
                0x0800057c                __aeabi_idiv0
                0x0800057c                __aeabi_ldiv0
 *(.text*)
 .text.Bsp_AdcStart
                0x08000580       0x1c ./BSP/Src/bsp_adc.o
                0x08000580                Bsp_AdcStart
 .text.Bsp_AdcValuePrint
                0x0800059c       0x34 ./BSP/Src/bsp_adc.o
                0x0800059c                Bsp_AdcValuePrint
 .text.HAL_ADC_ConvCpltCallback
                0x080005d0       0x14 ./BSP/Src/bsp_adc.o
                0x080005d0                HAL_ADC_ConvCpltCallback
 .text.HAL_TIM_PeriodElapsedCallback
                0x080005e4       0x5c ./BSP/Src/global_timer.o
                0x080005e4                HAL_TIM_PeriodElapsedCallback
 .text.HAL_GPIO_EXTI_Callback
                0x08000640       0x1e ./BSP/Src/key_bsp.o
                0x08000640                HAL_GPIO_EXTI_Callback
 *fill*         0x0800065e        0x2 
 .text.Led_RedFlip
                0x08000660       0x18 ./BSP/Src/led_bsp.o
                0x08000660                Led_RedFlip
 .text.Led_BlueFlip
                0x08000678       0x18 ./BSP/Src/led_bsp.o
                0x08000678                Led_BlueFlip
 .text.Led_task
                0x08000690        0xc ./BSP/Src/task_bsp.o
                0x08000690                Led_task
 .text.Task_1ms_Entry
                0x0800069c       0x24 ./BSP/Src/task_bsp.o
                0x0800069c                Task_1ms_Entry
 .text.Task_5ms_Entry
                0x080006c0       0x24 ./BSP/Src/task_bsp.o
                0x080006c0                Task_5ms_Entry
 .text.Task_10ms_Entry
                0x080006e4       0x24 ./BSP/Src/task_bsp.o
                0x080006e4                Task_10ms_Entry
 .text.Task_50ms_Entry
                0x08000708       0x24 ./BSP/Src/task_bsp.o
                0x08000708                Task_50ms_Entry
 .text.Task_100ms_Entry
                0x0800072c       0x24 ./BSP/Src/task_bsp.o
                0x0800072c                Task_100ms_Entry
 .text.Task_500ms_Entry
                0x08000750       0x24 ./BSP/Src/task_bsp.o
                0x08000750                Task_500ms_Entry
 .text.Task_1000ms_Entry
                0x08000774       0x2c ./BSP/Src/task_bsp.o
                0x08000774                Task_1000ms_Entry
 .text.OS_Init  0x080007a0       0x38 ./BSP/Src/task_bsp.o
                0x080007a0                OS_Init
 .text.Start_OS
                0x080007d8       0x7c ./BSP/Src/task_bsp.o
                0x080007d8                Start_OS
 .text.Msg_Init
                0x08000854       0x38 ./BSP/Src/tools_bsp.o
                0x08000854                Msg_Init
 .text.DEBUG_PRINTF
                0x0800088c       0xac ./BSP/Src/tools_bsp.o
                0x0800088c                DEBUG_PRINTF
 .text.HAL_UARTEx_RxEventCallback
                0x08000938       0x50 ./BSP/Src/tools_bsp.o
                0x08000938                HAL_UARTEx_RxEventCallback
 .text.HAL_UART_TxCpltCallback
                0x08000988       0x2c ./BSP/Src/tools_bsp.o
                0x08000988                HAL_UART_TxCpltCallback
 .text.HAL_UART_RxCpltCallback
                0x080009b4       0x14 ./BSP/Src/usart_bsp.o
                0x080009b4                HAL_UART_RxCpltCallback
 .text.MX_ADC1_Init
                0x080009c8       0xf4 ./Core/Src/adc.o
                0x080009c8                MX_ADC1_Init
 .text.HAL_ADC_MspInit
                0x08000abc      0x128 ./Core/Src/adc.o
                0x08000abc                HAL_ADC_MspInit
 .text.MX_DMA_Init
                0x08000be4       0xd8 ./Core/Src/dma.o
                0x08000be4                MX_DMA_Init
 .text.MX_GPIO_Init
                0x08000cbc       0xd4 ./Core/Src/gpio.o
                0x08000cbc                MX_GPIO_Init
 .text.main     0x08000d90       0x2e ./Core/Src/main.o
                0x08000d90                main
 *fill*         0x08000dbe        0x2 
 .text.SystemClock_Config
                0x08000dc0       0xe0 ./Core/Src/main.o
                0x08000dc0                SystemClock_Config
 .text.Error_Handler
                0x08000ea0        0xc ./Core/Src/main.o
                0x08000ea0                Error_Handler
 .text.HAL_MspInit
                0x08000eac       0x50 ./Core/Src/stm32f4xx_hal_msp.o
                0x08000eac                HAL_MspInit
 .text.NMI_Handler
                0x08000efc        0x8 ./Core/Src/stm32f4xx_it.o
                0x08000efc                NMI_Handler
 .text.HardFault_Handler
                0x08000f04        0x8 ./Core/Src/stm32f4xx_it.o
                0x08000f04                HardFault_Handler
 .text.MemManage_Handler
                0x08000f0c        0x8 ./Core/Src/stm32f4xx_it.o
                0x08000f0c                MemManage_Handler
 .text.BusFault_Handler
                0x08000f14        0x8 ./Core/Src/stm32f4xx_it.o
                0x08000f14                BusFault_Handler
 .text.UsageFault_Handler
                0x08000f1c        0x8 ./Core/Src/stm32f4xx_it.o
                0x08000f1c                UsageFault_Handler
 .text.SVC_Handler
                0x08000f24        0xe ./Core/Src/stm32f4xx_it.o
                0x08000f24                SVC_Handler
 .text.DebugMon_Handler
                0x08000f32        0xe ./Core/Src/stm32f4xx_it.o
                0x08000f32                DebugMon_Handler
 .text.PendSV_Handler
                0x08000f40        0xe ./Core/Src/stm32f4xx_it.o
                0x08000f40                PendSV_Handler
 .text.SysTick_Handler
                0x08000f4e        0xc ./Core/Src/stm32f4xx_it.o
                0x08000f4e                SysTick_Handler
 *fill*         0x08000f5a        0x2 
 .text.TIM3_IRQHandler
                0x08000f5c       0x14 ./Core/Src/stm32f4xx_it.o
                0x08000f5c                TIM3_IRQHandler
 .text.TIM4_IRQHandler
                0x08000f70       0x14 ./Core/Src/stm32f4xx_it.o
                0x08000f70                TIM4_IRQHandler
 .text.USART1_IRQHandler
                0x08000f84       0x14 ./Core/Src/stm32f4xx_it.o
                0x08000f84                USART1_IRQHandler
 .text.EXTI15_10_IRQHandler
                0x08000f98       0x10 ./Core/Src/stm32f4xx_it.o
                0x08000f98                EXTI15_10_IRQHandler
 .text.DMA2_Stream0_IRQHandler
                0x08000fa8       0x14 ./Core/Src/stm32f4xx_it.o
                0x08000fa8                DMA2_Stream0_IRQHandler
 .text.DMA2_Stream2_IRQHandler
                0x08000fbc       0x14 ./Core/Src/stm32f4xx_it.o
                0x08000fbc                DMA2_Stream2_IRQHandler
 .text.DMA2_Stream4_IRQHandler
                0x08000fd0       0x14 ./Core/Src/stm32f4xx_it.o
                0x08000fd0                DMA2_Stream4_IRQHandler
 .text.DMA2_Stream7_IRQHandler
                0x08000fe4       0x14 ./Core/Src/stm32f4xx_it.o
                0x08000fe4                DMA2_Stream7_IRQHandler
 .text._sbrk    0x08000ff8       0x6c ./Core/Src/sysmem.o
                0x08000ff8                _sbrk
 .text.SystemInit
                0x08001064       0x24 ./Core/Src/system_stm32f4xx.o
                0x08001064                SystemInit
 .text.MX_TIM3_Init
                0x08001088       0x9c ./Core/Src/tim.o
                0x08001088                MX_TIM3_Init
 .text.MX_TIM4_Init
                0x08001124       0x9c ./Core/Src/tim.o
                0x08001124                MX_TIM4_Init
 .text.HAL_TIM_Base_MspInit
                0x080011c0       0x8c ./Core/Src/tim.o
                0x080011c0                HAL_TIM_Base_MspInit
 .text.MX_USART1_UART_Init
                0x0800124c       0x54 ./Core/Src/usart.o
                0x0800124c                MX_USART1_UART_Init
 .text.HAL_UART_MspInit
                0x080012a0      0x17c ./Core/Src/usart.o
                0x080012a0                HAL_UART_MspInit
 .text.Reset_Handler
                0x0800141c       0x50 ./Core/Startup/startup_stm32f429igtx.o
                0x0800141c                Reset_Handler
 .text.Default_Handler
                0x0800146c        0x2 ./Core/Startup/startup_stm32f429igtx.o
                0x0800146c                RTC_Alarm_IRQHandler
                0x0800146c                HASH_RNG_IRQHandler
                0x0800146c                EXTI2_IRQHandler
                0x0800146c                TIM8_CC_IRQHandler
                0x0800146c                UART8_IRQHandler
                0x0800146c                SPI4_IRQHandler
                0x0800146c                TIM1_CC_IRQHandler
                0x0800146c                DMA2_Stream5_IRQHandler
                0x0800146c                DMA1_Stream5_IRQHandler
                0x0800146c                PVD_IRQHandler
                0x0800146c                SDIO_IRQHandler
                0x0800146c                TAMP_STAMP_IRQHandler
                0x0800146c                CAN2_RX1_IRQHandler
                0x0800146c                EXTI3_IRQHandler
                0x0800146c                TIM8_TRG_COM_TIM14_IRQHandler
                0x0800146c                TIM1_UP_TIM10_IRQHandler
                0x0800146c                TIM8_UP_TIM13_IRQHandler
                0x0800146c                I2C3_ER_IRQHandler
                0x0800146c                EXTI0_IRQHandler
                0x0800146c                I2C2_EV_IRQHandler
                0x0800146c                DMA1_Stream2_IRQHandler
                0x0800146c                CAN1_RX0_IRQHandler
                0x0800146c                FPU_IRQHandler
                0x0800146c                OTG_HS_WKUP_IRQHandler
                0x0800146c                LTDC_ER_IRQHandler
                0x0800146c                CAN2_SCE_IRQHandler
                0x0800146c                SPI1_IRQHandler
                0x0800146c                TIM6_DAC_IRQHandler
                0x0800146c                TIM1_BRK_TIM9_IRQHandler
                0x0800146c                DCMI_IRQHandler
                0x0800146c                CAN2_RX0_IRQHandler
                0x0800146c                DMA2_Stream3_IRQHandler
                0x0800146c                USART6_IRQHandler
                0x0800146c                USART3_IRQHandler
                0x0800146c                CAN1_RX1_IRQHandler
                0x0800146c                UART5_IRQHandler
                0x0800146c                I2C1_EV_IRQHandler
                0x0800146c                DMA1_Stream6_IRQHandler
                0x0800146c                DMA1_Stream1_IRQHandler
                0x0800146c                UART4_IRQHandler
                0x0800146c                RCC_IRQHandler
                0x0800146c                TIM8_BRK_TIM12_IRQHandler
                0x0800146c                Default_Handler
                0x0800146c                ADC_IRQHandler
                0x0800146c                DMA1_Stream7_IRQHandler
                0x0800146c                SPI5_IRQHandler
                0x0800146c                TIM7_IRQHandler
                0x0800146c                CAN2_TX_IRQHandler
                0x0800146c                TIM5_IRQHandler
                0x0800146c                I2C3_EV_IRQHandler
                0x0800146c                EXTI9_5_IRQHandler
                0x0800146c                RTC_WKUP_IRQHandler
                0x0800146c                LTDC_IRQHandler
                0x0800146c                ETH_WKUP_IRQHandler
                0x0800146c                SPI2_IRQHandler
                0x0800146c                OTG_HS_EP1_IN_IRQHandler
                0x0800146c                DMA1_Stream0_IRQHandler
                0x0800146c                CAN1_TX_IRQHandler
                0x0800146c                EXTI4_IRQHandler
                0x0800146c                ETH_IRQHandler
                0x0800146c                OTG_HS_EP1_OUT_IRQHandler
                0x0800146c                WWDG_IRQHandler
                0x0800146c                SPI6_IRQHandler
                0x0800146c                TIM2_IRQHandler
                0x0800146c                OTG_FS_WKUP_IRQHandler
                0x0800146c                TIM1_TRG_COM_TIM11_IRQHandler
                0x0800146c                OTG_HS_IRQHandler
                0x0800146c                DMA2D_IRQHandler
                0x0800146c                EXTI1_IRQHandler
                0x0800146c                UART7_IRQHandler
                0x0800146c                USART2_IRQHandler
                0x0800146c                I2C2_ER_IRQHandler
                0x0800146c                DMA2_Stream1_IRQHandler
                0x0800146c                CAN1_SCE_IRQHandler
                0x0800146c                FLASH_IRQHandler
                0x0800146c                OTG_FS_IRQHandler
                0x0800146c                SPI3_IRQHandler
                0x0800146c                DMA1_Stream4_IRQHandler
                0x0800146c                I2C1_ER_IRQHandler
                0x0800146c                FMC_IRQHandler
                0x0800146c                DMA2_Stream6_IRQHandler
                0x0800146c                SAI1_IRQHandler
                0x0800146c                DMA1_Stream3_IRQHandler
 *fill*         0x0800146e        0x2 
 .text.HAL_Init
                0x08001470       0x44 ./Drivers/STM32F4xx_HAL_Driver/Src/stm32f4xx_hal.o
                0x08001470                HAL_Init
 .text.HAL_InitTick
                0x080014b4       0x60 ./Drivers/STM32F4xx_HAL_Driver/Src/stm32f4xx_hal.o
                0x080014b4                HAL_InitTick
 .text.HAL_IncTick
                0x08001514       0x28 ./Drivers/STM32F4xx_HAL_Driver/Src/stm32f4xx_hal.o
                0x08001514                HAL_IncTick
 .text.HAL_GetTick
                0x0800153c       0x18 ./Drivers/STM32F4xx_HAL_Driver/Src/stm32f4xx_hal.o
                0x0800153c                HAL_GetTick
 .text.HAL_ADC_Init
                0x08001554       0x86 ./Drivers/STM32F4xx_HAL_Driver/Src/stm32f4xx_hal_adc.o
                0x08001554                HAL_ADC_Init
 *fill*         0x080015da        0x2 
 .text.HAL_ADC_Start_DMA
                0x080015dc      0x220 ./Drivers/STM32F4xx_HAL_Driver/Src/stm32f4xx_hal_adc.o
                0x080015dc                HAL_ADC_Start_DMA
 .text.HAL_ADC_ConvHalfCpltCallback
                0x080017fc       0x14 ./Drivers/STM32F4xx_HAL_Driver/Src/stm32f4xx_hal_adc.o
                0x080017fc                HAL_ADC_ConvHalfCpltCallback
 .text.HAL_ADC_ErrorCallback
                0x08001810       0x14 ./Drivers/STM32F4xx_HAL_Driver/Src/stm32f4xx_hal_adc.o
                0x08001810                HAL_ADC_ErrorCallback
 .text.HAL_ADC_ConfigChannel
                0x08001824      0x264 ./Drivers/STM32F4xx_HAL_Driver/Src/stm32f4xx_hal_adc.o
                0x08001824                HAL_ADC_ConfigChannel
 .text.ADC_Init
                0x08001a88      0x1f8 ./Drivers/STM32F4xx_HAL_Driver/Src/stm32f4xx_hal_adc.o
 .text.ADC_DMAConvCplt
                0x08001c80       0xba ./Drivers/STM32F4xx_HAL_Driver/Src/stm32f4xx_hal_adc.o
 .text.ADC_DMAHalfConvCplt
                0x08001d3a       0x1c ./Drivers/STM32F4xx_HAL_Driver/Src/stm32f4xx_hal_adc.o
 .text.ADC_DMAError
                0x08001d56       0x2e ./Drivers/STM32F4xx_HAL_Driver/Src/stm32f4xx_hal_adc.o
 .text.__NVIC_SetPriorityGrouping
                0x08001d84       0x48 ./Drivers/STM32F4xx_HAL_Driver/Src/stm32f4xx_hal_cortex.o
 .text.__NVIC_GetPriorityGrouping
                0x08001dcc       0x1c ./Drivers/STM32F4xx_HAL_Driver/Src/stm32f4xx_hal_cortex.o
 .text.__NVIC_EnableIRQ
                0x08001de8       0x3c ./Drivers/STM32F4xx_HAL_Driver/Src/stm32f4xx_hal_cortex.o
 .text.__NVIC_SetPriority
                0x08001e24       0x54 ./Drivers/STM32F4xx_HAL_Driver/Src/stm32f4xx_hal_cortex.o
 .text.NVIC_EncodePriority
                0x08001e78       0x66 ./Drivers/STM32F4xx_HAL_Driver/Src/stm32f4xx_hal_cortex.o
 *fill*         0x08001ede        0x2 
 .text.SysTick_Config
                0x08001ee0       0x44 ./Drivers/STM32F4xx_HAL_Driver/Src/stm32f4xx_hal_cortex.o
 .text.HAL_NVIC_SetPriorityGrouping
                0x08001f24       0x16 ./Drivers/STM32F4xx_HAL_Driver/Src/stm32f4xx_hal_cortex.o
                0x08001f24                HAL_NVIC_SetPriorityGrouping
 .text.HAL_NVIC_SetPriority
                0x08001f3a       0x38 ./Drivers/STM32F4xx_HAL_Driver/Src/stm32f4xx_hal_cortex.o
                0x08001f3a                HAL_NVIC_SetPriority
 .text.HAL_NVIC_EnableIRQ
                0x08001f72       0x1c ./Drivers/STM32F4xx_HAL_Driver/Src/stm32f4xx_hal_cortex.o
                0x08001f72                HAL_NVIC_EnableIRQ
 .text.HAL_SYSTICK_Config
                0x08001f8e       0x18 ./Drivers/STM32F4xx_HAL_Driver/Src/stm32f4xx_hal_cortex.o
                0x08001f8e                HAL_SYSTICK_Config
 *fill*         0x08001fa6        0x2 
 .text.HAL_DMA_Init
                0x08001fa8      0x15c ./Drivers/STM32F4xx_HAL_Driver/Src/stm32f4xx_hal_dma.o
                0x08001fa8                HAL_DMA_Init
 .text.HAL_DMA_Start_IT
                0x08002104       0xb0 ./Drivers/STM32F4xx_HAL_Driver/Src/stm32f4xx_hal_dma.o
                0x08002104                HAL_DMA_Start_IT
 .text.HAL_DMA_Abort
                0x080021b4       0xe0 ./Drivers/STM32F4xx_HAL_Driver/Src/stm32f4xx_hal_dma.o
                0x080021b4                HAL_DMA_Abort
 .text.HAL_DMA_Abort_IT
                0x08002294       0x44 ./Drivers/STM32F4xx_HAL_Driver/Src/stm32f4xx_hal_dma.o
                0x08002294                HAL_DMA_Abort_IT
 .text.HAL_DMA_IRQHandler
                0x080022d8      0x314 ./Drivers/STM32F4xx_HAL_Driver/Src/stm32f4xx_hal_dma.o
                0x080022d8                HAL_DMA_IRQHandler
 .text.DMA_SetConfig
                0x080025ec       0x5c ./Drivers/STM32F4xx_HAL_Driver/Src/stm32f4xx_hal_dma.o
 .text.DMA_CalcBaseAndBitshift
                0x08002648       0x6c ./Drivers/STM32F4xx_HAL_Driver/Src/stm32f4xx_hal_dma.o
 .text.DMA_CheckFifoParam
                0x080026b4       0xf8 ./Drivers/STM32F4xx_HAL_Driver/Src/stm32f4xx_hal_dma.o
 .text.HAL_GPIO_Init
                0x080027ac      0x358 ./Drivers/STM32F4xx_HAL_Driver/Src/stm32f4xx_hal_gpio.o
                0x080027ac                HAL_GPIO_Init
 .text.HAL_GPIO_WritePin
                0x08002b04       0x32 ./Drivers/STM32F4xx_HAL_Driver/Src/stm32f4xx_hal_gpio.o
                0x08002b04                HAL_GPIO_WritePin
 .text.HAL_GPIO_TogglePin
                0x08002b36       0x34 ./Drivers/STM32F4xx_HAL_Driver/Src/stm32f4xx_hal_gpio.o
                0x08002b36                HAL_GPIO_TogglePin
 *fill*         0x08002b6a        0x2 
 .text.HAL_GPIO_EXTI_IRQHandler
                0x08002b6c       0x30 ./Drivers/STM32F4xx_HAL_Driver/Src/stm32f4xx_hal_gpio.o
                0x08002b6c                HAL_GPIO_EXTI_IRQHandler
 .text.HAL_PWREx_EnableOverDrive
                0x08002b9c       0xa0 ./Drivers/STM32F4xx_HAL_Driver/Src/stm32f4xx_hal_pwr_ex.o
                0x08002b9c                HAL_PWREx_EnableOverDrive
 .text.HAL_RCC_OscConfig
                0x08002c3c      0x4f0 ./Drivers/STM32F4xx_HAL_Driver/Src/stm32f4xx_hal_rcc.o
                0x08002c3c                HAL_RCC_OscConfig
 .text.HAL_RCC_ClockConfig
                0x0800312c      0x1cc ./Drivers/STM32F4xx_HAL_Driver/Src/stm32f4xx_hal_rcc.o
                0x0800312c                HAL_RCC_ClockConfig
 .text.HAL_RCC_GetSysClockFreq
                0x080032f8      0x18c ./Drivers/STM32F4xx_HAL_Driver/Src/stm32f4xx_hal_rcc.o
                0x080032f8                HAL_RCC_GetSysClockFreq
 .text.HAL_RCC_GetHCLKFreq
                0x08003484       0x18 ./Drivers/STM32F4xx_HAL_Driver/Src/stm32f4xx_hal_rcc.o
                0x08003484                HAL_RCC_GetHCLKFreq
 .text.HAL_RCC_GetPCLK1Freq
                0x0800349c       0x28 ./Drivers/STM32F4xx_HAL_Driver/Src/stm32f4xx_hal_rcc.o
                0x0800349c                HAL_RCC_GetPCLK1Freq
 .text.HAL_RCC_GetPCLK2Freq
                0x080034c4       0x28 ./Drivers/STM32F4xx_HAL_Driver/Src/stm32f4xx_hal_rcc.o
                0x080034c4                HAL_RCC_GetPCLK2Freq
 .text.HAL_TIM_Base_Init
                0x080034ec       0x9e ./Drivers/STM32F4xx_HAL_Driver/Src/stm32f4xx_hal_tim.o
                0x080034ec                HAL_TIM_Base_Init
 *fill*         0x0800358a        0x2 
 .text.HAL_TIM_Base_Start_IT
                0x0800358c       0xe0 ./Drivers/STM32F4xx_HAL_Driver/Src/stm32f4xx_hal_tim.o
                0x0800358c                HAL_TIM_Base_Start_IT
 .text.HAL_TIM_IRQHandler
                0x0800366c      0x1e0 ./Drivers/STM32F4xx_HAL_Driver/Src/stm32f4xx_hal_tim.o
                0x0800366c                HAL_TIM_IRQHandler
 .text.HAL_TIM_ConfigClockSource
                0x0800384c      0x18e ./Drivers/STM32F4xx_HAL_Driver/Src/stm32f4xx_hal_tim.o
                0x0800384c                HAL_TIM_ConfigClockSource
 .text.HAL_TIM_OC_DelayElapsedCallback
                0x080039da       0x14 ./Drivers/STM32F4xx_HAL_Driver/Src/stm32f4xx_hal_tim.o
                0x080039da                HAL_TIM_OC_DelayElapsedCallback
 .text.HAL_TIM_IC_CaptureCallback
                0x080039ee       0x14 ./Drivers/STM32F4xx_HAL_Driver/Src/stm32f4xx_hal_tim.o
                0x080039ee                HAL_TIM_IC_CaptureCallback
 .text.HAL_TIM_PWM_PulseFinishedCallback
                0x08003a02       0x14 ./Drivers/STM32F4xx_HAL_Driver/Src/stm32f4xx_hal_tim.o
                0x08003a02                HAL_TIM_PWM_PulseFinishedCallback
 .text.HAL_TIM_TriggerCallback
                0x08003a16       0x14 ./Drivers/STM32F4xx_HAL_Driver/Src/stm32f4xx_hal_tim.o
                0x08003a16                HAL_TIM_TriggerCallback
 *fill*         0x08003a2a        0x2 
 .text.TIM_Base_SetConfig
                0x08003a2c      0x158 ./Drivers/STM32F4xx_HAL_Driver/Src/stm32f4xx_hal_tim.o
                0x08003a2c                TIM_Base_SetConfig
 .text.TIM_TI1_ConfigInputStage
                0x08003b84       0x5e ./Drivers/STM32F4xx_HAL_Driver/Src/stm32f4xx_hal_tim.o
 .text.TIM_TI2_ConfigInputStage
                0x08003be2       0x60 ./Drivers/STM32F4xx_HAL_Driver/Src/stm32f4xx_hal_tim.o
 .text.TIM_ITRx_SetConfig
                0x08003c42       0x36 ./Drivers/STM32F4xx_HAL_Driver/Src/stm32f4xx_hal_tim.o
 .text.TIM_ETR_SetConfig
                0x08003c78       0x40 ./Drivers/STM32F4xx_HAL_Driver/Src/stm32f4xx_hal_tim.o
                0x08003c78                TIM_ETR_SetConfig
 .text.HAL_TIMEx_MasterConfigSynchronization
                0x08003cb8       0xf8 ./Drivers/STM32F4xx_HAL_Driver/Src/stm32f4xx_hal_tim_ex.o
                0x08003cb8                HAL_TIMEx_MasterConfigSynchronization
 .text.HAL_TIMEx_CommutCallback
                0x08003db0       0x14 ./Drivers/STM32F4xx_HAL_Driver/Src/stm32f4xx_hal_tim_ex.o
                0x08003db0                HAL_TIMEx_CommutCallback
 .text.HAL_TIMEx_BreakCallback
                0x08003dc4       0x14 ./Drivers/STM32F4xx_HAL_Driver/Src/stm32f4xx_hal_tim_ex.o
                0x08003dc4                HAL_TIMEx_BreakCallback
 .text.HAL_UART_Init
                0x08003dd8       0xa0 ./Drivers/STM32F4xx_HAL_Driver/Src/stm32f4xx_hal_uart.o
                0x08003dd8                HAL_UART_Init
 .text.HAL_UART_Transmit_DMA
                0x08003e78       0xe0 ./Drivers/STM32F4xx_HAL_Driver/Src/stm32f4xx_hal_uart.o
                0x08003e78                HAL_UART_Transmit_DMA
 .text.HAL_UARTEx_ReceiveToIdle_DMA
                0x08003f58       0xba ./Drivers/STM32F4xx_HAL_Driver/Src/stm32f4xx_hal_uart.o
                0x08003f58                HAL_UARTEx_ReceiveToIdle_DMA
 *fill*         0x08004012        0x2 
 .text.HAL_UART_IRQHandler
                0x08004014      0x524 ./Drivers/STM32F4xx_HAL_Driver/Src/stm32f4xx_hal_uart.o
                0x08004014                HAL_UART_IRQHandler
 .text.HAL_UART_TxHalfCpltCallback
                0x08004538       0x14 ./Drivers/STM32F4xx_HAL_Driver/Src/stm32f4xx_hal_uart.o
                0x08004538                HAL_UART_TxHalfCpltCallback
 .text.HAL_UART_RxHalfCpltCallback
                0x0800454c       0x14 ./Drivers/STM32F4xx_HAL_Driver/Src/stm32f4xx_hal_uart.o
                0x0800454c                HAL_UART_RxHalfCpltCallback
 .text.HAL_UART_ErrorCallback
                0x08004560       0x14 ./Drivers/STM32F4xx_HAL_Driver/Src/stm32f4xx_hal_uart.o
                0x08004560                HAL_UART_ErrorCallback
 .text.UART_DMATransmitCplt
                0x08004574       0x9a ./Drivers/STM32F4xx_HAL_Driver/Src/stm32f4xx_hal_uart.o
 .text.UART_DMATxHalfCplt
                0x0800460e       0x1c ./Drivers/STM32F4xx_HAL_Driver/Src/stm32f4xx_hal_uart.o
 .text.UART_DMAReceiveCplt
                0x0800462a      0x12c ./Drivers/STM32F4xx_HAL_Driver/Src/stm32f4xx_hal_uart.o
 .text.UART_DMARxHalfCplt
                0x08004756       0x3c ./Drivers/STM32F4xx_HAL_Driver/Src/stm32f4xx_hal_uart.o
 .text.UART_DMAError
                0x08004792       0x94 ./Drivers/STM32F4xx_HAL_Driver/Src/stm32f4xx_hal_uart.o
 *fill*         0x08004826        0x2 
 .text.UART_Start_Receive_DMA
                0x08004828      0x134 ./Drivers/STM32F4xx_HAL_Driver/Src/stm32f4xx_hal_uart.o
                0x08004828                UART_Start_Receive_DMA
 .text.UART_EndTxTransfer
                0x0800495c       0x50 ./Drivers/STM32F4xx_HAL_Driver/Src/stm32f4xx_hal_uart.o
 .text.UART_EndRxTransfer
                0x080049ac       0xc6 ./Drivers/STM32F4xx_HAL_Driver/Src/stm32f4xx_hal_uart.o
 .text.UART_DMAAbortOnError
                0x08004a72       0x28 ./Drivers/STM32F4xx_HAL_Driver/Src/stm32f4xx_hal_uart.o
 .text.UART_Transmit_IT
                0x08004a9a       0xa0 ./Drivers/STM32F4xx_HAL_Driver/Src/stm32f4xx_hal_uart.o
 .text.UART_EndTransmit_IT
                0x08004b3a       0x30 ./Drivers/STM32F4xx_HAL_Driver/Src/stm32f4xx_hal_uart.o
 .text.UART_Receive_IT
                0x08004b6a      0x17c ./Drivers/STM32F4xx_HAL_Driver/Src/stm32f4xx_hal_uart.o
 *fill*         0x08004ce6        0x2 
 .text.UART_SetConfig
                0x08004ce8      0x4e8 ./Drivers/STM32F4xx_HAL_Driver/Src/stm32f4xx_hal_uart.o
 .text.snprintf
                0x080051d0       0x68 C:/ST/STM32CubeIDE_1.17.0/STM32CubeIDE/plugins/com.st.stm32cube.ide.mcu.externaltools.gnu-tools-for-stm32.12.3.rel1.win32_1.1.0.202410251130/tools/bin/../lib/gcc/arm-none-eabi/12.3.1/../../../../arm-none-eabi/lib/thumb/v7e-m+fp/hard\libc_nano.a(libc_a-snprintf.o)
                0x080051d0                sniprintf
                0x080051d0                snprintf
 .text._vsnprintf_r
                0x08005238       0x56 C:/ST/STM32CubeIDE_1.17.0/STM32CubeIDE/plugins/com.st.stm32cube.ide.mcu.externaltools.gnu-tools-for-stm32.12.3.rel1.win32_1.1.0.202410251130/tools/bin/../lib/gcc/arm-none-eabi/12.3.1/../../../../arm-none-eabi/lib/thumb/v7e-m+fp/hard\libc_nano.a(libc_a-vsnprintf.o)
                0x08005238                _vsniprintf_r
                0x08005238                _vsnprintf_r
 *fill*         0x0800528e        0x2 
 .text.vsnprintf
                0x08005290       0x1c C:/ST/STM32CubeIDE_1.17.0/STM32CubeIDE/plugins/com.st.stm32cube.ide.mcu.externaltools.gnu-tools-for-stm32.12.3.rel1.win32_1.1.0.202410251130/tools/bin/../lib/gcc/arm-none-eabi/12.3.1/../../../../arm-none-eabi/lib/thumb/v7e-m+fp/hard\libc_nano.a(libc_a-vsnprintf.o)
                0x08005290                vsniprintf
                0x08005290                vsnprintf
 .text.memset   0x080052ac       0x10 C:/ST/STM32CubeIDE_1.17.0/STM32CubeIDE/plugins/com.st.stm32cube.ide.mcu.externaltools.gnu-tools-for-stm32.12.3.rel1.win32_1.1.0.202410251130/tools/bin/../lib/gcc/arm-none-eabi/12.3.1/../../../../arm-none-eabi/lib/thumb/v7e-m+fp/hard\libc_nano.a(libc_a-memset.o)
                0x080052ac                memset
 .text.__errno  0x080052bc        0xc C:/ST/STM32CubeIDE_1.17.0/STM32CubeIDE/plugins/com.st.stm32cube.ide.mcu.externaltools.gnu-tools-for-stm32.12.3.rel1.win32_1.1.0.202410251130/tools/bin/../lib/gcc/arm-none-eabi/12.3.1/../../../../arm-none-eabi/lib/thumb/v7e-m+fp/hard\libc_nano.a(libc_a-errno.o)
                0x080052bc                __errno
 .text.__libc_init_array
                0x080052c8       0x48 C:/ST/STM32CubeIDE_1.17.0/STM32CubeIDE/plugins/com.st.stm32cube.ide.mcu.externaltools.gnu-tools-for-stm32.12.3.rel1.win32_1.1.0.202410251130/tools/bin/../lib/gcc/arm-none-eabi/12.3.1/../../../../arm-none-eabi/lib/thumb/v7e-m+fp/hard\libc_nano.a(libc_a-init.o)
                0x080052c8                __libc_init_array
 .text.__retarget_lock_acquire_recursive
                0x08005310        0x2 C:/ST/STM32CubeIDE_1.17.0/STM32CubeIDE/plugins/com.st.stm32cube.ide.mcu.externaltools.gnu-tools-for-stm32.12.3.rel1.win32_1.1.0.202410251130/tools/bin/../lib/gcc/arm-none-eabi/12.3.1/../../../../arm-none-eabi/lib/thumb/v7e-m+fp/hard\libc_nano.a(libc_a-lock.o)
                0x08005310                __retarget_lock_acquire_recursive
 .text.__retarget_lock_release_recursive
                0x08005312        0x2 C:/ST/STM32CubeIDE_1.17.0/STM32CubeIDE/plugins/com.st.stm32cube.ide.mcu.externaltools.gnu-tools-for-stm32.12.3.rel1.win32_1.1.0.202410251130/tools/bin/../lib/gcc/arm-none-eabi/12.3.1/../../../../arm-none-eabi/lib/thumb/v7e-m+fp/hard\libc_nano.a(libc_a-lock.o)
                0x08005312                __retarget_lock_release_recursive
 .text._free_r  0x08005314       0x94 C:/ST/STM32CubeIDE_1.17.0/STM32CubeIDE/plugins/com.st.stm32cube.ide.mcu.externaltools.gnu-tools-for-stm32.12.3.rel1.win32_1.1.0.202410251130/tools/bin/../lib/gcc/arm-none-eabi/12.3.1/../../../../arm-none-eabi/lib/thumb/v7e-m+fp/hard\libc_nano.a(libc_a-freer.o)
                0x08005314                _free_r
 .text.sbrk_aligned
                0x080053a8       0x44 C:/ST/STM32CubeIDE_1.17.0/STM32CubeIDE/plugins/com.st.stm32cube.ide.mcu.externaltools.gnu-tools-for-stm32.12.3.rel1.win32_1.1.0.202410251130/tools/bin/../lib/gcc/arm-none-eabi/12.3.1/../../../../arm-none-eabi/lib/thumb/v7e-m+fp/hard\libc_nano.a(libc_a-mallocr.o)
 .text._malloc_r
                0x080053ec      0x100 C:/ST/STM32CubeIDE_1.17.0/STM32CubeIDE/plugins/com.st.stm32cube.ide.mcu.externaltools.gnu-tools-for-stm32.12.3.rel1.win32_1.1.0.202410251130/tools/bin/../lib/gcc/arm-none-eabi/12.3.1/../../../../arm-none-eabi/lib/thumb/v7e-m+fp/hard\libc_nano.a(libc_a-mallocr.o)
                0x080053ec                _malloc_r
 .text.__malloc_lock
                0x080054ec        0xc C:/ST/STM32CubeIDE_1.17.0/STM32CubeIDE/plugins/com.st.stm32cube.ide.mcu.externaltools.gnu-tools-for-stm32.12.3.rel1.win32_1.1.0.202410251130/tools/bin/../lib/gcc/arm-none-eabi/12.3.1/../../../../arm-none-eabi/lib/thumb/v7e-m+fp/hard\libc_nano.a(libc_a-mlock.o)
                0x080054ec                __malloc_lock
 .text.__malloc_unlock
                0x080054f8        0xc C:/ST/STM32CubeIDE_1.17.0/STM32CubeIDE/plugins/com.st.stm32cube.ide.mcu.externaltools.gnu-tools-for-stm32.12.3.rel1.win32_1.1.0.202410251130/tools/bin/../lib/gcc/arm-none-eabi/12.3.1/../../../../arm-none-eabi/lib/thumb/v7e-m+fp/hard\libc_nano.a(libc_a-mlock.o)
                0x080054f8                __malloc_unlock
 .text.__ssputs_r
                0x08005504       0xb6 C:/ST/STM32CubeIDE_1.17.0/STM32CubeIDE/plugins/com.st.stm32cube.ide.mcu.externaltools.gnu-tools-for-stm32.12.3.rel1.win32_1.1.0.202410251130/tools/bin/../lib/gcc/arm-none-eabi/12.3.1/../../../../arm-none-eabi/lib/thumb/v7e-m+fp/hard\libc_nano.a(libc_a-nano-svfprintf.o)
                0x08005504                __ssputs_r
 *fill*         0x080055ba        0x2 
 .text._svfprintf_r
                0x080055bc      0x1f8 C:/ST/STM32CubeIDE_1.17.0/STM32CubeIDE/plugins/com.st.stm32cube.ide.mcu.externaltools.gnu-tools-for-stm32.12.3.rel1.win32_1.1.0.202410251130/tools/bin/../lib/gcc/arm-none-eabi/12.3.1/../../../../arm-none-eabi/lib/thumb/v7e-m+fp/hard\libc_nano.a(libc_a-nano-svfprintf.o)
                0x080055bc                _svfiprintf_r
                0x080055bc                _svfprintf_r
 .text._printf_common
                0x080057b4       0xda C:/ST/STM32CubeIDE_1.17.0/STM32CubeIDE/plugins/com.st.stm32cube.ide.mcu.externaltools.gnu-tools-for-stm32.12.3.rel1.win32_1.1.0.202410251130/tools/bin/../lib/gcc/arm-none-eabi/12.3.1/../../../../arm-none-eabi/lib/thumb/v7e-m+fp/hard\libc_nano.a(libc_a-nano-vfprintf_i.o)
                0x080057b4                _printf_common
 *fill*         0x0800588e        0x2 
 .text._printf_i
                0x08005890      0x240 C:/ST/STM32CubeIDE_1.17.0/STM32CubeIDE/plugins/com.st.stm32cube.ide.mcu.externaltools.gnu-tools-for-stm32.12.3.rel1.win32_1.1.0.202410251130/tools/bin/../lib/gcc/arm-none-eabi/12.3.1/../../../../arm-none-eabi/lib/thumb/v7e-m+fp/hard\libc_nano.a(libc_a-nano-vfprintf_i.o)
                0x08005890                _printf_i
 .text.memmove  0x08005ad0       0x34 C:/ST/STM32CubeIDE_1.17.0/STM32CubeIDE/plugins/com.st.stm32cube.ide.mcu.externaltools.gnu-tools-for-stm32.12.3.rel1.win32_1.1.0.202410251130/tools/bin/../lib/gcc/arm-none-eabi/12.3.1/../../../../arm-none-eabi/lib/thumb/v7e-m+fp/hard\libc_nano.a(libc_a-memmove.o)
                0x08005ad0                memmove
 .text._sbrk_r  0x08005b04       0x20 C:/ST/STM32CubeIDE_1.17.0/STM32CubeIDE/plugins/com.st.stm32cube.ide.mcu.externaltools.gnu-tools-for-stm32.12.3.rel1.win32_1.1.0.202410251130/tools/bin/../lib/gcc/arm-none-eabi/12.3.1/../../../../arm-none-eabi/lib/thumb/v7e-m+fp/hard\libc_nano.a(libc_a-sbrkr.o)
                0x08005b04                _sbrk_r
 .text.memcpy   0x08005b24       0x1c C:/ST/STM32CubeIDE_1.17.0/STM32CubeIDE/plugins/com.st.stm32cube.ide.mcu.externaltools.gnu-tools-for-stm32.12.3.rel1.win32_1.1.0.202410251130/tools/bin/../lib/gcc/arm-none-eabi/12.3.1/../../../../arm-none-eabi/lib/thumb/v7e-m+fp/hard\libc_nano.a(libc_a-memcpy-stub.o)
                0x08005b24                memcpy
 .text._realloc_r
                0x08005b40       0x5c C:/ST/STM32CubeIDE_1.17.0/STM32CubeIDE/plugins/com.st.stm32cube.ide.mcu.externaltools.gnu-tools-for-stm32.12.3.rel1.win32_1.1.0.202410251130/tools/bin/../lib/gcc/arm-none-eabi/12.3.1/../../../../arm-none-eabi/lib/thumb/v7e-m+fp/hard\libc_nano.a(libc_a-reallocr.o)
                0x08005b40                _realloc_r
 .text._malloc_usable_size_r
                0x08005b9c       0x10 C:/ST/STM32CubeIDE_1.17.0/STM32CubeIDE/plugins/com.st.stm32cube.ide.mcu.externaltools.gnu-tools-for-stm32.12.3.rel1.win32_1.1.0.202410251130/tools/bin/../lib/gcc/arm-none-eabi/12.3.1/../../../../arm-none-eabi/lib/thumb/v7e-m+fp/hard\libc_nano.a(libc_a-msizer.o)
                0x08005b9c                _malloc_usable_size_r
 *(.glue_7)
 .glue_7        0x08005bac        0x0 linker stubs
 *(.glue_7t)
 .glue_7t       0x08005bac        0x0 linker stubs
 *(.eh_frame)
 .eh_frame      0x08005bac        0x0 C:/ST/STM32CubeIDE_1.17.0/STM32CubeIDE/plugins/com.st.stm32cube.ide.mcu.externaltools.gnu-tools-for-stm32.12.3.rel1.win32_1.1.0.202410251130/tools/bin/../lib/gcc/arm-none-eabi/12.3.1/thumb/v7e-m+fp/hard/crtbegin.o
 *(.init)
 .init          0x08005bac        0x4 C:/ST/STM32CubeIDE_1.17.0/STM32CubeIDE/plugins/com.st.stm32cube.ide.mcu.externaltools.gnu-tools-for-stm32.12.3.rel1.win32_1.1.0.202410251130/tools/bin/../lib/gcc/arm-none-eabi/12.3.1/thumb/v7e-m+fp/hard/crti.o
                0x08005bac                _init
 .init          0x08005bb0        0x8 C:/ST/STM32CubeIDE_1.17.0/STM32CubeIDE/plugins/com.st.stm32cube.ide.mcu.externaltools.gnu-tools-for-stm32.12.3.rel1.win32_1.1.0.202410251130/tools/bin/../lib/gcc/arm-none-eabi/12.3.1/thumb/v7e-m+fp/hard/crtn.o
 *(.fini)
 .fini          0x08005bb8        0x4 C:/ST/STM32CubeIDE_1.17.0/STM32CubeIDE/plugins/com.st.stm32cube.ide.mcu.externaltools.gnu-tools-for-stm32.12.3.rel1.win32_1.1.0.202410251130/tools/bin/../lib/gcc/arm-none-eabi/12.3.1/thumb/v7e-m+fp/hard/crti.o
                0x08005bb8                _fini
 .fini          0x08005bbc        0x8 C:/ST/STM32CubeIDE_1.17.0/STM32CubeIDE/plugins/com.st.stm32cube.ide.mcu.externaltools.gnu-tools-for-stm32.12.3.rel1.win32_1.1.0.202410251130/tools/bin/../lib/gcc/arm-none-eabi/12.3.1/thumb/v7e-m+fp/hard/crtn.o
                0x08005bc4                        . = ALIGN (0x4)
                0x08005bc4                        _etext = .

.vfp11_veneer   0x08005bc4        0x0
 .vfp11_veneer  0x08005bc4        0x0 linker stubs

.v4_bx          0x08005bc4        0x0
 .v4_bx         0x08005bc4        0x0 linker stubs

.iplt           0x08005bc4        0x0
 .iplt          0x08005bc4        0x0 C:/ST/STM32CubeIDE_1.17.0/STM32CubeIDE/plugins/com.st.stm32cube.ide.mcu.externaltools.gnu-tools-for-stm32.12.3.rel1.win32_1.1.0.202410251130/tools/bin/../lib/gcc/arm-none-eabi/12.3.1/thumb/v7e-m+fp/hard/crtbegin.o

.rodata         0x08005bc4      0x184
                0x08005bc4                        . = ALIGN (0x4)
 *(.rodata)
 .rodata        0x08005bc4       0x28 ./BSP/Src/bsp_adc.o
 .rodata        0x08005bec       0xfd ./BSP/Src/task_bsp.o
 *fill*         0x08005ce9        0x3 
 .rodata        0x08005cec        0x6 ./BSP/Src/tools_bsp.o
 *(.rodata*)
 *fill*         0x08005cf2        0x2 
 .rodata.AHBPrescTable
                0x08005cf4       0x10 ./Core/Src/system_stm32f4xx.o
                0x08005cf4                AHBPrescTable
 .rodata.APBPrescTable
                0x08005d04        0x8 ./Core/Src/system_stm32f4xx.o
                0x08005d04                APBPrescTable
 .rodata.flagBitshiftOffset.0
                0x08005d0c        0x8 ./Drivers/STM32F4xx_HAL_Driver/Src/stm32f4xx_hal_dma.o
 .rodata._svfprintf_r.str1.1
                0x08005d14       0x11 C:/ST/STM32CubeIDE_1.17.0/STM32CubeIDE/plugins/com.st.stm32cube.ide.mcu.externaltools.gnu-tools-for-stm32.12.3.rel1.win32_1.1.0.202410251130/tools/bin/../lib/gcc/arm-none-eabi/12.3.1/../../../../arm-none-eabi/lib/thumb/v7e-m+fp/hard\libc_nano.a(libc_a-nano-svfprintf.o)
 .rodata._printf_i.str1.1
                0x08005d25       0x22 C:/ST/STM32CubeIDE_1.17.0/STM32CubeIDE/plugins/com.st.stm32cube.ide.mcu.externaltools.gnu-tools-for-stm32.12.3.rel1.win32_1.1.0.202410251130/tools/bin/../lib/gcc/arm-none-eabi/12.3.1/../../../../arm-none-eabi/lib/thumb/v7e-m+fp/hard\libc_nano.a(libc_a-nano-vfprintf_i.o)
                0x08005d48                        . = ALIGN (0x4)
 *fill*         0x08005d47        0x1 

.ARM.extab      0x08005d48        0x0
                0x08005d48                        . = ALIGN (0x4)
 *(.ARM.extab* .gnu.linkonce.armextab.*)
                0x08005d48                        . = ALIGN (0x4)

.ARM            0x08005d48        0x8
                0x08005d48                        . = ALIGN (0x4)
                0x08005d48                        __exidx_start = .
 *(.ARM.exidx*)
 .ARM.exidx     0x08005d48        0x8 C:/ST/STM32CubeIDE_1.17.0/STM32CubeIDE/plugins/com.st.stm32cube.ide.mcu.externaltools.gnu-tools-for-stm32.12.3.rel1.win32_1.1.0.202410251130/tools/bin/../lib/gcc/arm-none-eabi/12.3.1/../../../../arm-none-eabi/lib/thumb/v7e-m+fp/hard\libc_nano.a(libc_a-memchr.o)
 .ARM.exidx     0x08005d50        0x0 C:/ST/STM32CubeIDE_1.17.0/STM32CubeIDE/plugins/com.st.stm32cube.ide.mcu.externaltools.gnu-tools-for-stm32.12.3.rel1.win32_1.1.0.202410251130/tools/bin/../lib/gcc/arm-none-eabi/12.3.1/thumb/v7e-m+fp/hard\libgcc.a(_udivmoddi4.o)
                                  0x8 (size before relaxing)
                0x08005d50                        __exidx_end = .
                0x08005d50                        . = ALIGN (0x4)

.preinit_array  0x08005d50        0x0
                0x08005d50                        . = ALIGN (0x4)
                0x08005d50                        PROVIDE (__preinit_array_start = .)
 *(.preinit_array*)
                0x08005d50                        PROVIDE (__preinit_array_end = .)
                0x08005d50                        . = ALIGN (0x4)

.init_array     0x08005d50        0x4
                0x08005d50                        . = ALIGN (0x4)
                0x08005d50                        PROVIDE (__init_array_start = .)
 *(SORT_BY_NAME(.init_array.*))
 *(.init_array*)
 .init_array    0x08005d50        0x4 C:/ST/STM32CubeIDE_1.17.0/STM32CubeIDE/plugins/com.st.stm32cube.ide.mcu.externaltools.gnu-tools-for-stm32.12.3.rel1.win32_1.1.0.202410251130/tools/bin/../lib/gcc/arm-none-eabi/12.3.1/thumb/v7e-m+fp/hard/crtbegin.o
                0x08005d54                        PROVIDE (__init_array_end = .)
                0x08005d54                        . = ALIGN (0x4)

.fini_array     0x08005d54        0x4
                0x08005d54                        . = ALIGN (0x4)
                [!provide]                        PROVIDE (__fini_array_start = .)
 *(SORT_BY_NAME(.fini_array.*))
 *(.fini_array*)
 .fini_array    0x08005d54        0x4 C:/ST/STM32CubeIDE_1.17.0/STM32CubeIDE/plugins/com.st.stm32cube.ide.mcu.externaltools.gnu-tools-for-stm32.12.3.rel1.win32_1.1.0.202410251130/tools/bin/../lib/gcc/arm-none-eabi/12.3.1/thumb/v7e-m+fp/hard/crtbegin.o
                [!provide]                        PROVIDE (__fini_array_end = .)
                0x08005d58                        . = ALIGN (0x4)
                0x08005d58                        _sidata = LOADADDR (.data)

.rel.dyn        0x08005d58        0x0
 .rel.iplt      0x08005d58        0x0 C:/ST/STM32CubeIDE_1.17.0/STM32CubeIDE/plugins/com.st.stm32cube.ide.mcu.externaltools.gnu-tools-for-stm32.12.3.rel1.win32_1.1.0.202410251130/tools/bin/../lib/gcc/arm-none-eabi/12.3.1/thumb/v7e-m+fp/hard/crtbegin.o

.data           0x20000000       0x60 load address 0x08005d58
                0x20000000                        . = ALIGN (0x4)
                0x20000000                        _sdata = .
 *(.data)
 *(.data*)
 .data.TxStatus
                0x20000000        0x1 ./BSP/Src/tools_bsp.o
                0x20000000                TxStatus
 *fill*         0x20000001        0x3 
 .data.SystemCoreClock
                0x20000004        0x4 ./Core/Src/system_stm32f4xx.o
                0x20000004                SystemCoreClock
 .data.uwTickPrio
                0x20000008        0x4 ./Drivers/STM32F4xx_HAL_Driver/Src/stm32f4xx_hal.o
                0x20000008                uwTickPrio
 .data.uwTickFreq
                0x2000000c        0x1 ./Drivers/STM32F4xx_HAL_Driver/Src/stm32f4xx_hal.o
                0x2000000c                uwTickFreq
 *fill*         0x2000000d        0x3 
 .data._impure_ptr
                0x20000010        0x4 C:/ST/STM32CubeIDE_1.17.0/STM32CubeIDE/plugins/com.st.stm32cube.ide.mcu.externaltools.gnu-tools-for-stm32.12.3.rel1.win32_1.1.0.202410251130/tools/bin/../lib/gcc/arm-none-eabi/12.3.1/../../../../arm-none-eabi/lib/thumb/v7e-m+fp/hard\libc_nano.a(libc_a-impure.o)
                0x20000010                _impure_ptr
 .data._impure_data
                0x20000014       0x4c C:/ST/STM32CubeIDE_1.17.0/STM32CubeIDE/plugins/com.st.stm32cube.ide.mcu.externaltools.gnu-tools-for-stm32.12.3.rel1.win32_1.1.0.202410251130/tools/bin/../lib/gcc/arm-none-eabi/12.3.1/../../../../arm-none-eabi/lib/thumb/v7e-m+fp/hard\libc_nano.a(libc_a-impure.o)
                0x20000014                _impure_data
 *(.RamFunc)
 *(.RamFunc*)
                0x20000060                        . = ALIGN (0x4)
                0x20000060                        _edata = .
                0x08005db8                        _siccmram = LOADADDR (.ccmram)

.igot.plt       0x20000060        0x0 load address 0x08005db8
 .igot.plt      0x20000060        0x0 C:/ST/STM32CubeIDE_1.17.0/STM32CubeIDE/plugins/com.st.stm32cube.ide.mcu.externaltools.gnu-tools-for-stm32.12.3.rel1.win32_1.1.0.202410251130/tools/bin/../lib/gcc/arm-none-eabi/12.3.1/thumb/v7e-m+fp/hard/crtbegin.o

.ccmram         0x10000000        0x0 load address 0x08005db8
                0x10000000                        . = ALIGN (0x4)
                0x10000000                        _sccmram = .
 *(.ccmram)
 *(.ccmram*)
                0x10000000                        . = ALIGN (0x4)
                0x10000000                        _eccmram = .
                0x10000000                        . = ALIGN (0x4)

.bss            0x20000060      0xc18
                0x20000060                        _sbss = .
                0x20000060                        __bss_start__ = _sbss
 *(.bss)
 .bss           0x20000060       0x1c C:/ST/STM32CubeIDE_1.17.0/STM32CubeIDE/plugins/com.st.stm32cube.ide.mcu.externaltools.gnu-tools-for-stm32.12.3.rel1.win32_1.1.0.202410251130/tools/bin/../lib/gcc/arm-none-eabi/12.3.1/thumb/v7e-m+fp/hard/crtbegin.o
 *(.bss*)
 .bss.AdcValueGroup
                0x2000007c        0x8 ./BSP/Src/bsp_adc.o
                0x2000007c                AdcValueGroup
 .bss.timestamp1ms
                0x20000084        0x4 ./BSP/Src/global_timer.o
                0x20000084                timestamp1ms
 .bss.timestamp1000ms
                0x20000088        0x4 ./BSP/Src/global_timer.o
                0x20000088                timestamp1000ms
 .bss.Task_Cmd  0x2000008c        0x4 ./BSP/Src/task_bsp.o
                0x2000008c                Task_Cmd
 .bss.TxMsg     0x20000090      0x100 ./BSP/Src/tools_bsp.o
                0x20000090                TxMsg
 .bss.RxMsg     0x20000190      0x100 ./BSP/Src/tools_bsp.o
                0x20000190                RxMsg
 .bss.msg_log   0x20000290      0x5ea ./BSP/Src/tools_bsp.o
                0x20000290                msg_log
 *fill*         0x2000087a        0x2 
 .bss.msg       0x2000087c        0xc ./BSP/Src/tools_bsp.o
                0x2000087c                msg
 .bss.hadc1     0x20000888       0x48 ./Core/Src/adc.o
                0x20000888                hadc1
 .bss.hdma_adc1
                0x200008d0       0x60 ./Core/Src/adc.o
                0x200008d0                hdma_adc1
 .bss.hdma_memtomem_dma2_stream0
                0x20000930       0x60 ./Core/Src/dma.o
                0x20000930                hdma_memtomem_dma2_stream0
 .bss.__sbrk_heap_end
                0x20000990        0x4 ./Core/Src/sysmem.o
 .bss.htim3     0x20000994       0x48 ./Core/Src/tim.o
                0x20000994                htim3
 .bss.htim4     0x200009dc       0x48 ./Core/Src/tim.o
                0x200009dc                htim4
 .bss.huart1    0x20000a24       0x48 ./Core/Src/usart.o
                0x20000a24                huart1
 .bss.hdma_usart1_rx
                0x20000a6c       0x60 ./Core/Src/usart.o
                0x20000a6c                hdma_usart1_rx
 .bss.hdma_usart1_tx
                0x20000acc       0x60 ./Core/Src/usart.o
                0x20000acc                hdma_usart1_tx
 .bss.uwTick    0x20000b2c        0x4 ./Drivers/STM32F4xx_HAL_Driver/Src/stm32f4xx_hal.o
                0x20000b2c                uwTick
 .bss.__sf      0x20000b30      0x138 C:/ST/STM32CubeIDE_1.17.0/STM32CubeIDE/plugins/com.st.stm32cube.ide.mcu.externaltools.gnu-tools-for-stm32.12.3.rel1.win32_1.1.0.202410251130/tools/bin/../lib/gcc/arm-none-eabi/12.3.1/../../../../arm-none-eabi/lib/thumb/v7e-m+fp/hard\libc_nano.a(libc_a-findfp.o)
                0x20000b30                __sf
 .bss.errno     0x20000c68        0x4 C:/ST/STM32CubeIDE_1.17.0/STM32CubeIDE/plugins/com.st.stm32cube.ide.mcu.externaltools.gnu-tools-for-stm32.12.3.rel1.win32_1.1.0.202410251130/tools/bin/../lib/gcc/arm-none-eabi/12.3.1/../../../../arm-none-eabi/lib/thumb/v7e-m+fp/hard\libc_nano.a(libc_a-reent.o)
                0x20000c68                errno
 .bss.__lock___malloc_recursive_mutex
                0x20000c6c        0x1 C:/ST/STM32CubeIDE_1.17.0/STM32CubeIDE/plugins/com.st.stm32cube.ide.mcu.externaltools.gnu-tools-for-stm32.12.3.rel1.win32_1.1.0.202410251130/tools/bin/../lib/gcc/arm-none-eabi/12.3.1/../../../../arm-none-eabi/lib/thumb/v7e-m+fp/hard\libc_nano.a(libc_a-lock.o)
                0x20000c6c                __lock___malloc_recursive_mutex
 *fill*         0x20000c6d        0x3 
 .bss.__malloc_sbrk_start
                0x20000c70        0x4 C:/ST/STM32CubeIDE_1.17.0/STM32CubeIDE/plugins/com.st.stm32cube.ide.mcu.externaltools.gnu-tools-for-stm32.12.3.rel1.win32_1.1.0.202410251130/tools/bin/../lib/gcc/arm-none-eabi/12.3.1/../../../../arm-none-eabi/lib/thumb/v7e-m+fp/hard\libc_nano.a(libc_a-mallocr.o)
                0x20000c70                __malloc_sbrk_start
 .bss.__malloc_free_list
                0x20000c74        0x4 C:/ST/STM32CubeIDE_1.17.0/STM32CubeIDE/plugins/com.st.stm32cube.ide.mcu.externaltools.gnu-tools-for-stm32.12.3.rel1.win32_1.1.0.202410251130/tools/bin/../lib/gcc/arm-none-eabi/12.3.1/../../../../arm-none-eabi/lib/thumb/v7e-m+fp/hard\libc_nano.a(libc_a-mallocr.o)
                0x20000c74                __malloc_free_list
 *(COMMON)
                0x20000c78                        . = ALIGN (0x4)
                0x20000c78                        _ebss = .
                0x20000c78                        __bss_end__ = _ebss

._user_heap_stack
                0x20000c78      0x600
                0x20000c78                        . = ALIGN (0x8)
                [!provide]                        PROVIDE (end = .)
                0x20000c78                        PROVIDE (_end = .)
                0x20000e78                        . = (. + _Min_Heap_Size)
 *fill*         0x20000c78      0x200 
                0x20001278                        . = (. + _Min_Stack_Size)
 *fill*         0x20000e78      0x400 
                0x20001278                        . = ALIGN (0x8)

/DISCARD/
 libc.a(*)
 libm.a(*)
 libgcc.a(*)

.ARM.attributes
                0x00000000       0x30
 *(.ARM.attributes)
 .ARM.attributes
                0x00000000       0x22 C:/ST/STM32CubeIDE_1.17.0/STM32CubeIDE/plugins/com.st.stm32cube.ide.mcu.externaltools.gnu-tools-for-stm32.12.3.rel1.win32_1.1.0.202410251130/tools/bin/../lib/gcc/arm-none-eabi/12.3.1/thumb/v7e-m+fp/hard/crti.o
 .ARM.attributes
                0x00000022       0x34 C:/ST/STM32CubeIDE_1.17.0/STM32CubeIDE/plugins/com.st.stm32cube.ide.mcu.externaltools.gnu-tools-for-stm32.12.3.rel1.win32_1.1.0.202410251130/tools/bin/../lib/gcc/arm-none-eabi/12.3.1/thumb/v7e-m+fp/hard/crtbegin.o
 .ARM.attributes
                0x00000056       0x34 ./BSP/Src/bsp_adc.o
 .ARM.attributes
                0x0000008a       0x34 ./BSP/Src/global_timer.o
 .ARM.attributes
                0x000000be       0x34 ./BSP/Src/key_bsp.o
 .ARM.attributes
                0x000000f2       0x34 ./BSP/Src/led_bsp.o
 .ARM.attributes
                0x00000126       0x34 ./BSP/Src/task_bsp.o
 .ARM.attributes
                0x0000015a       0x34 ./BSP/Src/tools_bsp.o
 .ARM.attributes
                0x0000018e       0x34 ./BSP/Src/usart_bsp.o
 .ARM.attributes
                0x000001c2       0x34 ./Core/Src/adc.o
 .ARM.attributes
                0x000001f6       0x34 ./Core/Src/dma.o
 .ARM.attributes
                0x0000022a       0x34 ./Core/Src/gpio.o
 .ARM.attributes
                0x0000025e       0x34 ./Core/Src/main.o
 .ARM.attributes
                0x00000292       0x34 ./Core/Src/stm32f4xx_hal_msp.o
 .ARM.attributes
                0x000002c6       0x34 ./Core/Src/stm32f4xx_it.o
 .ARM.attributes
                0x000002fa       0x34 ./Core/Src/sysmem.o
 .ARM.attributes
                0x0000032e       0x34 ./Core/Src/system_stm32f4xx.o
 .ARM.attributes
                0x00000362       0x34 ./Core/Src/tim.o
 .ARM.attributes
                0x00000396       0x34 ./Core/Src/usart.o
 .ARM.attributes
                0x000003ca       0x21 ./Core/Startup/startup_stm32f429igtx.o
 .ARM.attributes
                0x000003eb       0x34 ./Drivers/STM32F4xx_HAL_Driver/Src/stm32f4xx_hal.o
 .ARM.attributes
                0x0000041f       0x34 ./Drivers/STM32F4xx_HAL_Driver/Src/stm32f4xx_hal_adc.o
 .ARM.attributes
                0x00000453       0x34 ./Drivers/STM32F4xx_HAL_Driver/Src/stm32f4xx_hal_cortex.o
 .ARM.attributes
                0x00000487       0x34 ./Drivers/STM32F4xx_HAL_Driver/Src/stm32f4xx_hal_dma.o
 .ARM.attributes
                0x000004bb       0x34 ./Drivers/STM32F4xx_HAL_Driver/Src/stm32f4xx_hal_gpio.o
 .ARM.attributes
                0x000004ef       0x34 ./Drivers/STM32F4xx_HAL_Driver/Src/stm32f4xx_hal_pwr_ex.o
 .ARM.attributes
                0x00000523       0x34 ./Drivers/STM32F4xx_HAL_Driver/Src/stm32f4xx_hal_rcc.o
 .ARM.attributes
                0x00000557       0x34 ./Drivers/STM32F4xx_HAL_Driver/Src/stm32f4xx_hal_tim.o
 .ARM.attributes
                0x0000058b       0x34 ./Drivers/STM32F4xx_HAL_Driver/Src/stm32f4xx_hal_tim_ex.o
 .ARM.attributes
                0x000005bf       0x34 ./Drivers/STM32F4xx_HAL_Driver/Src/stm32f4xx_hal_uart.o
 .ARM.attributes
                0x000005f3       0x34 C:/ST/STM32CubeIDE_1.17.0/STM32CubeIDE/plugins/com.st.stm32cube.ide.mcu.externaltools.gnu-tools-for-stm32.12.3.rel1.win32_1.1.0.202410251130/tools/bin/../lib/gcc/arm-none-eabi/12.3.1/../../../../arm-none-eabi/lib/thumb/v7e-m+fp/hard\libc_nano.a(libc_a-findfp.o)
 .ARM.attributes
                0x00000627       0x34 C:/ST/STM32CubeIDE_1.17.0/STM32CubeIDE/plugins/com.st.stm32cube.ide.mcu.externaltools.gnu-tools-for-stm32.12.3.rel1.win32_1.1.0.202410251130/tools/bin/../lib/gcc/arm-none-eabi/12.3.1/../../../../arm-none-eabi/lib/thumb/v7e-m+fp/hard\libc_nano.a(libc_a-snprintf.o)
 .ARM.attributes
                0x0000065b       0x34 C:/ST/STM32CubeIDE_1.17.0/STM32CubeIDE/plugins/com.st.stm32cube.ide.mcu.externaltools.gnu-tools-for-stm32.12.3.rel1.win32_1.1.0.202410251130/tools/bin/../lib/gcc/arm-none-eabi/12.3.1/../../../../arm-none-eabi/lib/thumb/v7e-m+fp/hard\libc_nano.a(libc_a-vsnprintf.o)
 .ARM.attributes
                0x0000068f       0x34 C:/ST/STM32CubeIDE_1.17.0/STM32CubeIDE/plugins/com.st.stm32cube.ide.mcu.externaltools.gnu-tools-for-stm32.12.3.rel1.win32_1.1.0.202410251130/tools/bin/../lib/gcc/arm-none-eabi/12.3.1/../../../../arm-none-eabi/lib/thumb/v7e-m+fp/hard\libc_nano.a(libc_a-memset.o)
 .ARM.attributes
                0x000006c3       0x34 C:/ST/STM32CubeIDE_1.17.0/STM32CubeIDE/plugins/com.st.stm32cube.ide.mcu.externaltools.gnu-tools-for-stm32.12.3.rel1.win32_1.1.0.202410251130/tools/bin/../lib/gcc/arm-none-eabi/12.3.1/../../../../arm-none-eabi/lib/thumb/v7e-m+fp/hard\libc_nano.a(libc_a-reent.o)
 .ARM.attributes
                0x000006f7       0x34 C:/ST/STM32CubeIDE_1.17.0/STM32CubeIDE/plugins/com.st.stm32cube.ide.mcu.externaltools.gnu-tools-for-stm32.12.3.rel1.win32_1.1.0.202410251130/tools/bin/../lib/gcc/arm-none-eabi/12.3.1/../../../../arm-none-eabi/lib/thumb/v7e-m+fp/hard\libc_nano.a(libc_a-impure.o)
 .ARM.attributes
                0x0000072b       0x34 C:/ST/STM32CubeIDE_1.17.0/STM32CubeIDE/plugins/com.st.stm32cube.ide.mcu.externaltools.gnu-tools-for-stm32.12.3.rel1.win32_1.1.0.202410251130/tools/bin/../lib/gcc/arm-none-eabi/12.3.1/../../../../arm-none-eabi/lib/thumb/v7e-m+fp/hard\libc_nano.a(libc_a-errno.o)
 .ARM.attributes
                0x0000075f       0x34 C:/ST/STM32CubeIDE_1.17.0/STM32CubeIDE/plugins/com.st.stm32cube.ide.mcu.externaltools.gnu-tools-for-stm32.12.3.rel1.win32_1.1.0.202410251130/tools/bin/../lib/gcc/arm-none-eabi/12.3.1/../../../../arm-none-eabi/lib/thumb/v7e-m+fp/hard\libc_nano.a(libc_a-init.o)
 .ARM.attributes
                0x00000793       0x34 C:/ST/STM32CubeIDE_1.17.0/STM32CubeIDE/plugins/com.st.stm32cube.ide.mcu.externaltools.gnu-tools-for-stm32.12.3.rel1.win32_1.1.0.202410251130/tools/bin/../lib/gcc/arm-none-eabi/12.3.1/../../../../arm-none-eabi/lib/thumb/v7e-m+fp/hard\libc_nano.a(libc_a-lock.o)
 .ARM.attributes
                0x000007c7       0x34 C:/ST/STM32CubeIDE_1.17.0/STM32CubeIDE/plugins/com.st.stm32cube.ide.mcu.externaltools.gnu-tools-for-stm32.12.3.rel1.win32_1.1.0.202410251130/tools/bin/../lib/gcc/arm-none-eabi/12.3.1/../../../../arm-none-eabi/lib/thumb/v7e-m+fp/hard\libc_nano.a(libc_a-freer.o)
 .ARM.attributes
                0x000007fb       0x34 C:/ST/STM32CubeIDE_1.17.0/STM32CubeIDE/plugins/com.st.stm32cube.ide.mcu.externaltools.gnu-tools-for-stm32.12.3.rel1.win32_1.1.0.202410251130/tools/bin/../lib/gcc/arm-none-eabi/12.3.1/../../../../arm-none-eabi/lib/thumb/v7e-m+fp/hard\libc_nano.a(libc_a-mallocr.o)
 .ARM.attributes
                0x0000082f       0x34 C:/ST/STM32CubeIDE_1.17.0/STM32CubeIDE/plugins/com.st.stm32cube.ide.mcu.externaltools.gnu-tools-for-stm32.12.3.rel1.win32_1.1.0.202410251130/tools/bin/../lib/gcc/arm-none-eabi/12.3.1/../../../../arm-none-eabi/lib/thumb/v7e-m+fp/hard\libc_nano.a(libc_a-mlock.o)
 .ARM.attributes
                0x00000863       0x34 C:/ST/STM32CubeIDE_1.17.0/STM32CubeIDE/plugins/com.st.stm32cube.ide.mcu.externaltools.gnu-tools-for-stm32.12.3.rel1.win32_1.1.0.202410251130/tools/bin/../lib/gcc/arm-none-eabi/12.3.1/../../../../arm-none-eabi/lib/thumb/v7e-m+fp/hard\libc_nano.a(libc_a-nano-svfprintf.o)
 .ARM.attributes
                0x00000897       0x34 C:/ST/STM32CubeIDE_1.17.0/STM32CubeIDE/plugins/com.st.stm32cube.ide.mcu.externaltools.gnu-tools-for-stm32.12.3.rel1.win32_1.1.0.202410251130/tools/bin/../lib/gcc/arm-none-eabi/12.3.1/../../../../arm-none-eabi/lib/thumb/v7e-m+fp/hard\libc_nano.a(libc_a-nano-vfprintf_i.o)
 .ARM.attributes
                0x000008cb       0x34 C:/ST/STM32CubeIDE_1.17.0/STM32CubeIDE/plugins/com.st.stm32cube.ide.mcu.externaltools.gnu-tools-for-stm32.12.3.rel1.win32_1.1.0.202410251130/tools/bin/../lib/gcc/arm-none-eabi/12.3.1/../../../../arm-none-eabi/lib/thumb/v7e-m+fp/hard\libc_nano.a(libc_a-memmove.o)
 .ARM.attributes
                0x000008ff       0x34 C:/ST/STM32CubeIDE_1.17.0/STM32CubeIDE/plugins/com.st.stm32cube.ide.mcu.externaltools.gnu-tools-for-stm32.12.3.rel1.win32_1.1.0.202410251130/tools/bin/../lib/gcc/arm-none-eabi/12.3.1/../../../../arm-none-eabi/lib/thumb/v7e-m+fp/hard\libc_nano.a(libc_a-sbrkr.o)
 .ARM.attributes
                0x00000933       0x1c C:/ST/STM32CubeIDE_1.17.0/STM32CubeIDE/plugins/com.st.stm32cube.ide.mcu.externaltools.gnu-tools-for-stm32.12.3.rel1.win32_1.1.0.202410251130/tools/bin/../lib/gcc/arm-none-eabi/12.3.1/../../../../arm-none-eabi/lib/thumb/v7e-m+fp/hard\libc_nano.a(libc_a-memchr.o)
 .ARM.attributes
                0x0000094f       0x34 C:/ST/STM32CubeIDE_1.17.0/STM32CubeIDE/plugins/com.st.stm32cube.ide.mcu.externaltools.gnu-tools-for-stm32.12.3.rel1.win32_1.1.0.202410251130/tools/bin/../lib/gcc/arm-none-eabi/12.3.1/../../../../arm-none-eabi/lib/thumb/v7e-m+fp/hard\libc_nano.a(libc_a-memcpy-stub.o)
 .ARM.attributes
                0x00000983       0x34 C:/ST/STM32CubeIDE_1.17.0/STM32CubeIDE/plugins/com.st.stm32cube.ide.mcu.externaltools.gnu-tools-for-stm32.12.3.rel1.win32_1.1.0.202410251130/tools/bin/../lib/gcc/arm-none-eabi/12.3.1/../../../../arm-none-eabi/lib/thumb/v7e-m+fp/hard\libc_nano.a(libc_a-reallocr.o)
 .ARM.attributes
                0x000009b7       0x34 C:/ST/STM32CubeIDE_1.17.0/STM32CubeIDE/plugins/com.st.stm32cube.ide.mcu.externaltools.gnu-tools-for-stm32.12.3.rel1.win32_1.1.0.202410251130/tools/bin/../lib/gcc/arm-none-eabi/12.3.1/../../../../arm-none-eabi/lib/thumb/v7e-m+fp/hard\libc_nano.a(libc_a-msizer.o)
 .ARM.attributes
                0x000009eb       0x22 C:/ST/STM32CubeIDE_1.17.0/STM32CubeIDE/plugins/com.st.stm32cube.ide.mcu.externaltools.gnu-tools-for-stm32.12.3.rel1.win32_1.1.0.202410251130/tools/bin/../lib/gcc/arm-none-eabi/12.3.1/thumb/v7e-m+fp/hard\libgcc.a(_aeabi_uldivmod.o)
 .ARM.attributes
                0x00000a0d       0x34 C:/ST/STM32CubeIDE_1.17.0/STM32CubeIDE/plugins/com.st.stm32cube.ide.mcu.externaltools.gnu-tools-for-stm32.12.3.rel1.win32_1.1.0.202410251130/tools/bin/../lib/gcc/arm-none-eabi/12.3.1/thumb/v7e-m+fp/hard\libgcc.a(_udivmoddi4.o)
 .ARM.attributes
                0x00000a41       0x22 C:/ST/STM32CubeIDE_1.17.0/STM32CubeIDE/plugins/com.st.stm32cube.ide.mcu.externaltools.gnu-tools-for-stm32.12.3.rel1.win32_1.1.0.202410251130/tools/bin/../lib/gcc/arm-none-eabi/12.3.1/thumb/v7e-m+fp/hard\libgcc.a(_dvmd_tls.o)
 .ARM.attributes
                0x00000a63       0x22 C:/ST/STM32CubeIDE_1.17.0/STM32CubeIDE/plugins/com.st.stm32cube.ide.mcu.externaltools.gnu-tools-for-stm32.12.3.rel1.win32_1.1.0.202410251130/tools/bin/../lib/gcc/arm-none-eabi/12.3.1/thumb/v7e-m+fp/hard/crtn.o
OUTPUT(LED_Master.elf elf32-littlearm)
LOAD linker stubs
LOAD C:/ST/STM32CubeIDE_1.17.0/STM32CubeIDE/plugins/com.st.stm32cube.ide.mcu.externaltools.gnu-tools-for-stm32.12.3.rel1.win32_1.1.0.202410251130/tools/bin/../lib/gcc/arm-none-eabi/12.3.1/../../../../arm-none-eabi/lib/thumb/v7e-m+fp/hard\libc.a
LOAD C:/ST/STM32CubeIDE_1.17.0/STM32CubeIDE/plugins/com.st.stm32cube.ide.mcu.externaltools.gnu-tools-for-stm32.12.3.rel1.win32_1.1.0.202410251130/tools/bin/../lib/gcc/arm-none-eabi/12.3.1/../../../../arm-none-eabi/lib/thumb/v7e-m+fp/hard\libm.a
LOAD C:/ST/STM32CubeIDE_1.17.0/STM32CubeIDE/plugins/com.st.stm32cube.ide.mcu.externaltools.gnu-tools-for-stm32.12.3.rel1.win32_1.1.0.202410251130/tools/bin/../lib/gcc/arm-none-eabi/12.3.1/thumb/v7e-m+fp/hard\libgcc.a

.debug_info     0x00000000    0x12412
 .debug_info    0x00000000      0x67d ./BSP/Src/bsp_adc.o
 .debug_info    0x0000067d      0x6ac ./BSP/Src/global_timer.o
 .debug_info    0x00000d29       0xba ./BSP/Src/key_bsp.o
 .debug_info    0x00000de3      0x232 ./BSP/Src/led_bsp.o
 .debug_info    0x00001015      0xa3d ./BSP/Src/task_bsp.o
 .debug_info    0x00001a52      0x908 ./BSP/Src/tools_bsp.o
 .debug_info    0x0000235a      0x598 ./BSP/Src/usart_bsp.o
 .debug_info    0x000028f2      0xa09 ./Core/Src/adc.o
 .debug_info    0x000032fb      0x7aa ./Core/Src/dma.o
 .debug_info    0x00003aa5      0x694 ./Core/Src/gpio.o
 .debug_info    0x00004139      0x50d ./Core/Src/main.o
 .debug_info    0x00004646      0x281 ./Core/Src/stm32f4xx_hal_msp.o
 .debug_info    0x000048c7      0xa4d ./Core/Src/stm32f4xx_it.o
 .debug_info    0x00005314      0x168 ./Core/Src/sysmem.o
 .debug_info    0x0000547c      0x52e ./Core/Src/system_stm32f4xx.o
 .debug_info    0x000059aa      0xcb4 ./Core/Src/tim.o
 .debug_info    0x0000665e      0xc26 ./Core/Src/usart.o
 .debug_info    0x00007284       0x30 ./Core/Startup/startup_stm32f429igtx.o
 .debug_info    0x000072b4      0x9ba ./Drivers/STM32F4xx_HAL_Driver/Src/stm32f4xx_hal.o
 .debug_info    0x00007c6e      0xcd4 ./Drivers/STM32F4xx_HAL_Driver/Src/stm32f4xx_hal_adc.o
 .debug_info    0x00008942      0xdc2 ./Drivers/STM32F4xx_HAL_Driver/Src/stm32f4xx_hal_cortex.o
 .debug_info    0x00009704      0x8e7 ./Drivers/STM32F4xx_HAL_Driver/Src/stm32f4xx_hal_dma.o
 .debug_info    0x00009feb      0x6db ./Drivers/STM32F4xx_HAL_Driver/Src/stm32f4xx_hal_gpio.o
 .debug_info    0x0000a6c6      0x6be ./Drivers/STM32F4xx_HAL_Driver/Src/stm32f4xx_hal_pwr_ex.o
 .debug_info    0x0000ad84      0x8c7 ./Drivers/STM32F4xx_HAL_Driver/Src/stm32f4xx_hal_rcc.o
 .debug_info    0x0000b64b     0x299d ./Drivers/STM32F4xx_HAL_Driver/Src/stm32f4xx_hal_tim.o
 .debug_info    0x0000dfe8     0x14db ./Drivers/STM32F4xx_HAL_Driver/Src/stm32f4xx_hal_tim_ex.o
 .debug_info    0x0000f4c3     0x2f4f ./Drivers/STM32F4xx_HAL_Driver/Src/stm32f4xx_hal_uart.o

.debug_abbrev   0x00000000     0x323b
 .debug_abbrev  0x00000000      0x1c6 ./BSP/Src/bsp_adc.o
 .debug_abbrev  0x000001c6      0x18d ./BSP/Src/global_timer.o
 .debug_abbrev  0x00000353       0x78 ./BSP/Src/key_bsp.o
 .debug_abbrev  0x000003cb       0xf6 ./BSP/Src/led_bsp.o
 .debug_abbrev  0x000004c1      0x1ae ./BSP/Src/task_bsp.o
 .debug_abbrev  0x0000066f      0x285 ./BSP/Src/tools_bsp.o
 .debug_abbrev  0x000008f4      0x130 ./BSP/Src/usart_bsp.o
 .debug_abbrev  0x00000a24      0x205 ./Core/Src/adc.o
 .debug_abbrev  0x00000c29      0x1ac ./Core/Src/dma.o
 .debug_abbrev  0x00000dd5      0x174 ./Core/Src/gpio.o
 .debug_abbrev  0x00000f49      0x1d7 ./Core/Src/main.o
 .debug_abbrev  0x00001120       0xd8 ./Core/Src/stm32f4xx_hal_msp.o
 .debug_abbrev  0x000011f8      0x1cb ./Core/Src/stm32f4xx_it.o
 .debug_abbrev  0x000013c3       0xbc ./Core/Src/sysmem.o
 .debug_abbrev  0x0000147f      0x11a ./Core/Src/system_stm32f4xx.o
 .debug_abbrev  0x00001599      0x206 ./Core/Src/tim.o
 .debug_abbrev  0x0000179f      0x22e ./Core/Src/usart.o
 .debug_abbrev  0x000019cd       0x24 ./Core/Startup/startup_stm32f429igtx.o
 .debug_abbrev  0x000019f1      0x214 ./Drivers/STM32F4xx_HAL_Driver/Src/stm32f4xx_hal.o
 .debug_abbrev  0x00001c05      0x252 ./Drivers/STM32F4xx_HAL_Driver/Src/stm32f4xx_hal_adc.o
 .debug_abbrev  0x00001e57      0x31d ./Drivers/STM32F4xx_HAL_Driver/Src/stm32f4xx_hal_cortex.o
 .debug_abbrev  0x00002174      0x264 ./Drivers/STM32F4xx_HAL_Driver/Src/stm32f4xx_hal_dma.o
 .debug_abbrev  0x000023d8      0x1d4 ./Drivers/STM32F4xx_HAL_Driver/Src/stm32f4xx_hal_gpio.o
 .debug_abbrev  0x000025ac      0x1cf ./Drivers/STM32F4xx_HAL_Driver/Src/stm32f4xx_hal_pwr_ex.o
 .debug_abbrev  0x0000277b      0x2b7 ./Drivers/STM32F4xx_HAL_Driver/Src/stm32f4xx_hal_rcc.o
 .debug_abbrev  0x00002a32      0x278 ./Drivers/STM32F4xx_HAL_Driver/Src/stm32f4xx_hal_tim.o
 .debug_abbrev  0x00002caa      0x283 ./Drivers/STM32F4xx_HAL_Driver/Src/stm32f4xx_hal_tim_ex.o
 .debug_abbrev  0x00002f2d      0x30e ./Drivers/STM32F4xx_HAL_Driver/Src/stm32f4xx_hal_uart.o

.debug_aranges  0x00000000     0x1008
 .debug_aranges
                0x00000000       0x30 ./BSP/Src/bsp_adc.o
 .debug_aranges
                0x00000030       0x28 ./BSP/Src/global_timer.o
 .debug_aranges
                0x00000058       0x20 ./BSP/Src/key_bsp.o
 .debug_aranges
                0x00000078       0x60 ./BSP/Src/led_bsp.o
 .debug_aranges
                0x000000d8       0x68 ./BSP/Src/task_bsp.o
 .debug_aranges
                0x00000140       0x48 ./BSP/Src/tools_bsp.o
 .debug_aranges
                0x00000188       0x20 ./BSP/Src/usart_bsp.o
 .debug_aranges
                0x000001a8       0x30 ./Core/Src/adc.o
 .debug_aranges
                0x000001d8       0x20 ./Core/Src/dma.o
 .debug_aranges
                0x000001f8       0x20 ./Core/Src/gpio.o
 .debug_aranges
                0x00000218       0x30 ./Core/Src/main.o
 .debug_aranges
                0x00000248       0x20 ./Core/Src/stm32f4xx_hal_msp.o
 .debug_aranges
                0x00000268       0xa0 ./Core/Src/stm32f4xx_it.o
 .debug_aranges
                0x00000308       0x20 ./Core/Src/sysmem.o
 .debug_aranges
                0x00000328       0x28 ./Core/Src/system_stm32f4xx.o
 .debug_aranges
                0x00000350       0x38 ./Core/Src/tim.o
 .debug_aranges
                0x00000388       0x30 ./Core/Src/usart.o
 .debug_aranges
                0x000003b8       0x28 ./Core/Startup/startup_stm32f429igtx.o
 .debug_aranges
                0x000003e0      0x100 ./Drivers/STM32F4xx_HAL_Driver/Src/stm32f4xx_hal.o
 .debug_aranges
                0x000004e0       0xe8 ./Drivers/STM32F4xx_HAL_Driver/Src/stm32f4xx_hal_adc.o
 .debug_aranges
                0x000005c8      0x130 ./Drivers/STM32F4xx_HAL_Driver/Src/stm32f4xx_hal_cortex.o
 .debug_aranges
                0x000006f8       0x90 ./Drivers/STM32F4xx_HAL_Driver/Src/stm32f4xx_hal_dma.o
 .debug_aranges
                0x00000788       0x58 ./Drivers/STM32F4xx_HAL_Driver/Src/stm32f4xx_hal_gpio.o
 .debug_aranges
                0x000007e0       0x60 ./Drivers/STM32F4xx_HAL_Driver/Src/stm32f4xx_hal_pwr_ex.o
 .debug_aranges
                0x00000840       0x88 ./Drivers/STM32F4xx_HAL_Driver/Src/stm32f4xx_hal_rcc.o
 .debug_aranges
                0x000008c8      0x3d0 ./Drivers/STM32F4xx_HAL_Driver/Src/stm32f4xx_hal_tim.o
 .debug_aranges
                0x00000c98      0x168 ./Drivers/STM32F4xx_HAL_Driver/Src/stm32f4xx_hal_tim_ex.o
 .debug_aranges
                0x00000e00      0x208 ./Drivers/STM32F4xx_HAL_Driver/Src/stm32f4xx_hal_uart.o

.debug_rnglists
                0x00000000      0xc42
 .debug_rnglists
                0x00000000       0x1f ./BSP/Src/bsp_adc.o
 .debug_rnglists
                0x0000001f       0x19 ./BSP/Src/global_timer.o
 .debug_rnglists
                0x00000038       0x13 ./BSP/Src/key_bsp.o
 .debug_rnglists
                0x0000004b       0x43 ./BSP/Src/led_bsp.o
 .debug_rnglists
                0x0000008e       0x49 ./BSP/Src/task_bsp.o
 .debug_rnglists
                0x000000d7       0x34 ./BSP/Src/tools_bsp.o
 .debug_rnglists
                0x0000010b       0x13 ./BSP/Src/usart_bsp.o
 .debug_rnglists
                0x0000011e       0x21 ./Core/Src/adc.o
 .debug_rnglists
                0x0000013f       0x14 ./Core/Src/dma.o
 .debug_rnglists
                0x00000153       0x14 ./Core/Src/gpio.o
 .debug_rnglists
                0x00000167       0x20 ./Core/Src/main.o
 .debug_rnglists
                0x00000187       0x13 ./Core/Src/stm32f4xx_hal_msp.o
 .debug_rnglists
                0x0000019a       0x73 ./Core/Src/stm32f4xx_it.o
 .debug_rnglists
                0x0000020d       0x13 ./Core/Src/sysmem.o
 .debug_rnglists
                0x00000220       0x1a ./Core/Src/system_stm32f4xx.o
 .debug_rnglists
                0x0000023a       0x28 ./Core/Src/tim.o
 .debug_rnglists
                0x00000262       0x20 ./Core/Src/usart.o
 .debug_rnglists
                0x00000282       0x19 ./Core/Startup/startup_stm32f429igtx.o
 .debug_rnglists
                0x0000029b       0xbb ./Drivers/STM32F4xx_HAL_Driver/Src/stm32f4xx_hal.o
 .debug_rnglists
                0x00000356       0xb5 ./Drivers/STM32F4xx_HAL_Driver/Src/stm32f4xx_hal_adc.o
 .debug_rnglists
                0x0000040b       0xe0 ./Drivers/STM32F4xx_HAL_Driver/Src/stm32f4xx_hal_cortex.o
 .debug_rnglists
                0x000004eb       0x70 ./Drivers/STM32F4xx_HAL_Driver/Src/stm32f4xx_hal_dma.o
 .debug_rnglists
                0x0000055b       0x3f ./Drivers/STM32F4xx_HAL_Driver/Src/stm32f4xx_hal_gpio.o
 .debug_rnglists
                0x0000059a       0x47 ./Drivers/STM32F4xx_HAL_Driver/Src/stm32f4xx_hal_pwr_ex.o
 .debug_rnglists
                0x000005e1       0x66 ./Drivers/STM32F4xx_HAL_Driver/Src/stm32f4xx_hal_rcc.o
 .debug_rnglists
                0x00000647      0x31a ./Drivers/STM32F4xx_HAL_Driver/Src/stm32f4xx_hal_tim.o
 .debug_rnglists
                0x00000961      0x125 ./Drivers/STM32F4xx_HAL_Driver/Src/stm32f4xx_hal_tim_ex.o
 .debug_rnglists
                0x00000a86      0x1bc ./Drivers/STM32F4xx_HAL_Driver/Src/stm32f4xx_hal_uart.o

.debug_macro    0x00000000    0x270f7
 .debug_macro   0x00000000      0x30e ./BSP/Src/bsp_adc.o
 .debug_macro   0x0000030e      0xab4 ./BSP/Src/bsp_adc.o
 .debug_macro   0x00000dc2      0x2a1 ./BSP/Src/bsp_adc.o
 .debug_macro   0x00001063       0x2e ./BSP/Src/bsp_adc.o
 .debug_macro   0x00001091       0x28 ./BSP/Src/bsp_adc.o
 .debug_macro   0x000010b9       0x22 ./BSP/Src/bsp_adc.o
 .debug_macro   0x000010db       0x8e ./BSP/Src/bsp_adc.o
 .debug_macro   0x00001169       0x51 ./BSP/Src/bsp_adc.o
 .debug_macro   0x000011ba      0x103 ./BSP/Src/bsp_adc.o
 .debug_macro   0x000012bd       0x6a ./BSP/Src/bsp_adc.o
 .debug_macro   0x00001327      0x1df ./BSP/Src/bsp_adc.o
 .debug_macro   0x00001506       0x1c ./BSP/Src/bsp_adc.o
 .debug_macro   0x00001522       0x22 ./BSP/Src/bsp_adc.o
 .debug_macro   0x00001544       0xfb ./BSP/Src/bsp_adc.o
 .debug_macro   0x0000163f     0x1011 ./BSP/Src/bsp_adc.o
 .debug_macro   0x00002650      0x11f ./BSP/Src/bsp_adc.o
 .debug_macro   0x0000276f    0x17fd8 ./BSP/Src/bsp_adc.o
 .debug_macro   0x0001a747       0x6d ./BSP/Src/bsp_adc.o
 .debug_macro   0x0001a7b4     0x3711 ./BSP/Src/bsp_adc.o
 .debug_macro   0x0001dec5      0x189 ./BSP/Src/bsp_adc.o
 .debug_macro   0x0001e04e       0x5c ./BSP/Src/bsp_adc.o
 .debug_macro   0x0001e0aa      0xcba ./BSP/Src/bsp_adc.o
 .debug_macro   0x0001ed64      0x9e9 ./BSP/Src/bsp_adc.o
 .debug_macro   0x0001f74d      0x115 ./BSP/Src/bsp_adc.o
 .debug_macro   0x0001f862      0x156 ./BSP/Src/bsp_adc.o
 .debug_macro   0x0001f9b8       0xa5 ./BSP/Src/bsp_adc.o
 .debug_macro   0x0001fa5d      0x182 ./BSP/Src/bsp_adc.o
 .debug_macro   0x0001fbdf      0x287 ./BSP/Src/bsp_adc.o
 .debug_macro   0x0001fe66       0x5f ./BSP/Src/bsp_adc.o
 .debug_macro   0x0001fec5      0x236 ./BSP/Src/bsp_adc.o
 .debug_macro   0x000200fb      0xb54 ./BSP/Src/bsp_adc.o
 .debug_macro   0x00020c4f      0x38b ./BSP/Src/bsp_adc.o
 .debug_macro   0x00020fda      0x184 ./BSP/Src/bsp_adc.o
 .debug_macro   0x0002115e       0xf9 ./BSP/Src/bsp_adc.o
 .debug_macro   0x00021257      0x132 ./BSP/Src/bsp_adc.o
 .debug_macro   0x00021389      0x41d ./BSP/Src/bsp_adc.o
 .debug_macro   0x000217a6       0x2e ./BSP/Src/bsp_adc.o
 .debug_macro   0x000217d4      0x127 ./BSP/Src/bsp_adc.o
 .debug_macro   0x000218fb       0xe2 ./BSP/Src/bsp_adc.o
 .debug_macro   0x000219dd       0x89 ./BSP/Src/bsp_adc.o
 .debug_macro   0x00021a66      0x8ed ./BSP/Src/bsp_adc.o
 .debug_macro   0x00022353       0x4d ./BSP/Src/bsp_adc.o
 .debug_macro   0x000223a0      0x2aa ./BSP/Src/bsp_adc.o
 .debug_macro   0x0002264a      0x134 ./BSP/Src/bsp_adc.o
 .debug_macro   0x0002277e       0x58 ./BSP/Src/bsp_adc.o
 .debug_macro   0x000227d6       0x58 ./BSP/Src/bsp_adc.o
 .debug_macro   0x0002282e       0x61 ./BSP/Src/bsp_adc.o
 .debug_macro   0x0002288f       0x2a ./BSP/Src/bsp_adc.o
 .debug_macro   0x000228b9       0x43 ./BSP/Src/bsp_adc.o
 .debug_macro   0x000228fc       0x34 ./BSP/Src/bsp_adc.o
 .debug_macro   0x00022930       0x16 ./BSP/Src/bsp_adc.o
 .debug_macro   0x00022946       0x35 ./BSP/Src/bsp_adc.o
 .debug_macro   0x0002297b      0x369 ./BSP/Src/bsp_adc.o
 .debug_macro   0x00022ce4       0x16 ./BSP/Src/bsp_adc.o
 .debug_macro   0x00022cfa       0x43 ./BSP/Src/bsp_adc.o
 .debug_macro   0x00022d3d       0x34 ./BSP/Src/bsp_adc.o
 .debug_macro   0x00022d71       0x10 ./BSP/Src/bsp_adc.o
 .debug_macro   0x00022d81       0x58 ./BSP/Src/bsp_adc.o
 .debug_macro   0x00022dd9       0x8e ./BSP/Src/bsp_adc.o
 .debug_macro   0x00022e67       0x1c ./BSP/Src/bsp_adc.o
 .debug_macro   0x00022e83      0x177 ./BSP/Src/bsp_adc.o
 .debug_macro   0x00022ffa       0x16 ./BSP/Src/bsp_adc.o
 .debug_macro   0x00023010       0x16 ./BSP/Src/bsp_adc.o
 .debug_macro   0x00023026      0x146 ./BSP/Src/bsp_adc.o
 .debug_macro   0x0002316c       0x82 ./BSP/Src/bsp_adc.o
 .debug_macro   0x000231ee      0x34e ./BSP/Src/global_timer.o
 .debug_macro   0x0002353c       0xac ./BSP/Src/global_timer.o
 .debug_macro   0x000235e8       0x10 ./BSP/Src/global_timer.o
 .debug_macro   0x000235f8      0x223 ./BSP/Src/key_bsp.o
 .debug_macro   0x0002381b      0x219 ./BSP/Src/led_bsp.o
 .debug_macro   0x00023a34      0x348 ./BSP/Src/task_bsp.o
 .debug_macro   0x00023d7c       0x5b ./BSP/Src/task_bsp.o
 .debug_macro   0x00023dd7       0x94 ./BSP/Src/task_bsp.o
 .debug_macro   0x00023e6b       0x57 ./BSP/Src/task_bsp.o
 .debug_macro   0x00023ec2       0x9e ./BSP/Src/task_bsp.o
 .debug_macro   0x00023f60      0x10b ./BSP/Src/task_bsp.o
 .debug_macro   0x0002406b       0x56 ./BSP/Src/task_bsp.o
 .debug_macro   0x000240c1      0x2f4 ./BSP/Src/tools_bsp.o
 .debug_macro   0x000243b5      0x219 ./BSP/Src/usart_bsp.o
 .debug_macro   0x000245ce      0x20f ./Core/Src/adc.o
 .debug_macro   0x000247dd      0x20f ./Core/Src/dma.o
 .debug_macro   0x000249ec      0x20f ./Core/Src/gpio.o
 .debug_macro   0x00024bfb      0x352 ./Core/Src/main.o
 .debug_macro   0x00024f4d      0x205 ./Core/Src/stm32f4xx_hal_msp.o
 .debug_macro   0x00025152      0x20f ./Core/Src/stm32f4xx_it.o
 .debug_macro   0x00025361       0xff ./Core/Src/sysmem.o
 .debug_macro   0x00025460      0x23c ./Core/Src/sysmem.o
 .debug_macro   0x0002569c      0x1f6 ./Core/Src/system_stm32f4xx.o
 .debug_macro   0x00025892      0x20f ./Core/Src/tim.o
 .debug_macro   0x00025aa1      0x20f ./Core/Src/usart.o
 .debug_macro   0x00025cb0      0x256 ./Drivers/STM32F4xx_HAL_Driver/Src/stm32f4xx_hal.o
 .debug_macro   0x00025f06      0x1f7 ./Drivers/STM32F4xx_HAL_Driver/Src/stm32f4xx_hal_adc.o
 .debug_macro   0x000260fd      0x1f6 ./Drivers/STM32F4xx_HAL_Driver/Src/stm32f4xx_hal_cortex.o
 .debug_macro   0x000262f3      0x1fc ./Drivers/STM32F4xx_HAL_Driver/Src/stm32f4xx_hal_dma.o
 .debug_macro   0x000264ef      0x1fc ./Drivers/STM32F4xx_HAL_Driver/Src/stm32f4xx_hal_gpio.o
 .debug_macro   0x000266eb      0x20e ./Drivers/STM32F4xx_HAL_Driver/Src/stm32f4xx_hal_pwr_ex.o
 .debug_macro   0x000268f9      0x21a ./Drivers/STM32F4xx_HAL_Driver/Src/stm32f4xx_hal_rcc.o
 .debug_macro   0x00026b13      0x1f7 ./Drivers/STM32F4xx_HAL_Driver/Src/stm32f4xx_hal_tim.o
 .debug_macro   0x00026d0a      0x1f6 ./Drivers/STM32F4xx_HAL_Driver/Src/stm32f4xx_hal_tim_ex.o
 .debug_macro   0x00026f00      0x1f7 ./Drivers/STM32F4xx_HAL_Driver/Src/stm32f4xx_hal_uart.o

.debug_line     0x00000000    0x16ce1
 .debug_line    0x00000000      0x96b ./BSP/Src/bsp_adc.o
 .debug_line    0x0000096b      0x9ae ./BSP/Src/global_timer.o
 .debug_line    0x00001319      0x7df ./BSP/Src/key_bsp.o
 .debug_line    0x00001af8      0x887 ./BSP/Src/led_bsp.o
 .debug_line    0x0000237f      0xa9e ./BSP/Src/task_bsp.o
 .debug_line    0x00002e1d      0xae7 ./BSP/Src/tools_bsp.o
 .debug_line    0x00003904      0x7cf ./BSP/Src/usart_bsp.o
 .debug_line    0x000040d3      0x869 ./Core/Src/adc.o
 .debug_line    0x0000493c      0x7bd ./Core/Src/dma.o
 .debug_line    0x000050f9      0x7a8 ./Core/Src/gpio.o
 .debug_line    0x000058a1      0xa12 ./Core/Src/main.o
 .debug_line    0x000062b3      0x78d ./Core/Src/stm32f4xx_hal_msp.o
 .debug_line    0x00006a40      0x910 ./Core/Src/stm32f4xx_it.o
 .debug_line    0x00007350      0x579 ./Core/Src/sysmem.o
 .debug_line    0x000078c9      0x812 ./Core/Src/system_stm32f4xx.o
 .debug_line    0x000080db      0x86f ./Core/Src/tim.o
 .debug_line    0x0000894a      0x851 ./Core/Src/usart.o
 .debug_line    0x0000919b       0x7a ./Core/Startup/startup_stm32f429igtx.o
 .debug_line    0x00009215      0xab1 ./Drivers/STM32F4xx_HAL_Driver/Src/stm32f4xx_hal.o
 .debug_line    0x00009cc6     0x130f ./Drivers/STM32F4xx_HAL_Driver/Src/stm32f4xx_hal_adc.o
 .debug_line    0x0000afd5      0xd6d ./Drivers/STM32F4xx_HAL_Driver/Src/stm32f4xx_hal_cortex.o
 .debug_line    0x0000bd42      0xfeb ./Drivers/STM32F4xx_HAL_Driver/Src/stm32f4xx_hal_dma.o
 .debug_line    0x0000cd2d      0xc2f ./Drivers/STM32F4xx_HAL_Driver/Src/stm32f4xx_hal_gpio.o
 .debug_line    0x0000d95c      0x9a4 ./Drivers/STM32F4xx_HAL_Driver/Src/stm32f4xx_hal_pwr_ex.o
 .debug_line    0x0000e300      0xe04 ./Drivers/STM32F4xx_HAL_Driver/Src/stm32f4xx_hal_rcc.o
 .debug_line    0x0000f104     0x381f ./Drivers/STM32F4xx_HAL_Driver/Src/stm32f4xx_hal_tim.o
 .debug_line    0x00012923     0x1a71 ./Drivers/STM32F4xx_HAL_Driver/Src/stm32f4xx_hal_tim_ex.o
 .debug_line    0x00014394     0x294d ./Drivers/STM32F4xx_HAL_Driver/Src/stm32f4xx_hal_uart.o

.debug_str      0x00000000    0xe78aa
 .debug_str     0x00000000    0xe2db8 ./BSP/Src/bsp_adc.o
                              0xe30d1 (size before relaxing)
 .debug_str     0x000e2db8      0x74f ./BSP/Src/global_timer.o
                              0xe3638 (size before relaxing)
 .debug_str     0x000e3507       0x52 ./BSP/Src/key_bsp.o
                              0xdf235 (size before relaxing)
 .debug_str     0x000e3559       0xf5 ./BSP/Src/led_bsp.o
                              0xdf2f9 (size before relaxing)
 .debug_str     0x000e364e      0x2cc ./BSP/Src/task_bsp.o
                              0xe394d (size before relaxing)
 .debug_str     0x000e391a      0x139 ./BSP/Src/tools_bsp.o
                              0xe328f (size before relaxing)
 .debug_str     0x000e3a53       0x41 ./BSP/Src/usart_bsp.o
                              0xdf68a (size before relaxing)
 .debug_str     0x000e3a94      0x233 ./Core/Src/adc.o
                              0xdf86c (size before relaxing)
 .debug_str     0x000e3cc7      0x580 ./Core/Src/dma.o
                              0xdfb44 (size before relaxing)
 .debug_str     0x000e4247       0x20 ./Core/Src/gpio.o
                              0xdf958 (size before relaxing)
 .debug_str     0x000e4267      0x1ab ./Core/Src/main.o
                              0xe3408 (size before relaxing)
 .debug_str     0x000e4412       0x2c ./Core/Src/stm32f4xx_hal_msp.o
                              0xdf309 (size before relaxing)
 .debug_str     0x000e443e      0x1c3 ./Core/Src/stm32f4xx_it.o
                              0xdfb24 (size before relaxing)
 .debug_str     0x000e4601      0x4dc ./Core/Src/sysmem.o
                               0x60c6 (size before relaxing)
 .debug_str     0x000e4add       0xdb ./Core/Src/system_stm32f4xx.o
                              0xdf25f (size before relaxing)
 .debug_str     0x000e4bb8      0x141 ./Core/Src/tim.o
                              0xdff55 (size before relaxing)
 .debug_str     0x000e4cf9       0x51 ./Core/Src/usart.o
                              0xdfe63 (size before relaxing)
 .debug_str     0x000e4d4a       0x82 ./Core/Startup/startup_stm32f429igtx.o
 .debug_str     0x000e4dcc      0x646 ./Drivers/STM32F4xx_HAL_Driver/Src/stm32f4xx_hal.o
                              0xdfe82 (size before relaxing)
 .debug_str     0x000e5412      0x285 ./Drivers/STM32F4xx_HAL_Driver/Src/stm32f4xx_hal_adc.o
                              0xdf839 (size before relaxing)
 .debug_str     0x000e5697      0x36b ./Drivers/STM32F4xx_HAL_Driver/Src/stm32f4xx_hal_cortex.o
                              0xdfbb0 (size before relaxing)
 .debug_str     0x000e5a02      0x2ae ./Drivers/STM32F4xx_HAL_Driver/Src/stm32f4xx_hal_dma.o
                              0xdf666 (size before relaxing)
 .debug_str     0x000e5cb0       0xd5 ./Drivers/STM32F4xx_HAL_Driver/Src/stm32f4xx_hal_gpio.o
                              0xdf3da (size before relaxing)
 .debug_str     0x000e5d85      0x135 ./Drivers/STM32F4xx_HAL_Driver/Src/stm32f4xx_hal_pwr_ex.o
                              0xdf437 (size before relaxing)
 .debug_str     0x000e5eba      0x233 ./Drivers/STM32F4xx_HAL_Driver/Src/stm32f4xx_hal_rcc.o
                              0xdf693 (size before relaxing)
 .debug_str     0x000e60ed      0xda5 ./Drivers/STM32F4xx_HAL_Driver/Src/stm32f4xx_hal_tim.o
                              0xe05d6 (size before relaxing)
 .debug_str     0x000e6e92      0x493 ./Drivers/STM32F4xx_HAL_Driver/Src/stm32f4xx_hal_tim_ex.o
                              0xdfde2 (size before relaxing)
 .debug_str     0x000e7325      0x585 ./Drivers/STM32F4xx_HAL_Driver/Src/stm32f4xx_hal_uart.o
                              0xdfc61 (size before relaxing)

.comment        0x00000000       0x43
 .comment       0x00000000       0x43 ./BSP/Src/bsp_adc.o
                                 0x44 (size before relaxing)
 .comment       0x00000043       0x44 ./BSP/Src/global_timer.o
 .comment       0x00000043       0x44 ./BSP/Src/key_bsp.o
 .comment       0x00000043       0x44 ./BSP/Src/led_bsp.o
 .comment       0x00000043       0x44 ./BSP/Src/task_bsp.o
 .comment       0x00000043       0x44 ./BSP/Src/tools_bsp.o
 .comment       0x00000043       0x44 ./BSP/Src/usart_bsp.o
 .comment       0x00000043       0x44 ./Core/Src/adc.o
 .comment       0x00000043       0x44 ./Core/Src/dma.o
 .comment       0x00000043       0x44 ./Core/Src/gpio.o
 .comment       0x00000043       0x44 ./Core/Src/main.o
 .comment       0x00000043       0x44 ./Core/Src/stm32f4xx_hal_msp.o
 .comment       0x00000043       0x44 ./Core/Src/stm32f4xx_it.o
 .comment       0x00000043       0x44 ./Core/Src/sysmem.o
 .comment       0x00000043       0x44 ./Core/Src/system_stm32f4xx.o
 .comment       0x00000043       0x44 ./Core/Src/tim.o
 .comment       0x00000043       0x44 ./Core/Src/usart.o
 .comment       0x00000043       0x44 ./Drivers/STM32F4xx_HAL_Driver/Src/stm32f4xx_hal.o
 .comment       0x00000043       0x44 ./Drivers/STM32F4xx_HAL_Driver/Src/stm32f4xx_hal_adc.o
 .comment       0x00000043       0x44 ./Drivers/STM32F4xx_HAL_Driver/Src/stm32f4xx_hal_cortex.o
 .comment       0x00000043       0x44 ./Drivers/STM32F4xx_HAL_Driver/Src/stm32f4xx_hal_dma.o
 .comment       0x00000043       0x44 ./Drivers/STM32F4xx_HAL_Driver/Src/stm32f4xx_hal_gpio.o
 .comment       0x00000043       0x44 ./Drivers/STM32F4xx_HAL_Driver/Src/stm32f4xx_hal_pwr_ex.o
 .comment       0x00000043       0x44 ./Drivers/STM32F4xx_HAL_Driver/Src/stm32f4xx_hal_rcc.o
 .comment       0x00000043       0x44 ./Drivers/STM32F4xx_HAL_Driver/Src/stm32f4xx_hal_tim.o
 .comment       0x00000043       0x44 ./Drivers/STM32F4xx_HAL_Driver/Src/stm32f4xx_hal_tim_ex.o
 .comment       0x00000043       0x44 ./Drivers/STM32F4xx_HAL_Driver/Src/stm32f4xx_hal_uart.o

.debug_frame    0x00000000     0x4490
 .debug_frame   0x00000000       0x78 ./BSP/Src/bsp_adc.o
 .debug_frame   0x00000078       0x58 ./BSP/Src/global_timer.o
 .debug_frame   0x000000d0       0x34 ./BSP/Src/key_bsp.o
 .debug_frame   0x00000104      0x10c ./BSP/Src/led_bsp.o
 .debug_frame   0x00000210      0x128 ./BSP/Src/task_bsp.o
 .debug_frame   0x00000338       0xf8 ./BSP/Src/tools_bsp.o
 .debug_frame   0x00000430       0x38 ./BSP/Src/usart_bsp.o
 .debug_frame   0x00000468       0x7c ./Core/Src/adc.o
 .debug_frame   0x000004e4       0x34 ./Core/Src/dma.o
 .debug_frame   0x00000518       0x34 ./Core/Src/gpio.o
 .debug_frame   0x0000054c       0x68 ./Core/Src/main.o
 .debug_frame   0x000005b4       0x38 ./Core/Src/stm32f4xx_hal_msp.o
 .debug_frame   0x000005ec      0x1e4 ./Core/Src/stm32f4xx_it.o
 .debug_frame   0x000007d0       0x34 ./Core/Src/sysmem.o
 .debug_frame   0x00000804       0x58 ./Core/Src/system_stm32f4xx.o
 .debug_frame   0x0000085c       0xa0 ./Core/Src/tim.o
 .debug_frame   0x000008fc       0x74 ./Core/Src/usart.o
 .debug_frame   0x00000970      0x3b4 ./Drivers/STM32F4xx_HAL_Driver/Src/stm32f4xx_hal.o
 .debug_frame   0x00000d24      0x3fc ./Drivers/STM32F4xx_HAL_Driver/Src/stm32f4xx_hal_adc.o
 .debug_frame   0x00001120      0x508 ./Drivers/STM32F4xx_HAL_Driver/Src/stm32f4xx_hal_cortex.o
 .debug_frame   0x00001628      0x250 ./Drivers/STM32F4xx_HAL_Driver/Src/stm32f4xx_hal_dma.o
 .debug_frame   0x00001878      0x14c ./Drivers/STM32F4xx_HAL_Driver/Src/stm32f4xx_hal_gpio.o
 .debug_frame   0x000019c4      0x14c ./Drivers/STM32F4xx_HAL_Driver/Src/stm32f4xx_hal_pwr_ex.o
 .debug_frame   0x00001b10      0x1f4 ./Drivers/STM32F4xx_HAL_Driver/Src/stm32f4xx_hal_rcc.o
 .debug_frame   0x00001d04     0x11c0 ./Drivers/STM32F4xx_HAL_Driver/Src/stm32f4xx_hal_tim.o
 .debug_frame   0x00002ec4      0x638 ./Drivers/STM32F4xx_HAL_Driver/Src/stm32f4xx_hal_tim_ex.o
 .debug_frame   0x000034fc      0x954 ./Drivers/STM32F4xx_HAL_Driver/Src/stm32f4xx_hal_uart.o
 .debug_frame   0x00003e50      0x144 C:/ST/STM32CubeIDE_1.17.0/STM32CubeIDE/plugins/com.st.stm32cube.ide.mcu.externaltools.gnu-tools-for-stm32.12.3.rel1.win32_1.1.0.202410251130/tools/bin/../lib/gcc/arm-none-eabi/12.3.1/../../../../arm-none-eabi/lib/thumb/v7e-m+fp/hard\libc_nano.a(libc_a-findfp.o)
 .debug_frame   0x00003f94       0x7c C:/ST/STM32CubeIDE_1.17.0/STM32CubeIDE/plugins/com.st.stm32cube.ide.mcu.externaltools.gnu-tools-for-stm32.12.3.rel1.win32_1.1.0.202410251130/tools/bin/../lib/gcc/arm-none-eabi/12.3.1/../../../../arm-none-eabi/lib/thumb/v7e-m+fp/hard\libc_nano.a(libc_a-snprintf.o)
 .debug_frame   0x00004010       0x4c C:/ST/STM32CubeIDE_1.17.0/STM32CubeIDE/plugins/com.st.stm32cube.ide.mcu.externaltools.gnu-tools-for-stm32.12.3.rel1.win32_1.1.0.202410251130/tools/bin/../lib/gcc/arm-none-eabi/12.3.1/../../../../arm-none-eabi/lib/thumb/v7e-m+fp/hard\libc_nano.a(libc_a-vsnprintf.o)