Archive member included to satisfy reference by file (symbol)

C:/ST/STM32CubeIDE_1.17.0/STM32CubeIDE/plugins/com.st.stm32cube.ide.mcu.externaltools.gnu-tools-for-stm32.12.3.rel1.win32_1.1.0.202410251130/tools/bin/../lib/gcc/arm-none-eabi/12.3.1/../../../../arm-none-eabi/lib/thumb/v7e-m+fp/hard\libc_nano.a(libc_a-exit.o)
                              C:/ST/STM32CubeIDE_1.17.0/STM32CubeIDE/plugins/com.st.stm32cube.ide.mcu.externaltools.gnu-tools-for-stm32.12.3.rel1.win32_1.1.0.202410251130/tools/bin/../lib/gcc/arm-none-eabi/12.3.1/../../../../arm-none-eabi/lib/thumb/v7e-m+fp/hard/crt0.o (exit)
C:/ST/STM32CubeIDE_1.17.0/STM32CubeIDE/plugins/com.st.stm32cube.ide.mcu.externaltools.gnu-tools-for-stm32.12.3.rel1.win32_1.1.0.202410251130/tools/bin/../lib/gcc/arm-none-eabi/12.3.1/../../../../arm-none-eabi/lib/thumb/v7e-m+fp/hard\libc_nano.a(libc_a-findfp.o)
                              C:/ST/STM32CubeIDE_1.17.0/STM32CubeIDE/plugins/com.st.stm32cube.ide.mcu.externaltools.gnu-tools-for-stm32.12.3.rel1.win32_1.1.0.202410251130/tools/bin/../lib/gcc/arm-none-eabi/12.3.1/../../../../arm-none-eabi/lib/thumb/v7e-m+fp/hard\libc_nano.a(libc_a-exit.o) (__stdio_exit_handler)
C:/ST/STM32CubeIDE_1.17.0/STM32CubeIDE/plugins/com.st.stm32cube.ide.mcu.externaltools.gnu-tools-for-stm32.12.3.rel1.win32_1.1.0.202410251130/tools/bin/../lib/gcc/arm-none-eabi/12.3.1/../../../../arm-none-eabi/lib/thumb/v7e-m+fp/hard\libc_nano.a(libc_a-fwalk.o)
                              C:/ST/STM32CubeIDE_1.17.0/STM32CubeIDE/plugins/com.st.stm32cube.ide.mcu.externaltools.gnu-tools-for-stm32.12.3.rel1.win32_1.1.0.202410251130/tools/bin/../lib/gcc/arm-none-eabi/12.3.1/../../../../arm-none-eabi/lib/thumb/v7e-m+fp/hard\libc_nano.a(libc_a-findfp.o) (_fwalk_sglue)
C:/ST/STM32CubeIDE_1.17.0/STM32CubeIDE/plugins/com.st.stm32cube.ide.mcu.externaltools.gnu-tools-for-stm32.12.3.rel1.win32_1.1.0.202410251130/tools/bin/../lib/gcc/arm-none-eabi/12.3.1/../../../../arm-none-eabi/lib/thumb/v7e-m+fp/hard\libc_nano.a(libc_a-snprintf.o)
                              ./BSP/LOG/Src/bsp_log.o (snprintf)
C:/ST/STM32CubeIDE_1.17.0/STM32CubeIDE/plugins/com.st.stm32cube.ide.mcu.externaltools.gnu-tools-for-stm32.12.3.rel1.win32_1.1.0.202410251130/tools/bin/../lib/gcc/arm-none-eabi/12.3.1/../../../../arm-none-eabi/lib/thumb/v7e-m+fp/hard\libc_nano.a(libc_a-stdio.o)
                              C:/ST/STM32CubeIDE_1.17.0/STM32CubeIDE/plugins/com.st.stm32cube.ide.mcu.externaltools.gnu-tools-for-stm32.12.3.rel1.win32_1.1.0.202410251130/tools/bin/../lib/gcc/arm-none-eabi/12.3.1/../../../../arm-none-eabi/lib/thumb/v7e-m+fp/hard\libc_nano.a(libc_a-findfp.o) (__sread)
C:/ST/STM32CubeIDE_1.17.0/STM32CubeIDE/plugins/com.st.stm32cube.ide.mcu.externaltools.gnu-tools-for-stm32.12.3.rel1.win32_1.1.0.202410251130/tools/bin/../lib/gcc/arm-none-eabi/12.3.1/../../../../arm-none-eabi/lib/thumb/v7e-m+fp/hard\libc_nano.a(libc_a-vsnprintf.o)
                              ./BSP/LOG/Src/bsp_log.o (vsnprintf)
C:/ST/STM32CubeIDE_1.17.0/STM32CubeIDE/plugins/com.st.stm32cube.ide.mcu.externaltools.gnu-tools-for-stm32.12.3.rel1.win32_1.1.0.202410251130/tools/bin/../lib/gcc/arm-none-eabi/12.3.1/../../../../arm-none-eabi/lib/thumb/v7e-m+fp/hard\libc_nano.a(libc_a-memset.o)
                              C:/ST/STM32CubeIDE_1.17.0/STM32CubeIDE/plugins/com.st.stm32cube.ide.mcu.externaltools.gnu-tools-for-stm32.12.3.rel1.win32_1.1.0.202410251130/tools/bin/../lib/gcc/arm-none-eabi/12.3.1/../../../../arm-none-eabi/lib/thumb/v7e-m+fp/hard/crt0.o (memset)
C:/ST/STM32CubeIDE_1.17.0/STM32CubeIDE/plugins/com.st.stm32cube.ide.mcu.externaltools.gnu-tools-for-stm32.12.3.rel1.win32_1.1.0.202410251130/tools/bin/../lib/gcc/arm-none-eabi/12.3.1/../../../../arm-none-eabi/lib/thumb/v7e-m+fp/hard\libc_nano.a(libc_a-closer.o)
                              C:/ST/STM32CubeIDE_1.17.0/STM32CubeIDE/plugins/com.st.stm32cube.ide.mcu.externaltools.gnu-tools-for-stm32.12.3.rel1.win32_1.1.0.202410251130/tools/bin/../lib/gcc/arm-none-eabi/12.3.1/../../../../arm-none-eabi/lib/thumb/v7e-m+fp/hard\libc_nano.a(libc_a-stdio.o) (_close_r)
C:/ST/STM32CubeIDE_1.17.0/STM32CubeIDE/plugins/com.st.stm32cube.ide.mcu.externaltools.gnu-tools-for-stm32.12.3.rel1.win32_1.1.0.202410251130/tools/bin/../lib/gcc/arm-none-eabi/12.3.1/../../../../arm-none-eabi/lib/thumb/v7e-m+fp/hard\libc_nano.a(libc_a-reent.o)
                              C:/ST/STM32CubeIDE_1.17.0/STM32CubeIDE/plugins/com.st.stm32cube.ide.mcu.externaltools.gnu-tools-for-stm32.12.3.rel1.win32_1.1.0.202410251130/tools/bin/../lib/gcc/arm-none-eabi/12.3.1/../../../../arm-none-eabi/lib/thumb/v7e-m+fp/hard\libc_nano.a(libc_a-closer.o) (errno)
C:/ST/STM32CubeIDE_1.17.0/STM32CubeIDE/plugins/com.st.stm32cube.ide.mcu.externaltools.gnu-tools-for-stm32.12.3.rel1.win32_1.1.0.202410251130/tools/bin/../lib/gcc/arm-none-eabi/12.3.1/../../../../arm-none-eabi/lib/thumb/v7e-m+fp/hard\libc_nano.a(libc_a-impure.o)
[...]
Memory Configuration

Name             Origin             Length             Attributes
CCMRAM           0x10000000         0x00010000         xrw
RAM              0x20000000         0x00030000         xrw
FLASH            0x08000000         0x00100000         xr
*default*        0x00000000         0xffffffff

Linker script and memory map

LOAD C:/ST/STM32CubeIDE_1.17.0/STM32CubeIDE/plugins/com.st.stm32cube.ide.mcu.externaltools.gnu-tools-for-stm32.12.3.rel1.win32_1.1.0.202410251130/tools/bin/../lib/gcc/arm-none-eabi/12.3.1/thumb/v7e-m+fp/hard/crti.o
LOAD C:/ST/STM32CubeIDE_1.17.0/STM32CubeIDE/plugins/com.st.stm32cube.ide.mcu.externaltools.gnu-tools-for-stm32.12.3.rel1.win32_1.1.0.202410251130/tools/bin/../lib/gcc/arm-none-eabi/12.3.1/thumb/v7e-m+fp/hard/crtbegin.o
LOAD C:/ST/STM32CubeIDE_1.17.0/STM32CubeIDE/plugins/com.st.stm32cube.ide.mcu.externaltools.gnu-tools-for-stm32.12.3.rel1.win32_1.1.0.202410251130/tools/bin/../lib/gcc/arm-none-eabi/12.3.1/../../../../arm-none-eabi/lib/thumb/v7e-m+fp/hard/crt0.o
LOAD ./BSP/EEPROM/Src/bsp_I2C_eeprom.o
LOAD ./BSP/LCD/Src/GUI.o
LOAD ./BSP/LCD/Src/Lcd_Driver.o
LOAD ./BSP/LOG/Src/bsp_log.o
LOAD ./BSP/PWM/Src/bsp_tower.o
LOAD ./BSP/TASK/Src/bsp_timer.o
LOAD ./BSP/TASK/Src/task_bsp.o
LOAD ./Core/Src/dma.o
LOAD ./Core/Src/gpio.o
LOAD ./Core/Src/i2c.o
LOAD ./Core/Src/main.o
LOAD ./Core/Src/stm32f4xx_hal_msp.o
LOAD ./Core/Src/stm32f4xx_it.o
LOAD ./Core/Src/syscalls.o
LOAD ./Core/Src/sysmem.o
LOAD ./Core/Src/system_stm32f4xx.o
LOAD ./Core/Src/tim.o
LOAD ./Core/Src/usart.o
LOAD ./Core/Startup/startup_stm32f429igtx.o
LOAD ./Drivers/STM32F4xx_HAL_Driver/Src/stm32f4xx_hal.o
LOAD ./Drivers/STM32F4xx_HAL_Driver/Src/stm32f4xx_hal_cortex.o
LOAD ./Drivers/STM32F4xx_HAL_Driver/Src/stm32f4xx_hal_dma.o
LOAD ./Drivers/STM32F4xx_HAL_Driver/Src/stm32f4xx_hal_dma_ex.o
LOAD ./Drivers/STM32F4xx_HAL_Driver/Src/stm32f4xx_hal_exti.o
LOAD ./Drivers/STM32F4xx_HAL_Driver/Src/stm32f4xx_hal_flash.o
LOAD ./Drivers/STM32F4xx_HAL_Driver/Src/stm32f4xx_hal_flash_ex.o
LOAD ./Drivers/STM32F4xx_HAL_Driver/Src/stm32f4xx_hal_flash_ramfunc.o
LOAD ./Drivers/STM32F4xx_HAL_Driver/Src/stm32f4xx_hal_gpio.o
LOAD ./Drivers/STM32F4xx_HAL_Driver/Src/stm32f4xx_hal_i2c.o
LOAD ./Drivers/STM32F4xx_HAL_Driver/Src/stm32f4xx_hal_i2c_ex.o
LOAD ./Drivers/STM32F4xx_HAL_Driver/Src/stm32f4xx_hal_pwr.o
LOAD ./Drivers/STM32F4xx_HAL_Driver/Src/stm32f4xx_hal_pwr_ex.o
LOAD ./Drivers/STM32F4xx_HAL_Driver/Src/stm32f4xx_hal_rcc.o
LOAD ./Drivers/STM32F4xx_HAL_Driver/Src/stm32f4xx_hal_rcc_ex.o
LOAD ./Drivers/STM32F4xx_HAL_Driver/Src/stm32f4xx_hal_tim.o
LOAD ./Drivers/STM32F4xx_HAL_Driver/Src/stm32f4xx_hal_tim_ex.o
LOAD ./Drivers/STM32F4xx_HAL_Driver/Src/stm32f4xx_hal_uart.o
START GROUP
LOAD C:/ST/STM32CubeIDE_1.17.0/STM32CubeIDE/plugins/com.st.stm32cube.ide.mcu.externaltools.gnu-tools-for-stm32.12.3.rel1.win32_1.1.0.202410251130/tools/bin/../lib/gcc/arm-none-eabi/12.3.1/../../../../arm-none-eabi/lib/thumb/v7e-m+fp/hard\libc_nano.a
LOAD C:/ST/STM32CubeIDE_1.17.0/STM32CubeIDE/plugins/com.st.stm32cube.ide.mcu.externaltools.gnu-tools-for-stm32.12.3.rel1.win32_1.1.0.202410251130/tools/bin/../lib/gcc/arm-none-eabi/12.3.1/../../../../arm-none-eabi/lib/thumb/v7e-m+fp/hard\libm.a
END GROUP
START GROUP
LOAD C:/ST/STM32CubeIDE_1.17.0/STM32CubeIDE/plugins/com.st.stm32cube.ide.mcu.externaltools.gnu-tools-for-stm32.12.3.rel1.win32_1.1.0.202410251130/tools/bin/../lib/gcc/arm-none-eabi/12.3.1/thumb/v7e-m+fp/hard\libgcc.a
LOAD C:/ST/STM32CubeIDE_1.17.0/STM32CubeIDE/plugins/com.st.stm32cube.ide.mcu.externaltools.gnu-tools-for-stm32.12.3.rel1.win32_1.1.0.202410251130/tools/bin/../lib/gcc/arm-none-eabi/12.3.1/../../../../arm-none-eabi/lib/thumb/v7e-m+fp/hard\libc_nano.a
END GROUP
START GROUP
LOAD C:/ST/STM32CubeIDE_1.17.0/STM32CubeIDE/plugins/com.st.stm32cube.ide.mcu.externaltools.gnu-tools-for-stm32.12.3.rel1.win32_1.1.0.202410251130/tools/bin/../lib/gcc/arm-none-eabi/12.3.1/thumb/v7e-m+fp/hard\libgcc.a
LOAD C:/ST/STM32CubeIDE_1.17.0/STM32CubeIDE/plugins/com.st.stm32cube.ide.mcu.externaltools.gnu-tools-for-stm32.12.3.rel1.win32_1.1.0.202410251130/tools/bin/../lib/gcc/arm-none-eabi/12.3.1/../../../../arm-none-eabi/lib/thumb/v7e-m+fp/hard\libc_nano.a
LOAD C:/ST/STM32CubeIDE_1.17.0/STM32CubeIDE/plugins/com.st.stm32cube.ide.mcu.externaltools.gnu-tools-for-stm32.12.3.rel1.win32_1.1.0.202410251130/tools/bin/../lib/gcc/arm-none-eabi/12.3.1/../../../../arm-none-eabi/lib/thumb/v7e-m+fp/hard\libnosys.a
END GROUP
START GROUP
LOAD C:/ST/STM32CubeIDE_1.17.0/STM32CubeIDE/plugins/com.st.stm32cube.ide.mcu.externaltools.gnu-tools-for-stm32.12.3.rel1.win32_1.1.0.202410251130/tools/bin/../lib/gcc/arm-none-eabi/12.3.1/thumb/v7e-m+fp/hard\libgcc.a
LOAD C:/ST/STM32CubeIDE_1.17.0/STM32CubeIDE/plugins/com.st.stm32cube.ide.mcu.externaltools.gnu-tools-for-stm32.12.3.rel1.win32_1.1.0.202410251130/tools/bin/../lib/gcc/arm-none-eabi/12.3.1/../../../../arm-none-eabi/lib/thumb/v7e-m+fp/hard\libc_nano.a
LOAD C:/ST/STM32CubeIDE_1.17.0/STM32CubeIDE/plugins/com.st.stm32cube.ide.mcu.externaltools.gnu-tools-for-stm32.12.3.rel1.win32_1.1.0.202410251130/tools/bin/../lib/gcc/arm-none-eabi/12.3.1/../../../../arm-none-eabi/lib/thumb/v7e-m+fp/hard\libnosys.a
END GROUP
LOAD C:/ST/STM32CubeIDE_1.17.0/STM32CubeIDE/plugins/com.st.stm32cube.ide.mcu.externaltools.gnu-tools-for-stm32.12.3.rel1.win32_1.1.0.202410251130/tools/bin/../lib/gcc/arm-none-eabi/12.3.1/thumb/v7e-m+fp/hard/crtend.o
LOAD C:/ST/STM32CubeIDE_1.17.0/STM32CubeIDE/plugins/com.st.stm32cube.ide.mcu.externaltools.gnu-tools-for-stm32.12.3.rel1.win32_1.1.0.202410251130/tools/bin/../lib/gcc/arm-none-eabi/12.3.1/thumb/v7e-m+fp/hard/crtn.o
                0x20030000                        _estack = (ORIGIN (RAM) + LENGTH (RAM))
                0x00000200                        _Min_Heap_Size = 0x200
                0x00000400                        _Min_Stack_Size = 0x400

.isr_vector     0x08000000      0x1ac
                0x08000000                        . = ALIGN (0x4)
 *(.isr_vector)
 .isr_vector    0x08000000      0x1ac ./Core/Startup/startup_stm32f429igtx.o
                0x08000000                g_pfnVectors
                0x080001ac                        . = ALIGN (0x4)

.text           0x080001b0     0x7c08
                0x080001b0                        . = ALIGN (0x4)
 *(.text)
 .text          0x080001b0       0x40 C:/ST/STM32CubeIDE_1.17.0/STM32CubeIDE/plugins/com.st.stm32cube.ide.mcu.externaltools.gnu-tools-for-stm32.12.3.rel1.win32_1.1.0.202410251130/tools/bin/../lib/gcc/arm-none-eabi/12.3.1/thumb/v7e-m+fp/hard/crtbegin.o
 .text          0x080001f0       0xa0 C:/ST/STM32CubeIDE_1.17.0/STM32CubeIDE/plugins/com.st.stm32cube.ide.mcu.externaltools.gnu-tools-for-stm32.12.3.rel1.win32_1.1.0.202410251130/tools/bin/../lib/gcc/arm-none-eabi/12.3.1/../../../../arm-none-eabi/lib/thumb/v7e-m+fp/hard\libc_nano.a(libc_a-memchr.o)
                0x080001f0                memchr
 .text          0x08000290       0x30 C:/ST/STM32CubeIDE_1.17.0/STM32CubeIDE/plugins/com.st.stm32cube.ide.mcu.externaltools.gnu-tools-for-stm32.12.3.rel1.win32_1.1.0.202410251130/tools/bin/../lib/gcc/arm-none-eabi/12.3.1/thumb/v7e-m+fp/hard\libgcc.a(_aeabi_uldivmod.o)
                0x08000290                __aeabi_uldivmod
 .text          0x080002c0      0x2bc C:/ST/STM32CubeIDE_1.17.0/STM32CubeIDE/plugins/com.st.stm32cube.ide.mcu.externaltools.gnu-tools-for-stm32.12.3.rel1.win32_1.1.0.202410251130/tools/bin/../lib/gcc/arm-none-eabi/12.3.1/thumb/v7e-m+fp/hard\libgcc.a(_udivmoddi4.o)
                0x080002c0                __udivmoddi4
 .text          0x0800057c        0x4 C:/ST/STM32CubeIDE_1.17.0/STM32CubeIDE/plugins/com.st.stm32cube.ide.mcu.externaltools.gnu-tools-for-stm32.12.3.rel1.win32_1.1.0.202410251130/tools/bin/../lib/gcc/arm-none-eabi/12.3.1/thumb/v7e-m+fp/hard\libgcc.a(_dvmd_tls.o)
                0x0800057c                __aeabi_idiv0
                0x0800057c                __aeabi_ldiv0
 *(.text*)
 .text.HAL_I2C_MasterTxCpltCallback
                0x08000580       0x2c ./BSP/EEPROM/Src/bsp_I2C_eeprom.o
                0x08000580                HAL_I2C_MasterTxCpltCallback
 .text.HAL_I2C_MasterRxCpltCallback
                0x080005ac       0x2c ./BSP/EEPROM/Src/bsp_I2C_eeprom.o
                0x080005ac                HAL_I2C_MasterRxCpltCallback
 .text.HAL_I2C_MemTxCpltCallback
                0x080005d8       0x2c ./BSP/EEPROM/Src/bsp_I2C_eeprom.o
                0x080005d8                HAL_I2C_MemTxCpltCallback
 .text.HAL_I2C_MemRxCpltCallback
                0x08000604       0x2c ./BSP/EEPROM/Src/bsp_I2C_eeprom.o
                0x08000604                HAL_I2C_MemRxCpltCallback
 .text.SPI_WriteData
                0x08000630       0x68 ./BSP/LCD/Src/Lcd_Driver.o
                0x08000630                SPI_WriteData
 .text.Lcd_WriteIndex
                0x08000698       0x44 ./BSP/LCD/Src/Lcd_Driver.o
                0x08000698                Lcd_WriteIndex
 .text.Lcd_WriteData
                0x080006dc       0x44 ./BSP/LCD/Src/Lcd_Driver.o
                0x080006dc                Lcd_WriteData
 .text.LCD_WriteData_16Bit
                0x08000720       0x54 ./BSP/LCD/Src/Lcd_Driver.o
                0x08000720                LCD_WriteData_16Bit
 .text.Lcd_Reset
                0x08000774       0x30 ./BSP/LCD/Src/Lcd_Driver.o
                0x08000774                Lcd_Reset
 .text.Lcd_Init
                0x080007a4      0x222 ./BSP/LCD/Src/Lcd_Driver.o
                0x080007a4                Lcd_Init
 .text.Lcd_SetRegion
                0x080009c6       0x88 ./BSP/LCD/Src/Lcd_Driver.o
                0x080009c6                Lcd_SetRegion
 .text.Lcd_Clear
                0x08000a4e       0x52 ./BSP/LCD/Src/Lcd_Driver.o
                0x08000a4e                Lcd_Clear
 .text.DEBUG_PRINTF
                0x08000aa0       0xac ./BSP/LOG/Src/bsp_log.o
                0x08000aa0                DEBUG_PRINTF
 .text.HAL_UARTEx_RxEventCallback
                0x08000b4c       0x50 ./BSP/LOG/Src/bsp_log.o
                0x08000b4c                HAL_UARTEx_RxEventCallback
 .text.HAL_UART_TxCpltCallback
                0x08000b9c       0x2c ./BSP/LOG/Src/bsp_log.o
                0x08000b9c                HAL_UART_TxCpltCallback
 .text.Tower_Init
                0x08000bc8       0x14 ./BSP/PWM/Src/bsp_tower.o
                0x08000bc8                Tower_Init
 .text.GreenLed_Test
                0x08000bdc       0x7c ./BSP/PWM/Src/bsp_tower.o
                0x08000bdc                GreenLed_Test
 .text.HAL_TIM_PeriodElapsedCallback
                0x08000c58       0x84 ./BSP/TASK/Src/bsp_timer.o
                0x08000c58                HAL_TIM_PeriodElapsedCallback
 .text.Task_1ms_Entry
                0x08000cdc       0x20 ./BSP/TASK/Src/task_bsp.o
                0x08000cdc                Task_1ms_Entry
 .text.Task_5ms_Entry
                0x08000cfc       0x20 ./BSP/TASK/Src/task_bsp.o
                0x08000cfc                Task_5ms_Entry
 .text.Task_10ms_Entry
                0x08000d1c       0x20 ./BSP/TASK/Src/task_bsp.o
                0x08000d1c                Task_10ms_Entry
 .text.Task_50ms_Entry
                0x08000d3c       0x20 ./BSP/TASK/Src/task_bsp.o
                0x08000d3c                Task_50ms_Entry
 .text.Task_100ms_Entry
                0x08000d5c       0x20 ./BSP/TASK/Src/task_bsp.o
                0x08000d5c                Task_100ms_Entry
 .text.Task_500ms_Entry
                0x08000d7c       0x24 ./BSP/TASK/Src/task_bsp.o
                0x08000d7c                Task_500ms_Entry
 .text.Task_1000ms_Entry
                0x08000da0       0x28 ./BSP/TASK/Src/task_bsp.o
                0x08000da0                Task_1000ms_Entry
 .text.OS_Init  0x08000dc8       0x5c ./BSP/TASK/Src/task_bsp.o
                0x08000dc8                OS_Init
 .text.Start_OS
                0x08000e24       0x7c ./BSP/TASK/Src/task_bsp.o
                0x08000e24                Start_OS
 .text.MX_DMA_Init
                0x08000ea0      0x104 ./Core/Src/dma.o
                0x08000ea0                MX_DMA_Init
 .text.MX_GPIO_Init
                0x08000fa4      0x108 ./Core/Src/gpio.o
                0x08000fa4                MX_GPIO_Init
 .text.MX_I2C1_Init
                0x080010ac       0x80 ./Core/Src/i2c.o
                0x080010ac                MX_I2C1_Init
 .text.HAL_I2C_MspInit
                0x0800112c      0x178 ./Core/Src/i2c.o
                0x0800112c                HAL_I2C_MspInit
 .text.main     0x080012a4       0x2e ./Core/Src/main.o
                0x080012a4                main
 *fill*         0x080012d2        0x2 
 .text.SystemClock_Config
                0x080012d4       0xe0 ./Core/Src/main.o
                0x080012d4                SystemClock_Config
 .text.Error_Handler
                0x080013b4        0xc ./Core/Src/main.o
                0x080013b4                Error_Handler
 .text.HAL_MspInit
                0x080013c0       0x50 ./Core/Src/stm32f4xx_hal_msp.o
                0x080013c0                HAL_MspInit
 .text.NMI_Handler
                0x08001410        0x8 ./Core/Src/stm32f4xx_it.o
                0x08001410                NMI_Handler
 .text.HardFault_Handler
                0x08001418        0x8 ./Core/Src/stm32f4xx_it.o
                0x08001418                HardFault_Handler
 .text.MemManage_Handler
                0x08001420        0x8 ./Core/Src/stm32f4xx_it.o
                0x08001420                MemManage_Handler
 .text.BusFault_Handler
                0x08001428        0x8 ./Core/Src/stm32f4xx_it.o
                0x08001428                BusFault_Handler
 .text.UsageFault_Handler
                0x08001430        0x8 ./Core/Src/stm32f4xx_it.o
                0x08001430                UsageFault_Handler
 .text.SVC_Handler
                0x08001438        0xe ./Core/Src/stm32f4xx_it.o
                0x08001438                SVC_Handler
 .text.DebugMon_Handler
                0x08001446        0xe ./Core/Src/stm32f4xx_it.o
                0x08001446                DebugMon_Handler
 .text.PendSV_Handler
                0x08001454        0xe ./Core/Src/stm32f4xx_it.o
                0x08001454                PendSV_Handler
 .text.SysTick_Handler
                0x08001462        0xc ./Core/Src/stm32f4xx_it.o
                0x08001462                SysTick_Handler
 *fill*         0x0800146e        0x2 
 .text.DMA1_Stream0_IRQHandler
                0x08001470       0x14 ./Core/Src/stm32f4xx_it.o
                0x08001470                DMA1_Stream0_IRQHandler
 .text.DMA1_Stream6_IRQHandler
                0x08001484       0x14 ./Core/Src/stm32f4xx_it.o
                0x08001484                DMA1_Stream6_IRQHandler
 .text.TIM3_IRQHandler
                0x08001498       0x14 ./Core/Src/stm32f4xx_it.o
                0x08001498                TIM3_IRQHandler
 .text.I2C1_EV_IRQHandler
                0x080014ac       0x14 ./Core/Src/stm32f4xx_it.o
                0x080014ac                I2C1_EV_IRQHandler
 .text.I2C1_ER_IRQHandler
                0x080014c0       0x14 ./Core/Src/stm32f4xx_it.o
                0x080014c0                I2C1_ER_IRQHandler
 .text.USART1_IRQHandler
                0x080014d4       0x14 ./Core/Src/stm32f4xx_it.o
                0x080014d4                USART1_IRQHandler
 .text.DMA2_Stream0_IRQHandler
                0x080014e8       0x14 ./Core/Src/stm32f4xx_it.o
                0x080014e8                DMA2_Stream0_IRQHandler
 .text.DMA2_Stream2_IRQHandler
                0x080014fc       0x14 ./Core/Src/stm32f4xx_it.o
                0x080014fc                DMA2_Stream2_IRQHandler
 .text.DMA2_Stream7_IRQHandler
                0x08001510       0x14 ./Core/Src/stm32f4xx_it.o
                0x08001510                DMA2_Stream7_IRQHandler
 .text._sbrk    0x08001524       0x6c ./Core/Src/sysmem.o
                0x08001524                _sbrk
 .text.SystemInit
                0x08001590       0x24 ./Core/Src/system_stm32f4xx.o
                0x08001590                SystemInit
 .text.MX_TIM3_Init
                0x080015b4       0x9c ./Core/Src/tim.o
                0x080015b4                MX_TIM3_Init
 .text.MX_TIM5_Init
                0x08001650       0xb4 ./Core/Src/tim.o
                0x08001650                MX_TIM5_Init
 .text.HAL_TIM_Base_MspInit
                0x08001704       0x50 ./Core/Src/tim.o
                0x08001704                HAL_TIM_Base_MspInit
 .text.HAL_TIM_PWM_MspInit
                0x08001754       0x44 ./Core/Src/tim.o
                0x08001754                HAL_TIM_PWM_MspInit
 .text.HAL_TIM_MspPostInit
                0x08001798       0x74 ./Core/Src/tim.o
                0x08001798                HAL_TIM_MspPostInit
 .text.MX_USART1_UART_Init
                0x0800180c       0x54 ./Core/Src/usart.o
                0x0800180c                MX_USART1_UART_Init
 .text.HAL_UART_MspInit
                0x08001860      0x16c ./Core/Src/usart.o
                0x08001860                HAL_UART_MspInit
 .text.Reset_Handler
                0x080019cc       0x50 ./Core/Startup/startup_stm32f429igtx.o
                0x080019cc                Reset_Handler
 .text.Default_Handler
                0x08001a1c        0x2 ./Core/Startup/startup_stm32f429igtx.o
                0x08001a1c                RTC_Alarm_IRQHandler
                0x08001a1c                HASH_RNG_IRQHandler
                0x08001a1c                EXTI2_IRQHandler
                0x08001a1c                TIM8_CC_IRQHandler
                0x08001a1c                UART8_IRQHandler
                0x08001a1c                SPI4_IRQHandler
                0x08001a1c                TIM1_CC_IRQHandler
                0x08001a1c                DMA2_Stream5_IRQHandler
                0x08001a1c                DMA1_Stream5_IRQHandler
                0x08001a1c                PVD_IRQHandler
                0x08001a1c                SDIO_IRQHandler
                0x08001a1c                TAMP_STAMP_IRQHandler
                0x08001a1c                CAN2_RX1_IRQHandler
                0x08001a1c                EXTI3_IRQHandler
                0x08001a1c                TIM8_TRG_COM_TIM14_IRQHandler
                0x08001a1c                TIM1_UP_TIM10_IRQHandler
                0x08001a1c                TIM8_UP_TIM13_IRQHandler
                0x08001a1c                I2C3_ER_IRQHandler
                0x08001a1c                EXTI0_IRQHandler
                0x08001a1c                I2C2_EV_IRQHandler
                0x08001a1c                DMA1_Stream2_IRQHandler
                0x08001a1c                CAN1_RX0_IRQHandler
                0x08001a1c                FPU_IRQHandler
                0x08001a1c                OTG_HS_WKUP_IRQHandler
                0x08001a1c                LTDC_ER_IRQHandler
                0x08001a1c                CAN2_SCE_IRQHandler
                0x08001a1c                SPI1_IRQHandler
                0x08001a1c                TIM6_DAC_IRQHandler
                0x08001a1c                TIM1_BRK_TIM9_IRQHandler
                0x08001a1c                DCMI_IRQHandler
                0x08001a1c                CAN2_RX0_IRQHandler
                0x08001a1c                DMA2_Stream3_IRQHandler
                0x08001a1c                USART6_IRQHandler
                0x08001a1c                USART3_IRQHandler
                0x08001a1c                CAN1_RX1_IRQHandler
                0x08001a1c                UART5_IRQHandler
                0x08001a1c                TIM4_IRQHandler
                0x08001a1c                DMA1_Stream1_IRQHandler
                0x08001a1c                UART4_IRQHandler
                0x08001a1c                RCC_IRQHandler
                0x08001a1c                TIM8_BRK_TIM12_IRQHandler
                0x08001a1c                Default_Handler
                0x08001a1c                EXTI15_10_IRQHandler
                0x08001a1c                ADC_IRQHandler
                0x08001a1c                DMA1_Stream7_IRQHandler
                0x08001a1c                SPI5_IRQHandler
                0x08001a1c                TIM7_IRQHandler
                0x08001a1c                CAN2_TX_IRQHandler
                0x08001a1c                TIM5_IRQHandler
                0x08001a1c                I2C3_EV_IRQHandler
                0x08001a1c                EXTI9_5_IRQHandler
                0x08001a1c                RTC_WKUP_IRQHandler
                0x08001a1c                LTDC_IRQHandler
                0x08001a1c                ETH_WKUP_IRQHandler
                0x08001a1c                SPI2_IRQHandler
                0x08001a1c                OTG_HS_EP1_IN_IRQHandler
                0x08001a1c                CAN1_TX_IRQHandler
                0x08001a1c                EXTI4_IRQHandler
                0x08001a1c                ETH_IRQHandler
                0x08001a1c                OTG_HS_EP1_OUT_IRQHandler
                0x08001a1c                WWDG_IRQHandler
                0x08001a1c                SPI6_IRQHandler
                0x08001a1c                TIM2_IRQHandler
                0x08001a1c                OTG_FS_WKUP_IRQHandler
                0x08001a1c                TIM1_TRG_COM_TIM11_IRQHandler
                0x08001a1c                OTG_HS_IRQHandler
                0x08001a1c                DMA2D_IRQHandler
                0x08001a1c                EXTI1_IRQHandler
                0x08001a1c                UART7_IRQHandler
                0x08001a1c                USART2_IRQHandler
                0x08001a1c                I2C2_ER_IRQHandler
                0x08001a1c                DMA2_Stream1_IRQHandler
                0x08001a1c                CAN1_SCE_IRQHandler
                0x08001a1c                FLASH_IRQHandler
                0x08001a1c                DMA2_Stream4_IRQHandler
                0x08001a1c                OTG_FS_IRQHandler
                0x08001a1c                SPI3_IRQHandler
                0x08001a1c                DMA1_Stream4_IRQHandler
                0x08001a1c                FMC_IRQHandler
                0x08001a1c                DMA2_Stream6_IRQHandler
                0x08001a1c                SAI1_IRQHandler
                0x08001a1c                DMA1_Stream3_IRQHandler
 *fill*         0x08001a1e        0x2 
 .text.HAL_Init
                0x08001a20       0x44 ./Drivers/STM32F4xx_HAL_Driver/Src/stm32f4xx_hal.o
                0x08001a20                HAL_Init
 .text.HAL_InitTick
                0x08001a64       0x60 ./Drivers/STM32F4xx_HAL_Driver/Src/stm32f4xx_hal.o
                0x08001a64                HAL_InitTick
 .text.HAL_IncTick
                0x08001ac4       0x28 ./Drivers/STM32F4xx_HAL_Driver/Src/stm32f4xx_hal.o
                0x08001ac4                HAL_IncTick
 .text.HAL_GetTick
                0x08001aec       0x18 ./Drivers/STM32F4xx_HAL_Driver/Src/stm32f4xx_hal.o
                0x08001aec                HAL_GetTick
 .text.HAL_Delay
                0x08001b04       0x48 ./Drivers/STM32F4xx_HAL_Driver/Src/stm32f4xx_hal.o
                0x08001b04                HAL_Delay
 .text.__NVIC_SetPriorityGrouping
                0x08001b4c       0x48 ./Drivers/STM32F4xx_HAL_Driver/Src/stm32f4xx_hal_cortex.o
 .text.__NVIC_GetPriorityGrouping
                0x08001b94       0x1c ./Drivers/STM32F4xx_HAL_Driver/Src/stm32f4xx_hal_cortex.o
 .text.__NVIC_EnableIRQ
                0x08001bb0       0x3c ./Drivers/STM32F4xx_HAL_Driver/Src/stm32f4xx_hal_cortex.o
 .text.__NVIC_SetPriority
                0x08001bec       0x54 ./Drivers/STM32F4xx_HAL_Driver/Src/stm32f4xx_hal_cortex.o
 .text.NVIC_EncodePriority
                0x08001c40       0x66 ./Drivers/STM32F4xx_HAL_Driver/Src/stm32f4xx_hal_cortex.o
 *fill*         0x08001ca6        0x2 
 .text.SysTick_Config
                0x08001ca8       0x44 ./Drivers/STM32F4xx_HAL_Driver/Src/stm32f4xx_hal_cortex.o
 .text.HAL_NVIC_SetPriorityGrouping
                0x08001cec       0x16 ./Drivers/STM32F4xx_HAL_Driver/Src/stm32f4xx_hal_cortex.o
                0x08001cec                HAL_NVIC_SetPriorityGrouping
 .text.HAL_NVIC_SetPriority
                0x08001d02       0x38 ./Drivers/STM32F4xx_HAL_Driver/Src/stm32f4xx_hal_cortex.o
                0x08001d02                HAL_NVIC_SetPriority
 .text.HAL_NVIC_EnableIRQ
                0x08001d3a       0x1c ./Drivers/STM32F4xx_HAL_Driver/Src/stm32f4xx_hal_cortex.o
                0x08001d3a                HAL_NVIC_EnableIRQ
 .text.HAL_SYSTICK_Config
                0x08001d56       0x18 ./Drivers/STM32F4xx_HAL_Driver/Src/stm32f4xx_hal_cortex.o
                0x08001d56                HAL_SYSTICK_Config
 *fill*         0x08001d6e        0x2 
 .text.HAL_DMA_Init
                0x08001d70      0x15c ./Drivers/STM32F4xx_HAL_Driver/Src/stm32f4xx_hal_dma.o
                0x08001d70                HAL_DMA_Init
 .text.HAL_DMA_Start_IT
                0x08001ecc       0xb0 ./Drivers/STM32F4xx_HAL_Driver/Src/stm32f4xx_hal_dma.o
                0x08001ecc                HAL_DMA_Start_IT
 .text.HAL_DMA_Abort
                0x08001f7c       0xe0 ./Drivers/STM32F4xx_HAL_Driver/Src/stm32f4xx_hal_dma.o
                0x08001f7c                HAL_DMA_Abort
 .text.HAL_DMA_Abort_IT
                0x0800205c       0x44 ./Drivers/STM32F4xx_HAL_Driver/Src/stm32f4xx_hal_dma.o
                0x0800205c                HAL_DMA_Abort_IT
 .text.HAL_DMA_IRQHandler
                0x080020a0      0x314 ./Drivers/STM32F4xx_HAL_Driver/Src/stm32f4xx_hal_dma.o
                0x080020a0                HAL_DMA_IRQHandler
 .text.HAL_DMA_GetState
                0x080023b4       0x1c ./Drivers/STM32F4xx_HAL_Driver/Src/stm32f4xx_hal_dma.o
                0x080023b4                HAL_DMA_GetState
 .text.DMA_SetConfig
                0x080023d0       0x5c ./Drivers/STM32F4xx_HAL_Driver/Src/stm32f4xx_hal_dma.o
 .text.DMA_CalcBaseAndBitshift
                0x0800242c       0x6c ./Drivers/STM32F4xx_HAL_Driver/Src/stm32f4xx_hal_dma.o
 .text.DMA_CheckFifoParam
                0x08002498       0xf8 ./Drivers/STM32F4xx_HAL_Driver/Src/stm32f4xx_hal_dma.o
 .text.HAL_GPIO_Init
                0x08002590      0x358 ./Drivers/STM32F4xx_HAL_Driver/Src/stm32f4xx_hal_gpio.o
                0x08002590                HAL_GPIO_Init
 .text.HAL_GPIO_WritePin
                0x080028e8       0x32 ./Drivers/STM32F4xx_HAL_Driver/Src/stm32f4xx_hal_gpio.o
                0x080028e8                HAL_GPIO_WritePin
 *fill*         0x0800291a        0x2 
 .text.HAL_I2C_Init
                0x0800291c      0x288 ./Drivers/STM32F4xx_HAL_Driver/Src/stm32f4xx_hal_i2c.o
                0x0800291c                HAL_I2C_Init
 .text.I2C_Flush_DR
                0x08002ba4       0x2a ./Drivers/STM32F4xx_HAL_Driver/Src/stm32f4xx_hal_i2c.o
 .text.HAL_I2C_EV_IRQHandler
                0x08002bce      0x2a6 ./Drivers/STM32F4xx_HAL_Driver/Src/stm32f4xx_hal_i2c.o
                0x08002bce                HAL_I2C_EV_IRQHandler
 .text.HAL_I2C_ER_IRQHandler
                0x08002e74      0x13e ./Drivers/STM32F4xx_HAL_Driver/Src/stm32f4xx_hal_i2c.o
                0x08002e74                HAL_I2C_ER_IRQHandler
 .text.HAL_I2C_SlaveTxCpltCallback
                0x08002fb2       0x14 ./Drivers/STM32F4xx_HAL_Driver/Src/stm32f4xx_hal_i2c.o
                0x08002fb2                HAL_I2C_SlaveTxCpltCallback
 .text.HAL_I2C_SlaveRxCpltCallback
                0x08002fc6       0x14 ./Drivers/STM32F4xx_HAL_Driver/Src/stm32f4xx_hal_i2c.o
                0x08002fc6                HAL_I2C_SlaveRxCpltCallback
 .text.HAL_I2C_AddrCallback
                0x08002fda       0x1c ./Drivers/STM32F4xx_HAL_Driver/Src/stm32f4xx_hal_i2c.o
                0x08002fda                HAL_I2C_AddrCallback
 .text.HAL_I2C_ListenCpltCallback
                0x08002ff6       0x14 ./Drivers/STM32F4xx_HAL_Driver/Src/stm32f4xx_hal_i2c.o
                0x08002ff6                HAL_I2C_ListenCpltCallback
 .text.HAL_I2C_ErrorCallback
                0x0800300a       0x14 ./Drivers/STM32F4xx_HAL_Driver/Src/stm32f4xx_hal_i2c.o
                0x0800300a                HAL_I2C_ErrorCallback
 .text.HAL_I2C_AbortCpltCallback
                0x0800301e       0x14 ./Drivers/STM32F4xx_HAL_Driver/Src/stm32f4xx_hal_i2c.o
                0x0800301e                HAL_I2C_AbortCpltCallback
 .text.I2C_MasterTransmit_TXE
                0x08003032      0x138 ./Drivers/STM32F4xx_HAL_Driver/Src/stm32f4xx_hal_i2c.o
 .text.I2C_MasterTransmit_BTF
                0x0800316a       0xec ./Drivers/STM32F4xx_HAL_Driver/Src/stm32f4xx_hal_i2c.o
 .text.I2C_MemoryTransmit_TXE_BTF
                0x08003256      0x130 ./Drivers/STM32F4xx_HAL_Driver/Src/stm32f4xx_hal_i2c.o
 .text.I2C_MasterReceive_RXNE
                0x08003386      0x190 ./Drivers/STM32F4xx_HAL_Driver/Src/stm32f4xx_hal_i2c.o
 .text.I2C_MasterReceive_BTF
                0x08003516      0x1ea ./Drivers/STM32F4xx_HAL_Driver/Src/stm32f4xx_hal_i2c.o
 .text.I2C_Master_SB
                0x08003700      0x10c ./Drivers/STM32F4xx_HAL_Driver/Src/stm32f4xx_hal_i2c.o
 .text.I2C_Master_ADD10
                0x0800380c       0x54 ./Drivers/STM32F4xx_HAL_Driver/Src/stm32f4xx_hal_i2c.o
 .text.I2C_Master_ADDR
                0x08003860      0x322 ./Drivers/STM32F4xx_HAL_Driver/Src/stm32f4xx_hal_i2c.o
 .text.I2C_SlaveTransmit_TXE
                0x08003b82       0x7a ./Drivers/STM32F4xx_HAL_Driver/Src/stm32f4xx_hal_i2c.o
 .text.I2C_SlaveTransmit_BTF
                0x08003bfc       0x42 ./Drivers/STM32F4xx_HAL_Driver/Src/stm32f4xx_hal_i2c.o
 .text.I2C_SlaveReceive_RXNE
                0x08003c3e       0x7c ./Drivers/STM32F4xx_HAL_Driver/Src/stm32f4xx_hal_i2c.o
 .text.I2C_SlaveReceive_BTF
                0x08003cba       0x44 ./Drivers/STM32F4xx_HAL_Driver/Src/stm32f4xx_hal_i2c.o
 .text.I2C_Slave_ADDR
                0x08003cfe       0x90 ./Drivers/STM32F4xx_HAL_Driver/Src/stm32f4xx_hal_i2c.o
 *fill*         0x08003d8e        0x2 
 .text.I2C_Slave_STOPF
                0x08003d90      0x260 ./Drivers/STM32F4xx_HAL_Driver/Src/stm32f4xx_hal_i2c.o
 .text.I2C_Slave_AF
                0x08003ff0       0xe8 ./Drivers/STM32F4xx_HAL_Driver/Src/stm32f4xx_hal_i2c.o
 .text.I2C_ITError
                0x080040d8      0x264 ./Drivers/STM32F4xx_HAL_Driver/Src/stm32f4xx_hal_i2c.o
 .text.I2C_DMAAbort
                0x0800433c      0x150 ./Drivers/STM32F4xx_HAL_Driver/Src/stm32f4xx_hal_i2c.o
 .text.I2C_WaitOnSTOPRequestThroughIT
                0x0800448c       0x64 ./Drivers/STM32F4xx_HAL_Driver/Src/stm32f4xx_hal_i2c.o
 .text.I2C_ConvertOtherXferOptions
                0x080044f0       0x36 ./Drivers/STM32F4xx_HAL_Driver/Src/stm32f4xx_hal_i2c.o
 .text.HAL_I2CEx_ConfigAnalogFilter
                0x08004526       0x78 ./Drivers/STM32F4xx_HAL_Driver/Src/stm32f4xx_hal_i2c_ex.o
                0x08004526                HAL_I2CEx_ConfigAnalogFilter
 .text.HAL_I2CEx_ConfigDigitalFilter
                0x0800459e       0x7e ./Drivers/STM32F4xx_HAL_Driver/Src/stm32f4xx_hal_i2c_ex.o
                0x0800459e                HAL_I2CEx_ConfigDigitalFilter
 .text.HAL_PWREx_EnableOverDrive
                0x0800461c       0xa0 ./Drivers/STM32F4xx_HAL_Driver/Src/stm32f4xx_hal_pwr_ex.o
                0x0800461c                HAL_PWREx_EnableOverDrive
 .text.HAL_RCC_OscConfig
                0x080046bc      0x4f0 ./Drivers/STM32F4xx_HAL_Driver/Src/stm32f4xx_hal_rcc.o
                0x080046bc                HAL_RCC_OscConfig
 .text.HAL_RCC_ClockConfig
                0x08004bac      0x1cc ./Drivers/STM32F4xx_HAL_Driver/Src/stm32f4xx_hal_rcc.o
                0x08004bac                HAL_RCC_ClockConfig
 .text.HAL_RCC_GetSysClockFreq
                0x08004d78      0x18c ./Drivers/STM32F4xx_HAL_Driver/Src/stm32f4xx_hal_rcc.o
                0x08004d78                HAL_RCC_GetSysClockFreq
 .text.HAL_RCC_GetHCLKFreq
                0x08004f04       0x18 ./Drivers/STM32F4xx_HAL_Driver/Src/stm32f4xx_hal_rcc.o
                0x08004f04                HAL_RCC_GetHCLKFreq
 .text.HAL_RCC_GetPCLK1Freq
                0x08004f1c       0x28 ./Drivers/STM32F4xx_HAL_Driver/Src/stm32f4xx_hal_rcc.o
                0x08004f1c                HAL_RCC_GetPCLK1Freq
 .text.HAL_RCC_GetPCLK2Freq
                0x08004f44       0x28 ./Drivers/STM32F4xx_HAL_Driver/Src/stm32f4xx_hal_rcc.o
                0x08004f44                HAL_RCC_GetPCLK2Freq
 .text.HAL_TIM_Base_Init
                0x08004f6c       0x9e ./Drivers/STM32F4xx_HAL_Driver/Src/stm32f4xx_hal_tim.o
                0x08004f6c                HAL_TIM_Base_Init
 *fill*         0x0800500a        0x2 
 .text.HAL_TIM_Base_Start_IT
                0x0800500c       0xe0 ./Drivers/STM32F4xx_HAL_Driver/Src/stm32f4xx_hal_tim.o
                0x0800500c                HAL_TIM_Base_Start_IT
 .text.HAL_TIM_PWM_Init
                0x080050ec       0x9e ./Drivers/STM32F4xx_HAL_Driver/Src/stm32f4xx_hal_tim.o
                0x080050ec                HAL_TIM_PWM_Init
 *fill*         0x0800518a        0x2 
 .text.HAL_TIM_PWM_Start
                0x0800518c      0x190 ./Drivers/STM32F4xx_HAL_Driver/Src/stm32f4xx_hal_tim.o
                0x0800518c                HAL_TIM_PWM_Start
 .text.HAL_TIM_IRQHandler
                0x0800531c      0x1e0 ./Drivers/STM32F4xx_HAL_Driver/Src/stm32f4xx_hal_tim.o
                0x0800531c                HAL_TIM_IRQHandler
 .text.HAL_TIM_PWM_ConfigChannel
                0x080054fc      0x184 ./Drivers/STM32F4xx_HAL_Driver/Src/stm32f4xx_hal_tim.o
                0x080054fc                HAL_TIM_PWM_ConfigChannel
 .text.HAL_TIM_ConfigClockSource
                0x08005680      0x18e ./Drivers/STM32F4xx_HAL_Driver/Src/stm32f4xx_hal_tim.o
                0x08005680                HAL_TIM_ConfigClockSource
 .text.HAL_TIM_OC_DelayElapsedCallback
                0x0800580e       0x14 ./Drivers/STM32F4xx_HAL_Driver/Src/stm32f4xx_hal_tim.o
                0x0800580e                HAL_TIM_OC_DelayElapsedCallback
 .text.HAL_TIM_IC_CaptureCallback
                0x08005822       0x14 ./Drivers/STM32F4xx_HAL_Driver/Src/stm32f4xx_hal_tim.o
                0x08005822                HAL_TIM_IC_CaptureCallback
 .text.HAL_TIM_PWM_PulseFinishedCallback
                0x08005836       0x14 ./Drivers/STM32F4xx_HAL_Driver/Src/stm32f4xx_hal_tim.o
                0x08005836                HAL_TIM_PWM_PulseFinishedCallback
 .text.HAL_TIM_TriggerCallback
                0x0800584a       0x14 ./Drivers/STM32F4xx_HAL_Driver/Src/stm32f4xx_hal_tim.o
                0x0800584a                HAL_TIM_TriggerCallback
 *fill*         0x0800585e        0x2 
 .text.TIM_Base_SetConfig
                0x08005860      0x158 ./Drivers/STM32F4xx_HAL_Driver/Src/stm32f4xx_hal_tim.o
                0x08005860                TIM_Base_SetConfig
 .text.TIM_OC1_SetConfig
                0x080059b8       0xe0 ./Drivers/STM32F4xx_HAL_Driver/Src/stm32f4xx_hal_tim.o
 .text.TIM_OC2_SetConfig
                0x08005a98       0xec ./Drivers/STM32F4xx_HAL_Driver/Src/stm32f4xx_hal_tim.o
                0x08005a98                TIM_OC2_SetConfig
 .text.TIM_OC3_SetConfig
                0x08005b84       0xe8 ./Drivers/STM32F4xx_HAL_Driver/Src/stm32f4xx_hal_tim.o
 .text.TIM_OC4_SetConfig
                0x08005c6c       0xac ./Drivers/STM32F4xx_HAL_Driver/Src/stm32f4xx_hal_tim.o
 .text.TIM_TI1_ConfigInputStage
                0x08005d18       0x5e ./Drivers/STM32F4xx_HAL_Driver/Src/stm32f4xx_hal_tim.o
 .text.TIM_TI2_ConfigInputStage
                0x08005d76       0x60 ./Drivers/STM32F4xx_HAL_Driver/Src/stm32f4xx_hal_tim.o
 .text.TIM_ITRx_SetConfig
                0x08005dd6       0x36 ./Drivers/STM32F4xx_HAL_Driver/Src/stm32f4xx_hal_tim.o
 .text.TIM_ETR_SetConfig
                0x08005e0c       0x40 ./Drivers/STM32F4xx_HAL_Driver/Src/stm32f4xx_hal_tim.o
                0x08005e0c                TIM_ETR_SetConfig
 .text.TIM_CCxChannelCmd
                0x08005e4c       0x4a ./Drivers/STM32F4xx_HAL_Driver/Src/stm32f4xx_hal_tim.o
                0x08005e4c                TIM_CCxChannelCmd
 *fill*         0x08005e96        0x2 
 .text.HAL_TIMEx_MasterConfigSynchronization
                0x08005e98       0xf8 ./Drivers/STM32F4xx_HAL_Driver/Src/stm32f4xx_hal_tim_ex.o
                0x08005e98                HAL_TIMEx_MasterConfigSynchronization
 .text.HAL_TIMEx_CommutCallback
                0x08005f90       0x14 ./Drivers/STM32F4xx_HAL_Driver/Src/stm32f4xx_hal_tim_ex.o
                0x08005f90                HAL_TIMEx_CommutCallback
 .text.HAL_TIMEx_BreakCallback
                0x08005fa4       0x14 ./Drivers/STM32F4xx_HAL_Driver/Src/stm32f4xx_hal_tim_ex.o
                0x08005fa4                HAL_TIMEx_BreakCallback
 .text.HAL_UART_Init
                0x08005fb8       0xa0 ./Drivers/STM32F4xx_HAL_Driver/Src/stm32f4xx_hal_uart.o
                0x08005fb8                HAL_UART_Init
 .text.HAL_UART_Transmit_DMA
                0x08006058       0xe0 ./Drivers/STM32F4xx_HAL_Driver/Src/stm32f4xx_hal_uart.o
                0x08006058                HAL_UART_Transmit_DMA
 .text.HAL_UARTEx_ReceiveToIdle_DMA
                0x08006138       0xba ./Drivers/STM32F4xx_HAL_Driver/Src/stm32f4xx_hal_uart.o
                0x08006138                HAL_UARTEx_ReceiveToIdle_DMA
 *fill*         0x080061f2        0x2 
 .text.HAL_UART_IRQHandler
                0x080061f4      0x524 ./Drivers/STM32F4xx_HAL_Driver/Src/stm32f4xx_hal_uart.o
                0x080061f4                HAL_UART_IRQHandler
 .text.HAL_UART_TxHalfCpltCallback
                0x08006718       0x14 ./Drivers/STM32F4xx_HAL_Driver/Src/stm32f4xx_hal_uart.o
                0x08006718                HAL_UART_TxHalfCpltCallback
 .text.HAL_UART_RxCpltCallback
                0x0800672c       0x14 ./Drivers/STM32F4xx_HAL_Driver/Src/stm32f4xx_hal_uart.o
                0x0800672c                HAL_UART_RxCpltCallback
 .text.HAL_UART_RxHalfCpltCallback
                0x08006740       0x14 ./Drivers/STM32F4xx_HAL_Driver/Src/stm32f4xx_hal_uart.o
                0x08006740                HAL_UART_RxHalfCpltCallback
 .text.HAL_UART_ErrorCallback
                0x08006754       0x14 ./Drivers/STM32F4xx_HAL_Driver/Src/stm32f4xx_hal_uart.o
                0x08006754                HAL_UART_ErrorCallback
 .text.UART_DMATransmitCplt
                0x08006768       0x9a ./Drivers/STM32F4xx_HAL_Driver/Src/stm32f4xx_hal_uart.o
 .text.UART_DMATxHalfCplt
                0x08006802       0x1c ./Drivers/STM32F4xx_HAL_Driver/Src/stm32f4xx_hal_uart.o
 .text.UART_DMAReceiveCplt
                0x0800681e      0x12c ./Drivers/STM32F4xx_HAL_Driver/Src/stm32f4xx_hal_uart.o
 .text.UART_DMARxHalfCplt
                0x0800694a       0x3c ./Drivers/STM32F4xx_HAL_Driver/Src/stm32f4xx_hal_uart.o
 .text.UART_DMAError
                0x08006986       0x94 ./Drivers/STM32F4xx_HAL_Driver/Src/stm32f4xx_hal_uart.o
 *fill*         0x08006a1a        0x2 
 .text.UART_Start_Receive_DMA
                0x08006a1c      0x134 ./Drivers/STM32F4xx_HAL_Driver/Src/stm32f4xx_hal_uart.o
                0x08006a1c                UART_Start_Receive_DMA
 .text.UART_EndTxTransfer
                0x08006b50       0x50 ./Drivers/STM32F4xx_HAL_Driver/Src/stm32f4xx_hal_uart.o
 .text.UART_EndRxTransfer
                0x08006ba0       0xc6 ./Drivers/STM32F4xx_HAL_Driver/Src/stm32f4xx_hal_uart.o
 .text.UART_DMAAbortOnError
                0x08006c66       0x28 ./Drivers/STM32F4xx_HAL_Driver/Src/stm32f4xx_hal_uart.o
 .text.UART_Transmit_IT
                0x08006c8e       0xa0 ./Drivers/STM32F4xx_HAL_Driver/Src/stm32f4xx_hal_uart.o
 .text.UART_EndTransmit_IT
                0x08006d2e       0x30 ./Drivers/STM32F4xx_HAL_Driver/Src/stm32f4xx_hal_uart.o
 .text.UART_Receive_IT
                0x08006d5e      0x17c ./Drivers/STM32F4xx_HAL_Driver/Src/stm32f4xx_hal_uart.o
 *fill*         0x08006eda        0x2 
 .text.UART_SetConfig
                0x08006edc      0x4e8 ./Drivers/STM32F4xx_HAL_Driver/Src/stm32f4xx_hal_uart.o
 .text.snprintf
                0x080073c4       0x68 C:/ST/STM32CubeIDE_1.17.0/STM32CubeIDE/plugins/com.st.stm32cube.ide.mcu.externaltools.gnu-tools-for-stm32.12.3.rel1.win32_1.1.0.202410251130/tools/bin/../lib/gcc/arm-none-eabi/12.3.1/../../../../arm-none-eabi/lib/thumb/v7e-m+fp/hard\libc_nano.a(libc_a-snprintf.o)
                0x080073c4                sniprintf
                0x080073c4                snprintf
 .text._vsnprintf_r
                0x0800742c       0x56 C:/ST/STM32CubeIDE_1.17.0/STM32CubeIDE/plugins/com.st.stm32cube.ide.mcu.externaltools.gnu-tools-for-stm32.12.3.rel1.win32_1.1.0.202410251130/tools/bin/../lib/gcc/arm-none-eabi/12.3.1/../../../../arm-none-eabi/lib/thumb/v7e-m+fp/hard\libc_nano.a(libc_a-vsnprintf.o)
                0x0800742c                _vsniprintf_r
                0x0800742c                _vsnprintf_r
 *fill*         0x08007482        0x2 
 .text.vsnprintf
                0x08007484       0x1c C:/ST/STM32CubeIDE_1.17.0/STM32CubeIDE/plugins/com.st.stm32cube.ide.mcu.externaltools.gnu-tools-for-stm32.12.3.rel1.win32_1.1.0.202410251130/tools/bin/../lib/gcc/arm-none-eabi/12.3.1/../../../../arm-none-eabi/lib/thumb/v7e-m+fp/hard\libc_nano.a(libc_a-vsnprintf.o)
                0x08007484                vsniprintf
                0x08007484                vsnprintf
 .text.memset   0x080074a0       0x10 C:/ST/STM32CubeIDE_1.17.0/STM32CubeIDE/plugins/com.st.stm32cube.ide.mcu.externaltools.gnu-tools-for-stm32.12.3.rel1.win32_1.1.0.202410251130/tools/bin/../lib/gcc/arm-none-eabi/12.3.1/../../../../arm-none-eabi/lib/thumb/v7e-m+fp/hard\libc_nano.a(libc_a-memset.o)
                0x080074a0                memset
 .text.__errno  0x080074b0        0xc C:/ST/STM32CubeIDE_1.17.0/STM32CubeIDE/plugins/com.st.stm32cube.ide.mcu.externaltools.gnu-tools-for-stm32.12.3.rel1.win32_1.1.0.202410251130/tools/bin/../lib/gcc/arm-none-eabi/12.3.1/../../../../arm-none-eabi/lib/thumb/v7e-m+fp/hard\libc_nano.a(libc_a-errno.o)
                0x080074b0                __errno
 .text.__libc_init_array
                0x080074bc       0x48 C:/ST/STM32CubeIDE_1.17.0/STM32CubeIDE/plugins/com.st.stm32cube.ide.mcu.externaltools.gnu-tools-for-stm32.12.3.rel1.win32_1.1.0.202410251130/tools/bin/../lib/gcc/arm-none-eabi/12.3.1/../../../../arm-none-eabi/lib/thumb/v7e-m+fp/hard\libc_nano.a(libc_a-init.o)
                0x080074bc                __libc_init_array
 .text.__retarget_lock_acquire_recursive
                0x08007504        0x2 C:/ST/STM32CubeIDE_1.17.0/STM32CubeIDE/plugins/com.st.stm32cube.ide.mcu.externaltools.gnu-tools-for-stm32.12.3.rel1.win32_1.1.0.202410251130/tools/bin/../lib/gcc/arm-none-eabi/12.3.1/../../../../arm-none-eabi/lib/thumb/v7e-m+fp/hard\libc_nano.a(libc_a-lock.o)
                0x08007504                __retarget_lock_acquire_recursive
 .text.__retarget_lock_release_recursive
                0x08007506        0x2 C:/ST/STM32CubeIDE_1.17.0/STM32CubeIDE/plugins/com.st.stm32cube.ide.mcu.externaltools.gnu-tools-for-stm32.12.3.rel1.win32_1.1.0.202410251130/tools/bin/../lib/gcc/arm-none-eabi/12.3.1/../../../../arm-none-eabi/lib/thumb/v7e-m+fp/hard\libc_nano.a(libc_a-lock.o)
                0x08007506                __retarget_lock_release_recursive
 .text._free_r  0x08007508       0x94 C:/ST/STM32CubeIDE_1.17.0/STM32CubeIDE/plugins/com.st.stm32cube.ide.mcu.externaltools.gnu-tools-for-stm32.12.3.rel1.win32_1.1.0.202410251130/tools/bin/../lib/gcc/arm-none-eabi/12.3.1/../../../../arm-none-eabi/lib/thumb/v7e-m+fp/hard\libc_nano.a(libc_a-freer.o)
                0x08007508                _free_r
 .text.sbrk_aligned
                0x0800759c       0x44 C:/ST/STM32CubeIDE_1.17.0/STM32CubeIDE/plugins/com.st.stm32cube.ide.mcu.externaltools.gnu-tools-for-stm32.12.3.rel1.win32_1.1.0.202410251130/tools/bin/../lib/gcc/arm-none-eabi/12.3.1/../../../../arm-none-eabi/lib/thumb/v7e-m+fp/hard\libc_nano.a(libc_a-mallocr.o)
 .text._malloc_r
                0x080075e0      0x100 C:/ST/STM32CubeIDE_1.17.0/STM32CubeIDE/plugins/com.st.stm32cube.ide.mcu.externaltools.gnu-tools-for-stm32.12.3.rel1.win32_1.1.0.202410251130/tools/bin/../lib/gcc/arm-none-eabi/12.3.1/../../../../arm-none-eabi/lib/thumb/v7e-m+fp/hard\libc_nano.a(libc_a-mallocr.o)
                0x080075e0                _malloc_r
 .text.__malloc_lock
                0x080076e0        0xc C:/ST/STM32CubeIDE_1.17.0/STM32CubeIDE/plugins/com.st.stm32cube.ide.mcu.externaltools.gnu-tools-for-stm32.12.3.rel1.win32_1.1.0.202410251130/tools/bin/../lib/gcc/arm-none-eabi/12.3.1/../../../../arm-none-eabi/lib/thumb/v7e-m+fp/hard\libc_nano.a(libc_a-mlock.o)
                0x080076e0                __malloc_lock
 .text.__malloc_unlock
                0x080076ec        0xc C:/ST/STM32CubeIDE_1.17.0/STM32CubeIDE/plugins/com.st.stm32cube.ide.mcu.externaltools.gnu-tools-for-stm32.12.3.rel1.win32_1.1.0.202410251130/tools/bin/../lib/gcc/arm-none-eabi/12.3.1/../../../../arm-none-eabi/lib/thumb/v7e-m+fp/hard\libc_nano.a(libc_a-mlock.o)
                0x080076ec                __malloc_unlock
 .text.__ssputs_r
                0x080076f8       0xb6 C:/ST/STM32CubeIDE_1.17.0/STM32CubeIDE/plugins/com.st.stm32cube.ide.mcu.externaltools.gnu-tools-for-stm32.12.3.rel1.win32_1.1.0.202410251130/tools/bin/../lib/gcc/arm-none-eabi/12.3.1/../../../../arm-none-eabi/lib/thumb/v7e-m+fp/hard\libc_nano.a(libc_a-nano-svfprintf.o)
                0x080076f8                __ssputs_r
 *fill*         0x080077ae        0x2 
 .text._svfprintf_r
                0x080077b0      0x1f8 C:/ST/STM32CubeIDE_1.17.0/STM32CubeIDE/plugins/com.st.stm32cube.ide.mcu.externaltools.gnu-tools-for-stm32.12.3.rel1.win32_1.1.0.202410251130/tools/bin/../lib/gcc/arm-none-eabi/12.3.1/../../../../arm-none-eabi/lib/thumb/v7e-m+fp/hard\libc_nano.a(libc_a-nano-svfprintf.o)
                0x080077b0                _svfiprintf_r
                0x080077b0                _svfprintf_r
 .text._printf_common
                0x080079a8       0xda C:/ST/STM32CubeIDE_1.17.0/STM32CubeIDE/plugins/com.st.stm32cube.ide.mcu.externaltools.gnu-tools-for-stm32.12.3.rel1.win32_1.1.0.202410251130/tools/bin/../lib/gcc/arm-none-eabi/12.3.1/../../../../arm-none-eabi/lib/thumb/v7e-m+fp/hard\libc_nano.a(libc_a-nano-vfprintf_i.o)
                0x080079a8                _printf_common
 *fill*         0x08007a82        0x2 
 .text._printf_i
                0x08007a84      0x240 C:/ST/STM32CubeIDE_1.17.0/STM32CubeIDE/plugins/com.st.stm32cube.ide.mcu.externaltools.gnu-tools-for-stm32.12.3.rel1.win32_1.1.0.202410251130/tools/bin/../lib/gcc/arm-none-eabi/12.3.1/../../../../arm-none-eabi/lib/thumb/v7e-m+fp/hard\libc_nano.a(libc_a-nano-vfprintf_i.o)
                0x08007a84                _printf_i
 .text.memmove  0x08007cc4       0x34 C:/ST/STM32CubeIDE_1.17.0/STM32CubeIDE/plugins/com.st.stm32cube.ide.mcu.externaltools.gnu-tools-for-stm32.12.3.rel1.win32_1.1.0.202410251130/tools/bin/../lib/gcc/arm-none-eabi/12.3.1/../../../../arm-none-eabi/lib/thumb/v7e-m+fp/hard\libc_nano.a(libc_a-memmove.o)
                0x08007cc4                memmove
 .text._sbrk_r  0x08007cf8       0x20 C:/ST/STM32CubeIDE_1.17.0/STM32CubeIDE/plugins/com.st.stm32cube.ide.mcu.externaltools.gnu-tools-for-stm32.12.3.rel1.win32_1.1.0.202410251130/tools/bin/../lib/gcc/arm-none-eabi/12.3.1/../../../../arm-none-eabi/lib/thumb/v7e-m+fp/hard\libc_nano.a(libc_a-sbrkr.o)
                0x08007cf8                _sbrk_r
 .text.memcpy   0x08007d18       0x1c C:/ST/STM32CubeIDE_1.17.0/STM32CubeIDE/plugins/com.st.stm32cube.ide.mcu.externaltools.gnu-tools-for-stm32.12.3.rel1.win32_1.1.0.202410251130/tools/bin/../lib/gcc/arm-none-eabi/12.3.1/../../../../arm-none-eabi/lib/thumb/v7e-m+fp/hard\libc_nano.a(libc_a-memcpy-stub.o)
                0x08007d18                memcpy
 .text._realloc_r
                0x08007d34       0x5c C:/ST/STM32CubeIDE_1.17.0/STM32CubeIDE/plugins/com.st.stm32cube.ide.mcu.externaltools.gnu-tools-for-stm32.12.3.rel1.win32_1.1.0.202410251130/tools/bin/../lib/gcc/arm-none-eabi/12.3.1/../../../../arm-none-eabi/lib/thumb/v7e-m+fp/hard\libc_nano.a(libc_a-reallocr.o)
                0x08007d34                _realloc_r
 .text._malloc_usable_size_r
                0x08007d90       0x10 C:/ST/STM32CubeIDE_1.17.0/STM32CubeIDE/plugins/com.st.stm32cube.ide.mcu.externaltools.gnu-tools-for-stm32.12.3.rel1.win32_1.1.0.202410251130/tools/bin/../lib/gcc/arm-none-eabi/12.3.1/../../../../arm-none-eabi/lib/thumb/v7e-m+fp/hard\libc_nano.a(libc_a-msizer.o)
                0x08007d90                _malloc_usable_size_r
 *(.glue_7)
 .glue_7        0x08007da0        0x0 linker stubs
 *(.glue_7t)
 .glue_7t       0x08007da0        0x0 linker stubs
 *(.eh_frame)
 .eh_frame      0x08007da0        0x0 C:/ST/STM32CubeIDE_1.17.0/STM32CubeIDE/plugins/com.st.stm32cube.ide.mcu.externaltools.gnu-tools-for-stm32.12.3.rel1.win32_1.1.0.202410251130/tools/bin/../lib/gcc/arm-none-eabi/12.3.1/thumb/v7e-m+fp/hard/crtbegin.o
 *(.init)
 .init          0x08007da0        0x4 C:/ST/STM32CubeIDE_1.17.0/STM32CubeIDE/plugins/com.st.stm32cube.ide.mcu.externaltools.gnu-tools-for-stm32.12.3.rel1.win32_1.1.0.202410251130/tools/bin/../lib/gcc/arm-none-eabi/12.3.1/thumb/v7e-m+fp/hard/crti.o
                0x08007da0                _init
 .init          0x08007da4        0x8 C:/ST/STM32CubeIDE_1.17.0/STM32CubeIDE/plugins/com.st.stm32cube.ide.mcu.externaltools.gnu-tools-for-stm32.12.3.rel1.win32_1.1.0.202410251130/tools/bin/../lib/gcc/arm-none-eabi/12.3.1/thumb/v7e-m+fp/hard/crtn.o
 *(.fini)
 .fini          0x08007dac        0x4 C:/ST/STM32CubeIDE_1.17.0/STM32CubeIDE/plugins/com.st.stm32cube.ide.mcu.externaltools.gnu-tools-for-stm32.12.3.rel1.win32_1.1.0.202410251130/tools/bin/../lib/gcc/arm-none-eabi/12.3.1/thumb/v7e-m+fp/hard/crti.o
                0x08007dac                _fini
 .fini          0x08007db0        0x8 C:/ST/STM32CubeIDE_1.17.0/STM32CubeIDE/plugins/com.st.stm32cube.ide.mcu.externaltools.gnu-tools-for-stm32.12.3.rel1.win32_1.1.0.202410251130/tools/bin/../lib/gcc/arm-none-eabi/12.3.1/thumb/v7e-m+fp/hard/crtn.o
                0x08007db8                        . = ALIGN (0x4)
                0x08007db8                        _etext = .

.vfp11_veneer   0x08007db8        0x0
 .vfp11_veneer  0x08007db8        0x0 linker stubs

.v4_bx          0x08007db8        0x0
 .v4_bx         0x08007db8        0x0 linker stubs

.iplt           0x08007db8        0x0
 .iplt          0x08007db8        0x0 C:/ST/STM32CubeIDE_1.17.0/STM32CubeIDE/plugins/com.st.stm32cube.ide.mcu.externaltools.gnu-tools-for-stm32.12.3.rel1.win32_1.1.0.202410251130/tools/bin/../lib/gcc/arm-none-eabi/12.3.1/thumb/v7e-m+fp/hard/crtbegin.o

.rodata         0x08007db8      0x294
                0x08007db8                        . = ALIGN (0x4)
 *(.rodata)
 .rodata        0x08007db8        0x6 ./BSP/LOG/Src/bsp_log.o
 *fill*         0x08007dbe        0x2 
 .rodata        0x08007dc0      0x1ec ./BSP/PWM/Src/bsp_tower.o
 .rodata        0x08007fac       0x49 ./BSP/TASK/Src/task_bsp.o
 *(.rodata*)
 *fill*         0x08007ff5        0x3 
 .rodata.AHBPrescTable
                0x08007ff8       0x10 ./Core/Src/system_stm32f4xx.o
                0x08007ff8                AHBPrescTable
 .rodata.APBPrescTable
                0x08008008        0x8 ./Core/Src/system_stm32f4xx.o
                0x08008008                APBPrescTable
 .rodata.flagBitshiftOffset.0
                0x08008010        0x8 ./Drivers/STM32F4xx_HAL_Driver/Src/stm32f4xx_hal_dma.o
 .rodata._svfprintf_r.str1.1
                0x08008018       0x11 C:/ST/STM32CubeIDE_1.17.0/STM32CubeIDE/plugins/com.st.stm32cube.ide.mcu.externaltools.gnu-tools-for-stm32.12.3.rel1.win32_1.1.0.202410251130/tools/bin/../lib/gcc/arm-none-eabi/12.3.1/../../../../arm-none-eabi/lib/thumb/v7e-m+fp/hard\libc_nano.a(libc_a-nano-svfprintf.o)
 .rodata._printf_i.str1.1
                0x08008029       0x22 C:/ST/STM32CubeIDE_1.17.0/STM32CubeIDE/plugins/com.st.stm32cube.ide.mcu.externaltools.gnu-tools-for-stm32.12.3.rel1.win32_1.1.0.202410251130/tools/bin/../lib/gcc/arm-none-eabi/12.3.1/../../../../arm-none-eabi/lib/thumb/v7e-m+fp/hard\libc_nano.a(libc_a-nano-vfprintf_i.o)
                0x0800804c                        . = ALIGN (0x4)
 *fill*         0x0800804b        0x1 

.ARM.extab      0x0800804c        0x0
                0x0800804c                        . = ALIGN (0x4)
 *(.ARM.extab* .gnu.linkonce.armextab.*)
                0x0800804c                        . = ALIGN (0x4)

.ARM            0x0800804c        0x8
                0x0800804c                        . = ALIGN (0x4)
                0x0800804c                        __exidx_start = .
 *(.ARM.exidx*)
 .ARM.exidx     0x0800804c        0x8 C:/ST/STM32CubeIDE_1.17.0/STM32CubeIDE/plugins/com.st.stm32cube.ide.mcu.externaltools.gnu-tools-for-stm32.12.3.rel1.win32_1.1.0.202410251130/tools/bin/../lib/gcc/arm-none-eabi/12.3.1/../../../../arm-none-eabi/lib/thumb/v7e-m+fp/hard\libc_nano.a(libc_a-memchr.o)
 .ARM.exidx     0x08008054        0x0 C:/ST/STM32CubeIDE_1.17.0/STM32CubeIDE/plugins/com.st.stm32cube.ide.mcu.externaltools.gnu-tools-for-stm32.12.3.rel1.win32_1.1.0.202410251130/tools/bin/../lib/gcc/arm-none-eabi/12.3.1/thumb/v7e-m+fp/hard\libgcc.a(_udivmoddi4.o)
                                  0x8 (size before relaxing)
                0x08008054                        __exidx_end = .
                0x08008054                        . = ALIGN (0x4)

.preinit_array  0x08008054        0x0
                0x08008054                        . = ALIGN (0x4)
                0x08008054                        PROVIDE (__preinit_array_start = .)
 *(.preinit_array*)
                0x08008054                        PROVIDE (__preinit_array_end = .)
                0x08008054                        . = ALIGN (0x4)

.init_array     0x08008054        0x4
                0x08008054                        . = ALIGN (0x4)
                0x08008054                        PROVIDE (__init_array_start = .)
 *(SORT_BY_NAME(.init_array.*))
 *(.init_array*)
 .init_array    0x08008054        0x4 C:/ST/STM32CubeIDE_1.17.0/STM32CubeIDE/plugins/com.st.stm32cube.ide.mcu.externaltools.gnu-tools-for-stm32.12.3.rel1.win32_1.1.0.202410251130/tools/bin/../lib/gcc/arm-none-eabi/12.3.1/thumb/v7e-m+fp/hard/crtbegin.o
                0x08008058                        PROVIDE (__init_array_end = .)
                0x08008058                        . = ALIGN (0x4)

.fini_array     0x08008058        0x4
                0x08008058                        . = ALIGN (0x4)
                [!provide]                        PROVIDE (__fini_array_start = .)
 *(SORT_BY_NAME(.fini_array.*))
 *(.fini_array*)
 .fini_array    0x08008058        0x4 C:/ST/STM32CubeIDE_1.17.0/STM32CubeIDE/plugins/com.st.stm32cube.ide.mcu.externaltools.gnu-tools-for-stm32.12.3.rel1.win32_1.1.0.202410251130/tools/bin/../lib/gcc/arm-none-eabi/12.3.1/thumb/v7e-m+fp/hard/crtbegin.o
                [!provide]                        PROVIDE (__fini_array_end = .)
                0x0800805c                        . = ALIGN (0x4)
                0x0800805c                        _sidata = LOADADDR (.data)

.rel.dyn        0x0800805c        0x0
 .rel.iplt      0x0800805c        0x0 C:/ST/STM32CubeIDE_1.17.0/STM32CubeIDE/plugins/com.st.stm32cube.ide.mcu.externaltools.gnu-tools-for-stm32.12.3.rel1.win32_1.1.0.202410251130/tools/bin/../lib/gcc/arm-none-eabi/12.3.1/thumb/v7e-m+fp/hard/crtbegin.o

.data           0x20000000       0x60 load address 0x0800805c
                0x20000000                        . = ALIGN (0x4)
                0x20000000                        _sdata = .
 *(.data)
 *(.data*)
 .data.EEPROM_TX_STA
                0x20000000        0x1 ./BSP/EEPROM/Src/bsp_I2C_eeprom.o
                0x20000000                EEPROM_TX_STA
 .data.EEPROM_RX_STA
                0x20000001        0x1 ./BSP/EEPROM/Src/bsp_I2C_eeprom.o
                0x20000001                EEPROM_RX_STA
 .data.TxStatus
                0x20000002        0x1 ./BSP/LOG/Src/bsp_log.o
                0x20000002                TxStatus
 *fill*         0x20000003        0x1 
 .data.SystemCoreClock
                0x20000004        0x4 ./Core/Src/system_stm32f4xx.o
                0x20000004                SystemCoreClock
 .data.uwTickPrio
                0x20000008        0x4 ./Drivers/STM32F4xx_HAL_Driver/Src/stm32f4xx_hal.o
                0x20000008                uwTickPrio
 .data.uwTickFreq
                0x2000000c        0x1 ./Drivers/STM32F4xx_HAL_Driver/Src/stm32f4xx_hal.o
                0x2000000c                uwTickFreq
 *fill*         0x2000000d        0x3 
 .data._impure_ptr
                0x20000010        0x4 C:/ST/STM32CubeIDE_1.17.0/STM32CubeIDE/plugins/com.st.stm32cube.ide.mcu.externaltools.gnu-tools-for-stm32.12.3.rel1.win32_1.1.0.202410251130/tools/bin/../lib/gcc/arm-none-eabi/12.3.1/../../../../arm-none-eabi/lib/thumb/v7e-m+fp/hard\libc_nano.a(libc_a-impure.o)
                0x20000010                _impure_ptr
 .data._impure_data
                0x20000014       0x4c C:/ST/STM32CubeIDE_1.17.0/STM32CubeIDE/plugins/com.st.stm32cube.ide.mcu.externaltools.gnu-tools-for-stm32.12.3.rel1.win32_1.1.0.202410251130/tools/bin/../lib/gcc/arm-none-eabi/12.3.1/../../../../arm-none-eabi/lib/thumb/v7e-m+fp/hard\libc_nano.a(libc_a-impure.o)
                0x20000014                _impure_data
 *(.RamFunc)
 *(.RamFunc*)
                0x20000060                        . = ALIGN (0x4)
                0x20000060                        _edata = .
                0x080080bc                        _siccmram = LOADADDR (.ccmram)

.igot.plt       0x20000060        0x0 load address 0x080080bc
 .igot.plt      0x20000060        0x0 C:/ST/STM32CubeIDE_1.17.0/STM32CubeIDE/plugins/com.st.stm32cube.ide.mcu.externaltools.gnu-tools-for-stm32.12.3.rel1.win32_1.1.0.202410251130/tools/bin/../lib/gcc/arm-none-eabi/12.3.1/thumb/v7e-m+fp/hard/crtbegin.o

.ccmram         0x10000000        0x0 load address 0x080080bc
                0x10000000                        . = ALIGN (0x4)
                0x10000000                        _sccmram = .
 *(.ccmram)
 *(.ccmram*)
                0x10000000                        . = ALIGN (0x4)
                0x10000000                        _eccmram = .
                0x10000000                        . = ALIGN (0x4)

.bss            0x20000060      0x680
                0x20000060                        _sbss = .
                0x20000060                        __bss_start__ = _sbss
 *(.bss)
 .bss           0x20000060       0x1c C:/ST/STM32CubeIDE_1.17.0/STM32CubeIDE/plugins/com.st.stm32cube.ide.mcu.externaltools.gnu-tools-for-stm32.12.3.rel1.win32_1.1.0.202410251130/tools/bin/../lib/gcc/arm-none-eabi/12.3.1/thumb/v7e-m+fp/hard/crtbegin.o
 *(.bss*)
 .bss.TxMsg     0x2000007c      0x100 ./BSP/LOG/Src/bsp_log.o
                0x2000007c                TxMsg
 .bss.RxMsg     0x2000017c      0x100 ./BSP/LOG/Src/bsp_log.o
                0x2000017c                RxMsg
 .bss.OS_Tick1ms
                0x2000027c        0x4 ./BSP/TASK/Src/bsp_timer.o
                0x2000027c                OS_Tick1ms
 .bss.Task_Cmd  0x20000280        0x4 ./BSP/TASK/Src/task_bsp.o
                0x20000280                Task_Cmd
 .bss.hdma_memtomem_dma2_stream0
                0x20000284       0x60 ./Core/Src/dma.o
                0x20000284                hdma_memtomem_dma2_stream0
 .bss.hi2c1     0x200002e4       0x54 ./Core/Src/i2c.o
                0x200002e4                hi2c1
 .bss.hdma_i2c1_rx
                0x20000338       0x60 ./Core/Src/i2c.o
                0x20000338                hdma_i2c1_rx
 .bss.hdma_i2c1_tx
                0x20000398       0x60 ./Core/Src/i2c.o
                0x20000398                hdma_i2c1_tx
 .bss.__sbrk_heap_end
                0x200003f8        0x4 ./Core/Src/sysmem.o
 .bss.htim3     0x200003fc       0x48 ./Core/Src/tim.o
                0x200003fc                htim3
 .bss.htim5     0x20000444       0x48 ./Core/Src/tim.o
                0x20000444                htim5
 .bss.huart1    0x2000048c       0x48 ./Core/Src/usart.o
                0x2000048c                huart1
 .bss.hdma_usart1_rx
                0x200004d4       0x60 ./Core/Src/usart.o
                0x200004d4                hdma_usart1_rx
 .bss.hdma_usart1_tx
                0x20000534       0x60 ./Core/Src/usart.o
                0x20000534                hdma_usart1_tx
 .bss.uwTick    0x20000594        0x4 ./Drivers/STM32F4xx_HAL_Driver/Src/stm32f4xx_hal.o
                0x20000594                uwTick
 .bss.__sf      0x20000598      0x138 C:/ST/STM32CubeIDE_1.17.0/STM32CubeIDE/plugins/com.st.stm32cube.ide.mcu.externaltools.gnu-tools-for-stm32.12.3.rel1.win32_1.1.0.202410251130/tools/bin/../lib/gcc/arm-none-eabi/12.3.1/../../../../arm-none-eabi/lib/thumb/v7e-m+fp/hard\libc_nano.a(libc_a-findfp.o)
                0x20000598                __sf
 .bss.errno     0x200006d0        0x4 C:/ST/STM32CubeIDE_1.17.0/STM32CubeIDE/plugins/com.st.stm32cube.ide.mcu.externaltools.gnu-tools-for-stm32.12.3.rel1.win32_1.1.0.202410251130/tools/bin/../lib/gcc/arm-none-eabi/12.3.1/../../../../arm-none-eabi/lib/thumb/v7e-m+fp/hard\libc_nano.a(libc_a-reent.o)
                0x200006d0                errno
 .bss.__lock___malloc_recursive_mutex
                0x200006d4        0x1 C:/ST/STM32CubeIDE_1.17.0/STM32CubeIDE/plugins/com.st.stm32cube.ide.mcu.externaltools.gnu-tools-for-stm32.12.3.rel1.win32_1.1.0.202410251130/tools/bin/../lib/gcc/arm-none-eabi/12.3.1/../../../../arm-none-eabi/lib/thumb/v7e-m+fp/hard\libc_nano.a(libc_a-lock.o)
                0x200006d4                __lock___malloc_recursive_mutex
 *fill*         0x200006d5        0x3 
 .bss.__malloc_sbrk_start
                0x200006d8        0x4 C:/ST/STM32CubeIDE_1.17.0/STM32CubeIDE/plugins/com.st.stm32cube.ide.mcu.externaltools.gnu-tools-for-stm32.12.3.rel1.win32_1.1.0.202410251130/tools/bin/../lib/gcc/arm-none-eabi/12.3.1/../../../../arm-none-eabi/lib/thumb/v7e-m+fp/hard\libc_nano.a(libc_a-mallocr.o)
                0x200006d8                __malloc_sbrk_start
 .bss.__malloc_free_list
                0x200006dc        0x4 C:/ST/STM32CubeIDE_1.17.0/STM32CubeIDE/plugins/com.st.stm32cube.ide.mcu.externaltools.gnu-tools-for-stm32.12.3.rel1.win32_1.1.0.202410251130/tools/bin/../lib/gcc/arm-none-eabi/12.3.1/../../../../arm-none-eabi/lib/thumb/v7e-m+fp/hard\libc_nano.a(libc_a-mallocr.o)
                0x200006dc                __malloc_free_list
 *(COMMON)
                0x200006e0                        . = ALIGN (0x4)
                0x200006e0                        _ebss = .
                0x200006e0                        __bss_end__ = _ebss

._user_heap_stack
                0x200006e0      0x600
                0x200006e0                        . = ALIGN (0x8)
                [!provide]                        PROVIDE (end = .)
                0x200006e0                        PROVIDE (_end = .)
                0x200008e0                        . = (. + _Min_Heap_Size)
 *fill*         0x200006e0      0x200 
                0x20000ce0                        . = (. + _Min_Stack_Size)
 *fill*         0x200008e0      0x400 
                0x20000ce0                        . = ALIGN (0x8)

/DISCARD/
 libc.a(*)
 libm.a(*)
 libgcc.a(*)

.ARM.attributes
                0x00000000       0x30
 *(.ARM.attributes)
 .ARM.attributes
                0x00000000       0x22 C:/ST/STM32CubeIDE_1.17.0/STM32CubeIDE/plugins/com.st.stm32cube.ide.mcu.externaltools.gnu-tools-for-stm32.12.3.rel1.win32_1.1.0.202410251130/tools/bin/../lib/gcc/arm-none-eabi/12.3.1/thumb/v7e-m+fp/hard/crti.o
 .ARM.attributes
                0x00000022       0x34 C:/ST/STM32CubeIDE_1.17.0/STM32CubeIDE/plugins/com.st.stm32cube.ide.mcu.externaltools.gnu-tools-for-stm32.12.3.rel1.win32_1.1.0.202410251130/tools/bin/../lib/gcc/arm-none-eabi/12.3.1/thumb/v7e-m+fp/hard/crtbegin.o
 .ARM.attributes
                0x00000056       0x34 ./BSP/EEPROM/Src/bsp_I2C_eeprom.o
 .ARM.attributes
                0x0000008a       0x34 ./BSP/LCD/Src/Lcd_Driver.o
 .ARM.attributes
                0x000000be       0x34 ./BSP/LOG/Src/bsp_log.o
 .ARM.attributes
                0x000000f2       0x34 ./BSP/PWM/Src/bsp_tower.o
 .ARM.attributes
                0x00000126       0x34 ./BSP/TASK/Src/bsp_timer.o
 .ARM.attributes
                0x0000015a       0x34 ./BSP/TASK/Src/task_bsp.o
 .ARM.attributes
                0x0000018e       0x34 ./Core/Src/dma.o
 .ARM.attributes
                0x000001c2       0x34 ./Core/Src/gpio.o
 .ARM.attributes
                0x000001f6       0x34 ./Core/Src/i2c.o
 .ARM.attributes
                0x0000022a       0x34 ./Core/Src/main.o
 .ARM.attributes
                0x0000025e       0x34 ./Core/Src/stm32f4xx_hal_msp.o
 .ARM.attributes
                0x00000292       0x34 ./Core/Src/stm32f4xx_it.o
 .ARM.attributes
                0x000002c6       0x34 ./Core/Src/sysmem.o
 .ARM.attributes
                0x000002fa       0x34 ./Core/Src/system_stm32f4xx.o
 .ARM.attributes
                0x0000032e       0x34 ./Core/Src/tim.o
 .ARM.attributes
                0x00000362       0x34 ./Core/Src/usart.o
 .ARM.attributes
                0x00000396       0x21 ./Core/Startup/startup_stm32f429igtx.o
 .ARM.attributes
                0x000003b7       0x34 ./Drivers/STM32F4xx_HAL_Driver/Src/stm32f4xx_hal.o
 .ARM.attributes
                0x000003eb       0x34 ./Drivers/STM32F4xx_HAL_Driver/Src/stm32f4xx_hal_cortex.o
 .ARM.attributes
                0x0000041f       0x34 ./Drivers/STM32F4xx_HAL_Driver/Src/stm32f4xx_hal_dma.o
 .ARM.attributes
                0x00000453       0x34 ./Drivers/STM32F4xx_HAL_Driver/Src/stm32f4xx_hal_gpio.o
 .ARM.attributes
                0x00000487       0x34 ./Drivers/STM32F4xx_HAL_Driver/Src/stm32f4xx_hal_i2c.o
 .ARM.attributes
                0x000004bb       0x34 ./Drivers/STM32F4xx_HAL_Driver/Src/stm32f4xx_hal_i2c_ex.o
 .ARM.attributes
                0x000004ef       0x34 ./Drivers/STM32F4xx_HAL_Driver/Src/stm32f4xx_hal_pwr_ex.o
 .ARM.attributes
                0x00000523       0x34 ./Drivers/STM32F4xx_HAL_Driver/Src/stm32f4xx_hal_rcc.o
 .ARM.attributes
                0x00000557       0x34 ./Drivers/STM32F4xx_HAL_Driver/Src/stm32f4xx_hal_tim.o
 .ARM.attributes
                0x0000058b       0x34 ./Drivers/STM32F4xx_HAL_Driver/Src/stm32f4xx_hal_tim_ex.o
 .ARM.attributes
                0x000005bf       0x34 ./Drivers/STM32F4xx_HAL_Driver/Src/stm32f4xx_hal_uart.o
 .ARM.attributes
                0x000005f3       0x34 C:/ST/STM32CubeIDE_1.17.0/STM32CubeIDE/plugins/com.st.stm32cube.ide.mcu.externaltools.gnu-tools-for-stm32.12.3.rel1.win32_1.1.0.202410251130/tools/bin/../lib/gcc/arm-none-eabi/12.3.1/../../../../arm-none-eabi/lib/thumb/v7e-m+fp/hard\libc_nano.a(libc_a-findfp.o)
 .ARM.attributes
                0x00000627       0x34 C:/ST/STM32CubeIDE_1.17.0/STM32CubeIDE/plugins/com.st.stm32cube.ide.mcu.externaltools.gnu-tools-for-stm32.12.3.rel1.win32_1.1.0.202410251130/tools/bin/../lib/gcc/arm-none-eabi/12.3.1/../../../../arm-none-eabi/lib/thumb/v7e-m+fp/hard\libc_nano.a(libc_a-snprintf.o)
 .ARM.attributes
                0x0000065b       0x34 C:/ST/STM32CubeIDE_1.17.0/STM32CubeIDE/plugins/com.st.stm32cube.ide.mcu.externaltools.gnu-tools-for-stm32.12.3.rel1.win32_1.1.0.202410251130/tools/bin/../lib/gcc/arm-none-eabi/12.3.1/../../../../arm-none-eabi/lib/thumb/v7e-m+fp/hard\libc_nano.a(libc_a-vsnprintf.o)
 .ARM.attributes
                0x0000068f       0x34 C:/ST/STM32CubeIDE_1.17.0/STM32CubeIDE/plugins/com.st.stm32cube.ide.mcu.externaltools.gnu-tools-for-stm32.12.3.rel1.win32_1.1.0.202410251130/tools/bin/../lib/gcc/arm-none-eabi/12.3.1/../../../../arm-none-eabi/lib/thumb/v7e-m+fp/hard\libc_nano.a(libc_a-memset.o)
 .ARM.attributes
                0x000006c3       0x34 C:/ST/STM32CubeIDE_1.17.0/STM32CubeIDE/plugins/com.st.stm32cube.ide.mcu.externaltools.gnu-tools-for-stm32.12.3.rel1.win32_1.1.0.202410251130/tools/bin/../lib/gcc/arm-none-eabi/12.3.1/../../../../arm-none-eabi/lib/thumb/v7e-m+fp/hard\libc_nano.a(libc_a-reent.o)
 .ARM.attributes
                0x000006f7       0x34 C:/ST/STM32CubeIDE_1.17.0/STM32CubeIDE/plugins/com.st.stm32cube.ide.mcu.externaltools.gnu-tools-for-stm32.12.3.rel1.win32_1.1.0.202410251130/tools/bin/../lib/gcc/arm-none-eabi/12.3.1/../../../../arm-none-eabi/lib/thumb/v7e-m+fp/hard\libc_nano.a(libc_a-impure.o)
 .ARM.attributes
                0x0000072b       0x34 C:/ST/STM32CubeIDE_1.17.0/STM32CubeIDE/plugins/com.st.stm32cube.ide.mcu.externaltools.gnu-tools-for-stm32.12.3.rel1.win32_1.1.0.202410251130/tools/bin/../lib/gcc/arm-none-eabi/12.3.1/../../../../arm-none-eabi/lib/thumb/v7e-m+fp/hard\libc_nano.a(libc_a-errno.o)
 .ARM.attributes
                0x0000075f       0x34 C:/ST/STM32CubeIDE_1.17.0/STM32CubeIDE/plugins/com.st.stm32cube.ide.mcu.externaltools.gnu-tools-for-stm32.12.3.rel1.win32_1.1.0.202410251130/tools/bin/../lib/gcc/arm-none-eabi/12.3.1/../../../../arm-none-eabi/lib/thumb/v7e-m+fp/hard\libc_nano.a(libc_a-init.o)
 .ARM.attributes
                0x00000793       0x34 C:/ST/STM32CubeIDE_1.17.0/STM32CubeIDE/plugins/com.st.stm32cube.ide.mcu.externaltools.gnu-tools-for-stm32.12.3.rel1.win32_1.1.0.202410251130/tools/bin/../lib/gcc/arm-none-eabi/12.3.1/../../../../arm-none-eabi/lib/thumb/v7e-m+fp/hard\libc_nano.a(libc_a-lock.o)
 .ARM.attributes
                0x000007c7       0x34 C:/ST/STM32CubeIDE_1.17.0/STM32CubeIDE/plugins/com.st.stm32cube.ide.mcu.externaltools.gnu-tools-for-stm32.12.3.rel1.win32_1.1.0.202410251130/tools/bin/../lib/gcc/arm-none-eabi/12.3.1/../../../../arm-none-eabi/lib/thumb/v7e-m+fp/hard\libc_nano.a(libc_a-freer.o)
 .ARM.attributes
                0x000007fb       0x34 C:/ST/STM32CubeIDE_1.17.0/STM32CubeIDE/plugins/com.st.stm32cube.ide.mcu.externaltools.gnu-tools-for-stm32.12.3.rel1.win32_1.1.0.202410251130/tools/bin/../lib/gcc/arm-none-eabi/12.3.1/../../../../arm-none-eabi/lib/thumb/v7e-m+fp/hard\libc_nano.a(libc_a-mallocr.o)
 .ARM.attributes
                0x0000082f       0x34 C:/ST/STM32CubeIDE_1.17.0/STM32CubeIDE/plugins/com.st.stm32cube.ide.mcu.externaltools.gnu-tools-for-stm32.12.3.rel1.win32_1.1.0.202410251130/tools/bin/../lib/gcc/arm-none-eabi/12.3.1/../../../../arm-none-eabi/lib/thumb/v7e-m+fp/hard\libc_nano.a(libc_a-mlock.o)
 .ARM.attributes
                0x00000863       0x34 C:/ST/STM32CubeIDE_1.17.0/STM32CubeIDE/plugins/com.st.stm32cube.ide.mcu.externaltools.gnu-tools-for-stm32.12.3.rel1.win32_1.1.0.202410251130/tools/bin/../lib/gcc/arm-none-eabi/12.3.1/../../../../arm-none-eabi/lib/thumb/v7e-m+fp/hard\libc_nano.a(libc_a-nano-svfprintf.o)
 .ARM.attributes
                0x00000897       0x34 C:/ST/STM32CubeIDE_1.17.0/STM32CubeIDE/plugins/com.st.stm32cube.ide.mcu.externaltools.gnu-tools-for-stm32.12.3.rel1.win32_1.1.0.202410251130/tools/bin/../lib/gcc/arm-none-eabi/12.3.1/../../../../arm-none-eabi/lib/thumb/v7e-m+fp/hard\libc_nano.a(libc_a-nano-vfprintf_i.o)
 .ARM.attributes
                0x000008cb       0x34 C:/ST/STM32CubeIDE_1.17.0/STM32CubeIDE/plugins/com.st.stm32cube.ide.mcu.externaltools.gnu-tools-for-stm32.12.3.rel1.win32_1.1.0.202410251130/tools/bin/../lib/gcc/arm-none-eabi/12.3.1/../../../../arm-none-eabi/lib/thumb/v7e-m+fp/hard\libc_nano.a(libc_a-memmove.o)
 .ARM.attributes
                0x000008ff       0x34 C:/ST/STM32CubeIDE_1.17.0/STM32CubeIDE/plugins/com.st.stm32cube.ide.mcu.externaltools.gnu-tools-for-stm32.12.3.rel1.win32_1.1.0.202410251130/tools/bin/../lib/gcc/arm-none-eabi/12.3.1/../../../../arm-none-eabi/lib/thumb/v7e-m+fp/hard\libc_nano.a(libc_a-sbrkr.o)
 .ARM.attributes
                0x00000933       0x1c C:/ST/STM32CubeIDE_1.17.0/STM32CubeIDE/plugins/com.st.stm32cube.ide.mcu.externaltools.gnu-tools-for-stm32.12.3.rel1.win32_1.1.0.202410251130/tools/bin/../lib/gcc/arm-none-eabi/12.3.1/../../../../arm-none-eabi/lib/thumb/v7e-m+fp/hard\libc_nano.a(libc_a-memchr.o)
 .ARM.attributes
                0x0000094f       0x34 C:/ST/STM32CubeIDE_1.17.0/STM32CubeIDE/plugins/com.st.stm32cube.ide.mcu.externaltools.gnu-tools-for-stm32.12.3.rel1.win32_1.1.0.202410251130/tools/bin/../lib/gcc/arm-none-eabi/12.3.1/../../../../arm-none-eabi/lib/thumb/v7e-m+fp/hard\libc_nano.a(libc_a-memcpy-stub.o)
 .ARM.attributes
                0x00000983       0x34 C:/ST/STM32CubeIDE_1.17.0/STM32CubeIDE/plugins/com.st.stm32cube.ide.mcu.externaltools.gnu-tools-for-stm32.12.3.rel1.win32_1.1.0.202410251130/tools/bin/../lib/gcc/arm-none-eabi/12.3.1/../../../../arm-none-eabi/lib/thumb/v7e-m+fp/hard\libc_nano.a(libc_a-reallocr.o)
 .ARM.attributes
                0x000009b7       0x34 C:/ST/STM32CubeIDE_1.17.0/STM32CubeIDE/plugins/com.st.stm32cube.ide.mcu.externaltools.gnu-tools-for-stm32.12.3.rel1.win32_1.1.0.202410251130/tools/bin/../lib/gcc/arm-none-eabi/12.3.1/../../../../arm-none-eabi/lib/thumb/v7e-m+fp/hard\libc_nano.a(libc_a-msizer.o)
 .ARM.attributes
                0x000009eb       0x22 C:/ST/STM32CubeIDE_1.17.0/STM32CubeIDE/plugins/com.st.stm32cube.ide.mcu.externaltools.gnu-tools-for-stm32.12.3.rel1.win32_1.1.0.202410251130/tools/bin/../lib/gcc/arm-none-eabi/12.3.1/thumb/v7e-m+fp/hard\libgcc.a(_aeabi_uldivmod.o)
 .ARM.attributes
                0x00000a0d       0x34 C:/ST/STM32CubeIDE_1.17.0/STM32CubeIDE/plugins/com.st.stm32cube.ide.mcu.externaltools.gnu-tools-for-stm32.12.3.rel1.win32_1.1.0.202410251130/tools/bin/../lib/gcc/arm-none-eabi/12.3.1/thumb/v7e-m+fp/hard\libgcc.a(_udivmoddi4.o)
 .ARM.attributes
                0x00000a41       0x22 C:/ST/STM32CubeIDE_1.17.0/STM32CubeIDE/plugins/com.st.stm32cube.ide.mcu.externaltools.gnu-tools-for-stm32.12.3.rel1.win32_1.1.0.202410251130/tools/bin/../lib/gcc/arm-none-eabi/12.3.1/thumb/v7e-m+fp/hard\libgcc.a(_dvmd_tls.o)
 .ARM.attributes
                0x00000a63       0x22 C:/ST/STM32CubeIDE_1.17.0/STM32CubeIDE/plugins/com.st.stm32cube.ide.mcu.externaltools.gnu-tools-for-stm32.12.3.rel1.win32_1.1.0.202410251130/tools/bin/../lib/gcc/arm-none-eabi/12.3.1/thumb/v7e-m+fp/hard/crtn.o
OUTPUT(LCD_Driver.elf elf32-littlearm)
LOAD linker stubs
LOAD C:/ST/STM32CubeIDE_1.17.0/STM32CubeIDE/plugins/com.st.stm32cube.ide.mcu.externaltools.gnu-tools-for-stm32.12.3.rel1.win32_1.1.0.202410251130/tools/bin/../lib/gcc/arm-none-eabi/12.3.1/../../../../arm-none-eabi/lib/thumb/v7e-m+fp/hard\libc.a
LOAD C:/ST/STM32CubeIDE_1.17.0/STM32CubeIDE/plugins/com.st.stm32cube.ide.mcu.externaltools.gnu-tools-for-stm32.12.3.rel1.win32_1.1.0.202410251130/tools/bin/../lib/gcc/arm-none-eabi/12.3.1/../../../../arm-none-eabi/lib/thumb/v7e-m+fp/hard\libm.a
LOAD C:/ST/STM32CubeIDE_1.17.0/STM32CubeIDE/plugins/com.st.stm32cube.ide.mcu.externaltools.gnu-tools-for-stm32.12.3.rel1.win32_1.1.0.202410251130/tools/bin/../lib/gcc/arm-none-eabi/12.3.1/thumb/v7e-m+fp/hard\libgcc.a

.debug_info     0x00000000    0x15110
 .debug_info    0x00000000      0xaad ./BSP/EEPROM/Src/bsp_I2C_eeprom.o
 .debug_info    0x00000aad      0x4ef ./BSP/LCD/Src/Lcd_Driver.o
 .debug_info    0x00000f9c      0x8c9 ./BSP/LOG/Src/bsp_log.o
 .debug_info    0x00001865      0x769 ./BSP/PWM/Src/bsp_tower.o
 .debug_info    0x00001fce      0x68c ./BSP/TASK/Src/bsp_timer.o
 .debug_info    0x0000265a      0xb48 ./BSP/TASK/Src/task_bsp.o
 .debug_info    0x000031a2      0x813 ./Core/Src/dma.o
 .debug_info    0x000039b5      0x405 ./Core/Src/gpio.o
 .debug_info    0x00003dba      0xcb0 ./Core/Src/i2c.o
 .debug_info    0x00004a6a      0x5c4 ./Core/Src/main.o
 .debug_info    0x0000502e      0x281 ./Core/Src/stm32f4xx_hal_msp.o
 .debug_info    0x000052af      0xd1f ./Core/Src/stm32f4xx_it.o
 .debug_info    0x00005fce      0x168 ./Core/Src/sysmem.o
 .debug_info    0x00006136      0x52e ./Core/Src/system_stm32f4xx.o
 .debug_info    0x00006664      0xf39 ./Core/Src/tim.o
 .debug_info    0x0000759d      0xc26 ./Core/Src/usart.o
 .debug_info    0x000081c3       0x30 ./Core/Startup/startup_stm32f429igtx.o
 .debug_info    0x000081f3      0x9ba ./Drivers/STM32F4xx_HAL_Driver/Src/stm32f4xx_hal.o
 .debug_info    0x00008bad      0xdc2 ./Drivers/STM32F4xx_HAL_Driver/Src/stm32f4xx_hal_cortex.o
 .debug_info    0x0000996f      0x8e7 ./Drivers/STM32F4xx_HAL_Driver/Src/stm32f4xx_hal_dma.o
 .debug_info    0x0000a256      0x6db ./Drivers/STM32F4xx_HAL_Driver/Src/stm32f4xx_hal_gpio.o
 .debug_info    0x0000a931     0x2421 ./Drivers/STM32F4xx_HAL_Driver/Src/stm32f4xx_hal_i2c.o
 .debug_info    0x0000cd52      0x672 ./Drivers/STM32F4xx_HAL_Driver/Src/stm32f4xx_hal_i2c_ex.o
 .debug_info    0x0000d3c4      0x6be ./Drivers/STM32F4xx_HAL_Driver/Src/stm32f4xx_hal_pwr_ex.o
 .debug_info    0x0000da82      0x8c7 ./Drivers/STM32F4xx_HAL_Driver/Src/stm32f4xx_hal_rcc.o
 .debug_info    0x0000e349     0x299d ./Drivers/STM32F4xx_HAL_Driver/Src/stm32f4xx_hal_tim.o
 .debug_info    0x00010ce6     0x14db ./Drivers/STM32F4xx_HAL_Driver/Src/stm32f4xx_hal_tim_ex.o
 .debug_info    0x000121c1     0x2f4f ./Drivers/STM32F4xx_HAL_Driver/Src/stm32f4xx_hal_uart.o

.debug_abbrev   0x00000000     0x36cb
 .debug_abbrev  0x00000000      0x288 ./BSP/EEPROM/Src/bsp_I2C_eeprom.o
 .debug_abbrev  0x00000288      0x1e6 ./BSP/LCD/Src/Lcd_Driver.o
 .debug_abbrev  0x0000046e      0x25b ./BSP/LOG/Src/bsp_log.o
 .debug_abbrev  0x000006c9      0x1fd ./BSP/PWM/Src/bsp_tower.o
 .debug_abbrev  0x000008c6      0x18b ./BSP/TASK/Src/bsp_timer.o
 .debug_abbrev  0x00000a51      0x1f1 ./BSP/TASK/Src/task_bsp.o
 .debug_abbrev  0x00000c42      0x1f8 ./Core/Src/dma.o
 .debug_abbrev  0x00000e3a      0x152 ./Core/Src/gpio.o
 .debug_abbrev  0x00000f8c      0x23f ./Core/Src/i2c.o
 .debug_abbrev  0x000011cb      0x210 ./Core/Src/main.o
 .debug_abbrev  0x000013db       0xd8 ./Core/Src/stm32f4xx_hal_msp.o
 .debug_abbrev  0x000014b3      0x1b6 ./Core/Src/stm32f4xx_it.o
 .debug_abbrev  0x00001669       0xbc ./Core/Src/sysmem.o
 .debug_abbrev  0x00001725      0x11a ./Core/Src/system_stm32f4xx.o
 .debug_abbrev  0x0000183f      0x23e ./Core/Src/tim.o
 .debug_abbrev  0x00001a7d      0x22e ./Core/Src/usart.o
 .debug_abbrev  0x00001cab       0x24 ./Core/Startup/startup_stm32f429igtx.o
 .debug_abbrev  0x00001ccf      0x214 ./Drivers/STM32F4xx_HAL_Driver/Src/stm32f4xx_hal.o
 .debug_abbrev  0x00001ee3      0x31d ./Drivers/STM32F4xx_HAL_Driver/Src/stm32f4xx_hal_cortex.o
 .debug_abbrev  0x00002200      0x264 ./Drivers/STM32F4xx_HAL_Driver/Src/stm32f4xx_hal_dma.o
 .debug_abbrev  0x00002464      0x1d4 ./Drivers/STM32F4xx_HAL_Driver/Src/stm32f4xx_hal_gpio.o
 .debug_abbrev  0x00002638      0x2ad ./Drivers/STM32F4xx_HAL_Driver/Src/stm32f4xx_hal_i2c.o
 .debug_abbrev  0x000028e5      0x157 ./Drivers/STM32F4xx_HAL_Driver/Src/stm32f4xx_hal_i2c_ex.o
 .debug_abbrev  0x00002a3c      0x1cf ./Drivers/STM32F4xx_HAL_Driver/Src/stm32f4xx_hal_pwr_ex.o
 .debug_abbrev  0x00002c0b      0x2b7 ./Drivers/STM32F4xx_HAL_Driver/Src/stm32f4xx_hal_rcc.o
 .debug_abbrev  0x00002ec2      0x278 ./Drivers/STM32F4xx_HAL_Driver/Src/stm32f4xx_hal_tim.o
 .debug_abbrev  0x0000313a      0x283 ./Drivers/STM32F4xx_HAL_Driver/Src/stm32f4xx_hal_tim_ex.o
 .debug_abbrev  0x000033bd      0x30e ./Drivers/STM32F4xx_HAL_Driver/Src/stm32f4xx_hal_uart.o

.debug_aranges  0x00000000     0x1298
 .debug_aranges
                0x00000000       0x70 ./BSP/EEPROM/Src/bsp_I2C_eeprom.o
 .debug_aranges
                0x00000070       0x98 ./BSP/LCD/Src/Lcd_Driver.o
 .debug_aranges
                0x00000108       0x40 ./BSP/LOG/Src/bsp_log.o
 .debug_aranges
                0x00000148       0x50 ./BSP/PWM/Src/bsp_tower.o
 .debug_aranges
                0x00000198       0x28 ./BSP/TASK/Src/bsp_timer.o
 .debug_aranges
                0x000001c0       0x68 ./BSP/TASK/Src/task_bsp.o
 .debug_aranges
                0x00000228       0x28 ./Core/Src/dma.o
 .debug_aranges
                0x00000250       0x20 ./Core/Src/gpio.o
 .debug_aranges
                0x00000270       0x30 ./Core/Src/i2c.o
 .debug_aranges
                0x000002a0       0x30 ./Core/Src/main.o
 .debug_aranges
                0x000002d0       0x20 ./Core/Src/stm32f4xx_hal_msp.o
 .debug_aranges
                0x000002f0       0xa8 ./Core/Src/stm32f4xx_it.o
 .debug_aranges
                0x00000398       0x20 ./Core/Src/sysmem.o
 .debug_aranges
                0x000003b8       0x28 ./Core/Src/system_stm32f4xx.o
 .debug_aranges
                0x000003e0       0x50 ./Core/Src/tim.o
 .debug_aranges
                0x00000430       0x30 ./Core/Src/usart.o
 .debug_aranges
                0x00000460       0x28 ./Core/Startup/startup_stm32f429igtx.o
 .debug_aranges
                0x00000488      0x100 ./Drivers/STM32F4xx_HAL_Driver/Src/stm32f4xx_hal.o
 .debug_aranges
                0x00000588      0x130 ./Drivers/STM32F4xx_HAL_Driver/Src/stm32f4xx_hal_cortex.o
 .debug_aranges
                0x000006b8       0x90 ./Drivers/STM32F4xx_HAL_Driver/Src/stm32f4xx_hal_dma.o
 .debug_aranges
                0x00000748       0x58 ./Drivers/STM32F4xx_HAL_Driver/Src/stm32f4xx_hal_gpio.o
 .debug_aranges
                0x000007a0      0x2a8 ./Drivers/STM32F4xx_HAL_Driver/Src/stm32f4xx_hal_i2c.o
 .debug_aranges
                0x00000a48       0x28 ./Drivers/STM32F4xx_HAL_Driver/Src/stm32f4xx_hal_i2c_ex.o
 .debug_aranges
                0x00000a70       0x60 ./Drivers/STM32F4xx_HAL_Driver/Src/stm32f4xx_hal_pwr_ex.o
 .debug_aranges
                0x00000ad0       0x88 ./Drivers/STM32F4xx_HAL_Driver/Src/stm32f4xx_hal_rcc.o
 .debug_aranges
                0x00000b58      0x3d0 ./Drivers/STM32F4xx_HAL_Driver/Src/stm32f4xx_hal_tim.o
 .debug_aranges
                0x00000f28      0x168 ./Drivers/STM32F4xx_HAL_Driver/Src/stm32f4xx_hal_tim_ex.o
 .debug_aranges
                0x00001090      0x208 ./Drivers/STM32F4xx_HAL_Driver/Src/stm32f4xx_hal_uart.o

.debug_rnglists
                0x00000000      0xe6c
 .debug_rnglists
                0x00000000       0x54 ./BSP/EEPROM/Src/bsp_I2C_eeprom.o
 .debug_rnglists
                0x00000054       0x6f ./BSP/LCD/Src/Lcd_Driver.o
 .debug_rnglists
                0x000000c3       0x2d ./BSP/LOG/Src/bsp_log.o
 .debug_rnglists
                0x000000f0       0x38 ./BSP/PWM/Src/bsp_tower.o
 .debug_rnglists
                0x00000128       0x1a ./BSP/TASK/Src/bsp_timer.o
 .debug_rnglists
                0x00000142       0x49 ./BSP/TASK/Src/task_bsp.o
 .debug_rnglists
                0x0000018b       0x1a ./Core/Src/dma.o
 .debug_rnglists
                0x000001a5       0x14 ./Core/Src/gpio.o
 .debug_rnglists
                0x000001b9       0x21 ./Core/Src/i2c.o
 .debug_rnglists
                0x000001da       0x20 ./Core/Src/main.o
 .debug_rnglists
                0x000001fa       0x13 ./Core/Src/stm32f4xx_hal_msp.o
 .debug_rnglists
                0x0000020d       0x79 ./Core/Src/stm32f4xx_it.o
 .debug_rnglists
                0x00000286       0x13 ./Core/Src/sysmem.o
 .debug_rnglists
                0x00000299       0x1a ./Core/Src/system_stm32f4xx.o
 .debug_rnglists
                0x000002b3       0x39 ./Core/Src/tim.o
 .debug_rnglists
                0x000002ec       0x20 ./Core/Src/usart.o
 .debug_rnglists
                0x0000030c       0x19 ./Core/Startup/startup_stm32f429igtx.o
 .debug_rnglists
                0x00000325       0xbb ./Drivers/STM32F4xx_HAL_Driver/Src/stm32f4xx_hal.o
 .debug_rnglists
                0x000003e0       0xe0 ./Drivers/STM32F4xx_HAL_Driver/Src/stm32f4xx_hal_cortex.o
 .debug_rnglists
                0x000004c0       0x70 ./Drivers/STM32F4xx_HAL_Driver/Src/stm32f4xx_hal_dma.o
 .debug_rnglists
                0x00000530       0x3f ./Drivers/STM32F4xx_HAL_Driver/Src/stm32f4xx_hal_gpio.o
 .debug_rnglists
                0x0000056f      0x23c ./Drivers/STM32F4xx_HAL_Driver/Src/stm32f4xx_hal_i2c.o
 .debug_rnglists
                0x000007ab       0x19 ./Drivers/STM32F4xx_HAL_Driver/Src/stm32f4xx_hal_i2c_ex.o
 .debug_rnglists
                0x000007c4       0x47 ./Drivers/STM32F4xx_HAL_Driver/Src/stm32f4xx_hal_pwr_ex.o
 .debug_rnglists
                0x0000080b       0x66 ./Drivers/STM32F4xx_HAL_Driver/Src/stm32f4xx_hal_rcc.o
 .debug_rnglists
                0x00000871      0x31a ./Drivers/STM32F4xx_HAL_Driver/Src/stm32f4xx_hal_tim.o
 .debug_rnglists
                0x00000b8b      0x125 ./Drivers/STM32F4xx_HAL_Driver/Src/stm32f4xx_hal_tim_ex.o
 .debug_rnglists
                0x00000cb0      0x1bc ./Drivers/STM32F4xx_HAL_Driver/Src/stm32f4xx_hal_uart.o

.debug_macro    0x00000000    0x2643b
 .debug_macro   0x00000000      0x304 ./BSP/EEPROM/Src/bsp_I2C_eeprom.o
 .debug_macro   0x00000304      0xab4 ./BSP/EEPROM/Src/bsp_I2C_eeprom.o
 .debug_macro   0x00000db8      0x2a1 ./BSP/EEPROM/Src/bsp_I2C_eeprom.o
 .debug_macro   0x00001059       0x2e ./BSP/EEPROM/Src/bsp_I2C_eeprom.o
 .debug_macro   0x00001087       0x28 ./BSP/EEPROM/Src/bsp_I2C_eeprom.o
 .debug_macro   0x000010af       0x22 ./BSP/EEPROM/Src/bsp_I2C_eeprom.o
 .debug_macro   0x000010d1       0x8e ./BSP/EEPROM/Src/bsp_I2C_eeprom.o
 .debug_macro   0x0000115f       0x51 ./BSP/EEPROM/Src/bsp_I2C_eeprom.o
 .debug_macro   0x000011b0      0x103 ./BSP/EEPROM/Src/bsp_I2C_eeprom.o
 .debug_macro   0x000012b3       0x6a ./BSP/EEPROM/Src/bsp_I2C_eeprom.o
 .debug_macro   0x0000131d      0x1df ./BSP/EEPROM/Src/bsp_I2C_eeprom.o
 .debug_macro   0x000014fc       0x1c ./BSP/EEPROM/Src/bsp_I2C_eeprom.o
 .debug_macro   0x00001518       0x22 ./BSP/EEPROM/Src/bsp_I2C_eeprom.o
 .debug_macro   0x0000153a       0xfb ./BSP/EEPROM/Src/bsp_I2C_eeprom.o
 .debug_macro   0x00001635     0x1011 ./BSP/EEPROM/Src/bsp_I2C_eeprom.o
 .debug_macro   0x00002646      0x11f ./BSP/EEPROM/Src/bsp_I2C_eeprom.o
 .debug_macro   0x00002765    0x17fd8 ./BSP/EEPROM/Src/bsp_I2C_eeprom.o
 .debug_macro   0x0001a73d       0x6d ./BSP/EEPROM/Src/bsp_I2C_eeprom.o
 .debug_macro   0x0001a7aa     0x3711 ./BSP/EEPROM/Src/bsp_I2C_eeprom.o
 .debug_macro   0x0001debb      0x189 ./BSP/EEPROM/Src/bsp_I2C_eeprom.o
 .debug_macro   0x0001e044       0x5c ./BSP/EEPROM/Src/bsp_I2C_eeprom.o
 .debug_macro   0x0001e0a0      0xcba ./BSP/EEPROM/Src/bsp_I2C_eeprom.o
 .debug_macro   0x0001ed5a      0x9e9 ./BSP/EEPROM/Src/bsp_I2C_eeprom.o
 .debug_macro   0x0001f743      0x115 ./BSP/EEPROM/Src/bsp_I2C_eeprom.o
 .debug_macro   0x0001f858      0x156 ./BSP/EEPROM/Src/bsp_I2C_eeprom.o
 .debug_macro   0x0001f9ae       0xa5 ./BSP/EEPROM/Src/bsp_I2C_eeprom.o
 .debug_macro   0x0001fa53      0x182 ./BSP/EEPROM/Src/bsp_I2C_eeprom.o
 .debug_macro   0x0001fbd5      0x287 ./BSP/EEPROM/Src/bsp_I2C_eeprom.o
 .debug_macro   0x0001fe5c       0x5f ./BSP/EEPROM/Src/bsp_I2C_eeprom.o
 .debug_macro   0x0001febb      0x236 ./BSP/EEPROM/Src/bsp_I2C_eeprom.o
 .debug_macro   0x000200f1      0x132 ./BSP/EEPROM/Src/bsp_I2C_eeprom.o
 .debug_macro   0x00020223      0x41d ./BSP/EEPROM/Src/bsp_I2C_eeprom.o
 .debug_macro   0x00020640       0x2e ./BSP/EEPROM/Src/bsp_I2C_eeprom.o
 .debug_macro   0x0002066e      0x1b5 ./BSP/EEPROM/Src/bsp_I2C_eeprom.o
 .debug_macro   0x00020823       0x22 ./BSP/EEPROM/Src/bsp_I2C_eeprom.o
 .debug_macro   0x00020845       0xd6 ./BSP/EEPROM/Src/bsp_I2C_eeprom.o
 .debug_macro   0x0002091b      0x127 ./BSP/EEPROM/Src/bsp_I2C_eeprom.o
 .debug_macro   0x00020a42       0xe2 ./BSP/EEPROM/Src/bsp_I2C_eeprom.o
 .debug_macro   0x00020b24       0x89 ./BSP/EEPROM/Src/bsp_I2C_eeprom.o
 .debug_macro   0x00020bad      0x8ed ./BSP/EEPROM/Src/bsp_I2C_eeprom.o
 .debug_macro   0x0002149a       0x4d ./BSP/EEPROM/Src/bsp_I2C_eeprom.o
 .debug_macro   0x000214e7      0x2aa ./BSP/EEPROM/Src/bsp_I2C_eeprom.o
 .debug_macro   0x00021791      0x134 ./BSP/EEPROM/Src/bsp_I2C_eeprom.o
 .debug_macro   0x000218c5       0x64 ./BSP/EEPROM/Src/bsp_I2C_eeprom.o
 .debug_macro   0x00021929       0x58 ./BSP/EEPROM/Src/bsp_I2C_eeprom.o
 .debug_macro   0x00021981       0x61 ./BSP/EEPROM/Src/bsp_I2C_eeprom.o
 .debug_macro   0x000219e2       0x2a ./BSP/EEPROM/Src/bsp_I2C_eeprom.o
 .debug_macro   0x00021a0c       0x43 ./BSP/EEPROM/Src/bsp_I2C_eeprom.o
 .debug_macro   0x00021a4f       0x34 ./BSP/EEPROM/Src/bsp_I2C_eeprom.o
 .debug_macro   0x00021a83       0x16 ./BSP/EEPROM/Src/bsp_I2C_eeprom.o
 .debug_macro   0x00021a99       0x35 ./BSP/EEPROM/Src/bsp_I2C_eeprom.o
 .debug_macro   0x00021ace      0x369 ./BSP/EEPROM/Src/bsp_I2C_eeprom.o
 .debug_macro   0x00021e37       0x16 ./BSP/EEPROM/Src/bsp_I2C_eeprom.o
 .debug_macro   0x00021e4d       0x43 ./BSP/EEPROM/Src/bsp_I2C_eeprom.o
 .debug_macro   0x00021e90       0x34 ./BSP/EEPROM/Src/bsp_I2C_eeprom.o
 .debug_macro   0x00021ec4       0x10 ./BSP/EEPROM/Src/bsp_I2C_eeprom.o
 .debug_macro   0x00021ed4       0x58 ./BSP/EEPROM/Src/bsp_I2C_eeprom.o
 .debug_macro   0x00021f2c       0x8e ./BSP/EEPROM/Src/bsp_I2C_eeprom.o
 .debug_macro   0x00021fba       0x1c ./BSP/EEPROM/Src/bsp_I2C_eeprom.o
 .debug_macro   0x00021fd6      0x177 ./BSP/EEPROM/Src/bsp_I2C_eeprom.o
 .debug_macro   0x0002214d       0x16 ./BSP/EEPROM/Src/bsp_I2C_eeprom.o
 .debug_macro   0x00022163       0x16 ./BSP/EEPROM/Src/bsp_I2C_eeprom.o
 .debug_macro   0x00022179      0x146 ./BSP/EEPROM/Src/bsp_I2C_eeprom.o
 .debug_macro   0x000222bf       0x82 ./BSP/EEPROM/Src/bsp_I2C_eeprom.o
 .debug_macro   0x00022341       0x64 ./BSP/EEPROM/Src/bsp_I2C_eeprom.o
 .debug_macro   0x000223a5      0x20f ./BSP/LCD/Src/Lcd_Driver.o
 .debug_macro   0x000225b4       0xa0 ./BSP/LCD/Src/Lcd_Driver.o
 .debug_macro   0x00022654      0x2e5 ./BSP/LOG/Src/bsp_log.o
 .debug_macro   0x00022939       0x5b ./BSP/LOG/Src/bsp_log.o
 .debug_macro   0x00022994       0x94 ./BSP/LOG/Src/bsp_log.o
 .debug_macro   0x00022a28       0x57 ./BSP/LOG/Src/bsp_log.o
 .debug_macro   0x00022a7f       0x9e ./BSP/LOG/Src/bsp_log.o
 .debug_macro   0x00022b1d      0x10b ./BSP/LOG/Src/bsp_log.o
 .debug_macro   0x00022c28       0x56 ./BSP/LOG/Src/bsp_log.o
 .debug_macro   0x00022c7e      0x304 ./BSP/PWM/Src/bsp_tower.o
 .debug_macro   0x00022f82       0x52 ./BSP/PWM/Src/bsp_tower.o
 .debug_macro   0x00022fd4      0x33a ./BSP/TASK/Src/bsp_timer.o
 .debug_macro   0x0002330e       0x58 ./BSP/TASK/Src/bsp_timer.o
 .debug_macro   0x00023366       0xac ./BSP/TASK/Src/bsp_timer.o
 .debug_macro   0x00023412      0x33a ./BSP/TASK/Src/task_bsp.o
 .debug_macro   0x0002374c      0x200 ./Core/Src/dma.o
 .debug_macro   0x0002394c      0x200 ./Core/Src/gpio.o
 .debug_macro   0x00023b4c      0x200 ./Core/Src/i2c.o
 .debug_macro   0x00023d4c      0x34c ./Core/Src/main.o
 .debug_macro   0x00024098       0xa6 ./Core/Src/main.o
 .debug_macro   0x0002413e      0x1f6 ./Core/Src/stm32f4xx_hal_msp.o
 .debug_macro   0x00024334      0x200 ./Core/Src/stm32f4xx_it.o
 .debug_macro   0x00024534       0xff ./Core/Src/sysmem.o
 .debug_macro   0x00024633      0x23c ./Core/Src/sysmem.o
 .debug_macro   0x0002486f      0x1e7 ./Core/Src/system_stm32f4xx.o
 .debug_macro   0x00024a56      0x200 ./Core/Src/tim.o
 .debug_macro   0x00024c56      0x200 ./Core/Src/usart.o
 .debug_macro   0x00024e56      0x247 ./Drivers/STM32F4xx_HAL_Driver/Src/stm32f4xx_hal.o
 .debug_macro   0x0002509d      0x1e7 ./Drivers/STM32F4xx_HAL_Driver/Src/stm32f4xx_hal_cortex.o
 .debug_macro   0x00025284      0x1ed ./Drivers/STM32F4xx_HAL_Driver/Src/stm32f4xx_hal_dma.o
 .debug_macro   0x00025471      0x1ed ./Drivers/STM32F4xx_HAL_Driver/Src/stm32f4xx_hal_gpio.o
 .debug_macro   0x0002565e      0x235 ./Drivers/STM32F4xx_HAL_Driver/Src/stm32f4xx_hal_i2c.o
 .debug_macro   0x00025893      0x1e7 ./Drivers/STM32F4xx_HAL_Driver/Src/stm32f4xx_hal_i2c_ex.o
 .debug_macro   0x00025a7a      0x1ff ./Drivers/STM32F4xx_HAL_Driver/Src/stm32f4xx_hal_pwr_ex.o
 .debug_macro   0x00025c79      0x20b ./Drivers/STM32F4xx_HAL_Driver/Src/stm32f4xx_hal_rcc.o
 .debug_macro   0x00025e84      0x1e8 ./Drivers/STM32F4xx_HAL_Driver/Src/stm32f4xx_hal_tim.o
 .debug_macro   0x0002606c      0x1e7 ./Drivers/STM32F4xx_HAL_Driver/Src/stm32f4xx_hal_tim_ex.o
 .debug_macro   0x00026253      0x1e8 ./Drivers/STM32F4xx_HAL_Driver/Src/stm32f4xx_hal_uart.o

.debug_line     0x00000000    0x19de1
 .debug_line    0x00000000      0xcee ./BSP/EEPROM/Src/bsp_I2C_eeprom.o
 .debug_line    0x00000cee      0xab0 ./BSP/LCD/Src/Lcd_Driver.o
 .debug_line    0x0000179e      0x9f9 ./BSP/LOG/Src/bsp_log.o
 .debug_line    0x00002197      0xa71 ./BSP/PWM/Src/bsp_tower.o
 .debug_line    0x00002c08      0xa4c ./BSP/TASK/Src/bsp_timer.o
 .debug_line    0x00003654      0xb39 ./BSP/TASK/Src/task_bsp.o
 .debug_line    0x0000418d      0x7c5 ./Core/Src/dma.o
 .debug_line    0x00004952      0x7a3 ./Core/Src/gpio.o
 .debug_line    0x000050f5      0x848 ./Core/Src/i2c.o
 .debug_line    0x0000593d      0xabf ./Core/Src/main.o
 .debug_line    0x000063fc      0x777 ./Core/Src/stm32f4xx_hal_msp.o
 .debug_line    0x00006b73      0x912 ./Core/Src/stm32f4xx_it.o
 .debug_line    0x00007485      0x579 ./Core/Src/sysmem.o
 .debug_line    0x000079fe      0x7fc ./Core/Src/system_stm32f4xx.o
 .debug_line    0x000081fa      0x8a7 ./Core/Src/tim.o
 .debug_line    0x00008aa1      0x832 ./Core/Src/usart.o
 .debug_line    0x000092d3       0x7a ./Core/Startup/startup_stm32f429igtx.o
 .debug_line    0x0000934d      0xa9b ./Drivers/STM32F4xx_HAL_Driver/Src/stm32f4xx_hal.o
 .debug_line    0x00009de8      0xd57 ./Drivers/STM32F4xx_HAL_Driver/Src/stm32f4xx_hal_cortex.o
 .debug_line    0x0000ab3f      0xfd5 ./Drivers/STM32F4xx_HAL_Driver/Src/stm32f4xx_hal_dma.o
 .debug_line    0x0000bb14      0xc19 ./Drivers/STM32F4xx_HAL_Driver/Src/stm32f4xx_hal_gpio.o
 .debug_line    0x0000c72d     0x3bab ./Drivers/STM32F4xx_HAL_Driver/Src/stm32f4xx_hal_i2c.o
 .debug_line    0x000102d8      0x7f2 ./Drivers/STM32F4xx_HAL_Driver/Src/stm32f4xx_hal_i2c_ex.o
 .debug_line    0x00010aca      0x98e ./Drivers/STM32F4xx_HAL_Driver/Src/stm32f4xx_hal_pwr_ex.o
 .debug_line    0x00011458      0xdee ./Drivers/STM32F4xx_HAL_Driver/Src/stm32f4xx_hal_rcc.o
 .debug_line    0x00012246     0x3809 ./Drivers/STM32F4xx_HAL_Driver/Src/stm32f4xx_hal_tim.o
 .debug_line    0x00015a4f     0x1a5b ./Drivers/STM32F4xx_HAL_Driver/Src/stm32f4xx_hal_tim_ex.o
 .debug_line    0x000174aa     0x2937 ./Drivers/STM32F4xx_HAL_Driver/Src/stm32f4xx_hal_uart.o

.debug_str      0x00000000    0xde2ed
 .debug_str     0x00000000    0xd8906 ./BSP/EEPROM/Src/bsp_I2C_eeprom.o
                              0xd8c29 (size before relaxing)
 .debug_str     0x000d8906      0x5f9 ./BSP/LCD/Src/Lcd_Driver.o
                              0xd4e0f (size before relaxing)
 .debug_str     0x000d8eff      0x2e4 ./BSP/LOG/Src/bsp_log.o
                              0xd884f (size before relaxing)
 .debug_str     0x000d91e3      0x502 ./BSP/PWM/Src/bsp_tower.o
                              0xd8a62 (size before relaxing)
 .debug_str     0x000d96e5      0x49c ./BSP/TASK/Src/bsp_timer.o
                              0xd9273 (size before relaxing)
 .debug_str     0x000d9b81       0xc2 ./BSP/TASK/Src/task_bsp.o
                              0xd9618 (size before relaxing)
 .debug_str     0x000d9c43      0x703 ./Core/Src/dma.o
                              0xd5193 (size before relaxing)
 .debug_str     0x000da346       0x5e ./Core/Src/gpio.o
                              0xd49df (size before relaxing)
 .debug_str     0x000da3a4       0xa5 ./Core/Src/i2c.o
                              0xd551c (size before relaxing)
 .debug_str     0x000da449      0x1fc ./Core/Src/main.o
                              0xd90ca (size before relaxing)
 .debug_str     0x000da645       0x2c ./Core/Src/stm32f4xx_hal_msp.o
                              0xd4914 (size before relaxing)
 .debug_str     0x000da671      0x1ef ./Core/Src/stm32f4xx_it.o