Archive member included to satisfy reference by file (symbol)

C:/ST/STM32CubeIDE_1.17.0/STM32CubeIDE/plugins/com.st.stm32cube.ide.mcu.externaltools.gnu-tools-for-stm32.12.3.rel1.win32_1.1.0.202410251130/tools/bin/../lib/gcc/arm-none-eabi/12.3.1/../../../../arm-none-eabi/lib/thumb/v7e-m+fp/hard\libc_nano.a(libc_a-exit.o)
                              C:/ST/STM32CubeIDE_1.17.0/STM32CubeIDE/plugins/com.st.stm32cube.ide.mcu.externaltools.gnu-tools-for-stm32.12.3.rel1.win32_1.1.0.202410251130/tools/bin/../lib/gcc/arm-none-eabi/12.3.1/../../../../arm-none-eabi/lib/thumb/v7e-m+fp/hard/crt0.o (exit)
C:/ST/STM32CubeIDE_1.17.0/STM32CubeIDE/plugins/com.st.stm32cube.ide.mcu.externaltools.gnu-tools-for-stm32.12.3.rel1.win32_1.1.0.202410251130/tools/bin/../lib/gcc/arm-none-eabi/12.3.1/../../../../arm-none-eabi/lib/thumb/v7e-m+fp/hard\libc_nano.a(libc_a-findfp.o)
                              C:/ST/STM32CubeIDE_1.17.0/STM32CubeIDE/plugins/com.st.stm32cube.ide.mcu.externaltools.gnu-tools-for-stm32.12.3.rel1.win32_1.1.0.202410251130/tools/bin/../lib/gcc/arm-none-eabi/12.3.1/../../../../arm-none-eabi/lib/thumb/v7e-m+fp/hard\libc_nano.a(libc_a-exit.o) (__stdio_exit_handler)
C:/ST/STM32CubeIDE_1.17.0/STM32CubeIDE/plugins/com.st.stm32cube.ide.mcu.externaltools.gnu-tools-for-stm32.12.3.rel1.win32_1.1.0.202410251130/tools/bin/../lib/gcc/arm-none-eabi/12.3.1/../../../../arm-none-eabi/lib/thumb/v7e-m+fp/hard\libc_nano.a(libc_a-fwalk.o)
                              C:/ST/STM32CubeIDE_1.17.0/STM32CubeIDE/plugins/com.st.stm32cube.ide.mcu.externaltools.gnu-tools-for-stm32.12.3.rel1.win32_1.1.0.202410251130/tools/bin/../lib/gcc/arm-none-eabi/12.3.1/../../../../arm-none-eabi/lib/thumb/v7e-m+fp/hard\libc_nano.a(libc_a-findfp.o) (_fwalk_sglue)
C:/ST/STM32CubeIDE_1.17.0/STM32CubeIDE/plugins/com.st.stm32cube.ide.mcu.externaltools.gnu-tools-for-stm32.12.3.rel1.win32_1.1.0.202410251130/tools/bin/../lib/gcc/arm-none-eabi/12.3.1/../../../../arm-none-eabi/lib/thumb/v7e-m+fp/hard\libc_nano.a(libc_a-snprintf.o)
                              ./BSP/LOG/Src/bsp_log.o (snprintf)
C:/ST/STM32CubeIDE_1.17.0/STM32CubeIDE/plugins/com.st.stm32cube.ide.mcu.externaltools.gnu-tools-for-stm32.12.3.rel1.win32_1.1.0.202410251130/tools/bin/../lib/gcc/arm-none-eabi/12.3.1/../../../../arm-none-eabi/lib/thumb/v7e-m+fp/hard\libc_nano.a(libc_a-stdio.o)
                              C:/ST/STM32CubeIDE_1.17.0/STM32CubeIDE/plugins/com.st.stm32cube.ide.mcu.externaltools.gnu-tools-for-stm32.12.3.rel1.win32_1.1.0.202410251130/tools/bin/../lib/gcc/arm-none-eabi/12.3.1/../../../../arm-none-eabi/lib/thumb/v7e-m+fp/hard\libc_nano.a(libc_a-findfp.o) (__sread)
C:/ST/STM32CubeIDE_1.17.0/STM32CubeIDE/plugins/com.st.stm32cube.ide.mcu.externaltools.gnu-tools-for-stm32.12.3.rel1.win32_1.1.0.202410251130/tools/bin/../lib/gcc/arm-none-eabi/12.3.1/../../../../arm-none-eabi/lib/thumb/v7e-m+fp/hard\libc_nano.a(libc_a-vsnprintf.o)
                              ./BSP/LOG/Src/bsp_log.o (vsnprintf)
C:/ST/STM32CubeIDE_1.17.0/STM32CubeIDE/plugins/com.st.stm32cube.ide.mcu.externaltools.gnu-tools-for-stm32.12.3.rel1.win32_1.1.0.202410251130/tools/bin/../lib/gcc/arm-none-eabi/12.3.1/../../../../arm-none-eabi/lib/thumb/v7e-m+fp/hard\libc_nano.a(libc_a-memset.o)
                              C:/ST/STM32CubeIDE_1.17.0/STM32CubeIDE/plugins/com.st.stm32cube.ide.mcu.externaltools.gnu-tools-for-stm32.12.3.rel1.win32_1.1.0.202410251130/tools/bin/../lib/gcc/arm-none-eabi/12.3.1/../../../../arm-none-eabi/lib/thumb/v7e-m+fp/hard/crt0.o (memset)
C:/ST/STM32CubeIDE_1.17.0/STM32CubeIDE/plugins/com.st.stm32cube.ide.mcu.externaltools.gnu-tools-for-stm32.12.3.rel1.win32_1.1.0.202410251130/tools/bin/../lib/gcc/arm-none-eabi/12.3.1/../../../../arm-none-eabi/lib/thumb/v7e-m+fp/hard\libc_nano.a(libc_a-closer.o)
                              C:/ST/STM32CubeIDE_1.17.0/STM32CubeIDE/plugins/com.st.stm32cube.ide.mcu.externaltools.gnu-tools-for-stm32.12.3.rel1.win32_1.1.0.202410251130/tools/bin/../lib/gcc/arm-none-eabi/12.3.1/../../../../arm-none-eabi/lib/thumb/v7e-m+fp/hard\libc_nano.a(libc_a-stdio.o) (_close_r)
C:/ST/STM32CubeIDE_1.17.0/STM32CubeIDE/plugins/com.st.stm32cube.ide.mcu.externaltools.gnu-tools-for-stm32.12.3.rel1.win32_1.1.0.202410251130/tools/bin/../lib/gcc/arm-none-eabi/12.3.1/../../../../arm-none-eabi/lib/thumb/v7e-m+fp/hard\libc_nano.a(libc_a-reent.o)
                              C:/ST/STM32CubeIDE_1.17.0/STM32CubeIDE/plugins/com.st.stm32cube.ide.mcu.externaltools.gnu-tools-for-stm32.12.3.rel1.win32_1.1.0.202410251130/tools/bin/../lib/gcc/arm-none-eabi/12.3.1/../../../../arm-none-eabi/lib/thumb/v7e-m+fp/hard\libc_nano.a(libc_a-closer.o) (errno)
C:/ST/STM32CubeIDE_1.17.0/STM32CubeIDE/plugins/com.st.stm32cube.ide.mcu.externaltools.gnu-tools-for-stm32.12.3.rel1.win32_1.1.0.202410251130/tools/bin/../lib/gcc/arm-none-eabi/12.3.1/../../../../arm-none-eabi/lib/thumb/v7e-m+fp/hard\libc_nano.a(libc_a-impure.o)
[...]
Memory Configuration

Name             Origin             Length             Attributes
CCMRAM           0x10000000         0x00010000         xrw
RAM              0x20000000         0x00030000         xrw
FLASH            0x08000000         0x00100000         xr
*default*        0x00000000         0xffffffff

Linker script and memory map

LOAD C:/ST/STM32CubeIDE_1.17.0/STM32CubeIDE/plugins/com.st.stm32cube.ide.mcu.externaltools.gnu-tools-for-stm32.12.3.rel1.win32_1.1.0.202410251130/tools/bin/../lib/gcc/arm-none-eabi/12.3.1/thumb/v7e-m+fp/hard/crti.o
LOAD C:/ST/STM32CubeIDE_1.17.0/STM32CubeIDE/plugins/com.st.stm32cube.ide.mcu.externaltools.gnu-tools-for-stm32.12.3.rel1.win32_1.1.0.202410251130/tools/bin/../lib/gcc/arm-none-eabi/12.3.1/thumb/v7e-m+fp/hard/crtbegin.o
LOAD C:/ST/STM32CubeIDE_1.17.0/STM32CubeIDE/plugins/com.st.stm32cube.ide.mcu.externaltools.gnu-tools-for-stm32.12.3.rel1.win32_1.1.0.202410251130/tools/bin/../lib/gcc/arm-none-eabi/12.3.1/../../../../arm-none-eabi/lib/thumb/v7e-m+fp/hard/crt0.o
LOAD ./BSP/EEPROM/Src/bsp_I2C_eeprom.o
LOAD ./BSP/LCD/Src/GUI.o
LOAD ./BSP/LCD/Src/Lcd_Driver.o
LOAD ./BSP/LOG/Src/bsp_log.o
LOAD ./BSP/PWM/Src/bsp_tower.o
LOAD ./BSP/TASK/Src/bsp_timer.o
LOAD ./BSP/TASK/Src/task_bsp.o
LOAD ./Core/Src/dma.o
LOAD ./Core/Src/gpio.o
LOAD ./Core/Src/i2c.o
LOAD ./Core/Src/main.o
LOAD ./Core/Src/stm32f4xx_hal_msp.o
LOAD ./Core/Src/stm32f4xx_it.o
LOAD ./Core/Src/syscalls.o
LOAD ./Core/Src/sysmem.o
LOAD ./Core/Src/system_stm32f4xx.o
LOAD ./Core/Src/tim.o
LOAD ./Core/Src/usart.o
LOAD ./Core/Startup/startup_stm32f429igtx.o
LOAD ./Drivers/STM32F4xx_HAL_Driver/Src/stm32f4xx_hal.o
LOAD ./Drivers/STM32F4xx_HAL_Driver/Src/stm32f4xx_hal_cortex.o
LOAD ./Drivers/STM32F4xx_HAL_Driver/Src/stm32f4xx_hal_dma.o
LOAD ./Drivers/STM32F4xx_HAL_Driver/Src/stm32f4xx_hal_dma_ex.o
LOAD ./Drivers/STM32F4xx_HAL_Driver/Src/stm32f4xx_hal_exti.o
LOAD ./Drivers/STM32F4xx_HAL_Driver/Src/stm32f4xx_hal_flash.o
LOAD ./Drivers/STM32F4xx_HAL_Driver/Src/stm32f4xx_hal_flash_ex.o
LOAD ./Drivers/STM32F4xx_HAL_Driver/Src/stm32f4xx_hal_flash_ramfunc.o
LOAD ./Drivers/STM32F4xx_HAL_Driver/Src/stm32f4xx_hal_gpio.o
LOAD ./Drivers/STM32F4xx_HAL_Driver/Src/stm32f4xx_hal_i2c.o
LOAD ./Drivers/STM32F4xx_HAL_Driver/Src/stm32f4xx_hal_i2c_ex.o
LOAD ./Drivers/STM32F4xx_HAL_Driver/Src/stm32f4xx_hal_pwr.o
LOAD ./Drivers/STM32F4xx_HAL_Driver/Src/stm32f4xx_hal_pwr_ex.o
LOAD ./Drivers/STM32F4xx_HAL_Driver/Src/stm32f4xx_hal_rcc.o
LOAD ./Drivers/STM32F4xx_HAL_Driver/Src/stm32f4xx_hal_rcc_ex.o
LOAD ./Drivers/STM32F4xx_HAL_Driver/Src/stm32f4xx_hal_tim.o
LOAD ./Drivers/STM32F4xx_HAL_Driver/Src/stm32f4xx_hal_tim_ex.o
LOAD ./Drivers/STM32F4xx_HAL_Driver/Src/stm32f4xx_hal_uart.o
START GROUP
LOAD C:/ST/STM32CubeIDE_1.17.0/STM32CubeIDE/plugins/com.st.stm32cube.ide.mcu.externaltools.gnu-tools-for-stm32.12.3.rel1.win32_1.1.0.202410251130/tools/bin/../lib/gcc/arm-none-eabi/12.3.1/../../../../arm-none-eabi/lib/thumb/v7e-m+fp/hard\libc_nano.a
LOAD C:/ST/STM32CubeIDE_1.17.0/STM32CubeIDE/plugins/com.st.stm32cube.ide.mcu.externaltools.gnu-tools-for-stm32.12.3.rel1.win32_1.1.0.202410251130/tools/bin/../lib/gcc/arm-none-eabi/12.3.1/../../../../arm-none-eabi/lib/thumb/v7e-m+fp/hard\libm.a
END GROUP
START GROUP
LOAD C:/ST/STM32CubeIDE_1.17.0/STM32CubeIDE/plugins/com.st.stm32cube.ide.mcu.externaltools.gnu-tools-for-stm32.12.3.rel1.win32_1.1.0.202410251130/tools/bin/../lib/gcc/arm-none-eabi/12.3.1/thumb/v7e-m+fp/hard\libgcc.a
LOAD C:/ST/STM32CubeIDE_1.17.0/STM32CubeIDE/plugins/com.st.stm32cube.ide.mcu.externaltools.gnu-tools-for-stm32.12.3.rel1.win32_1.1.0.202410251130/tools/bin/../lib/gcc/arm-none-eabi/12.3.1/../../../../arm-none-eabi/lib/thumb/v7e-m+fp/hard\libc_nano.a
END GROUP
START GROUP
LOAD C:/ST/STM32CubeIDE_1.17.0/STM32CubeIDE/plugins/com.st.stm32cube.ide.mcu.externaltools.gnu-tools-for-stm32.12.3.rel1.win32_1.1.0.202410251130/tools/bin/../lib/gcc/arm-none-eabi/12.3.1/thumb/v7e-m+fp/hard\libgcc.a
LOAD C:/ST/STM32CubeIDE_1.17.0/STM32CubeIDE/plugins/com.st.stm32cube.ide.mcu.externaltools.gnu-tools-for-stm32.12.3.rel1.win32_1.1.0.202410251130/tools/bin/../lib/gcc/arm-none-eabi/12.3.1/../../../../arm-none-eabi/lib/thumb/v7e-m+fp/hard\libc_nano.a
LOAD C:/ST/STM32CubeIDE_1.17.0/STM32CubeIDE/plugins/com.st.stm32cube.ide.mcu.externaltools.gnu-tools-for-stm32.12.3.rel1.win32_1.1.0.202410251130/tools/bin/../lib/gcc/arm-none-eabi/12.3.1/../../../../arm-none-eabi/lib/thumb/v7e-m+fp/hard\libnosys.a
END GROUP
START GROUP
LOAD C:/ST/STM32CubeIDE_1.17.0/STM32CubeIDE/plugins/com.st.stm32cube.ide.mcu.externaltools.gnu-tools-for-stm32.12.3.rel1.win32_1.1.0.202410251130/tools/bin/../lib/gcc/arm-none-eabi/12.3.1/thumb/v7e-m+fp/hard\libgcc.a
LOAD C:/ST/STM32CubeIDE_1.17.0/STM32CubeIDE/plugins/com.st.stm32cube.ide.mcu.externaltools.gnu-tools-for-stm32.12.3.rel1.win32_1.1.0.202410251130/tools/bin/../lib/gcc/arm-none-eabi/12.3.1/../../../../arm-none-eabi/lib/thumb/v7e-m+fp/hard\libc_nano.a
LOAD C:/ST/STM32CubeIDE_1.17.0/STM32CubeIDE/plugins/com.st.stm32cube.ide.mcu.externaltools.gnu-tools-for-stm32.12.3.rel1.win32_1.1.0.202410251130/tools/bin/../lib/gcc/arm-none-eabi/12.3.1/../../../../arm-none-eabi/lib/thumb/v7e-m+fp/hard\libnosys.a
END GROUP
LOAD C:/ST/STM32CubeIDE_1.17.0/STM32CubeIDE/plugins/com.st.stm32cube.ide.mcu.externaltools.gnu-tools-for-stm32.12.3.rel1.win32_1.1.0.202410251130/tools/bin/../lib/gcc/arm-none-eabi/12.3.1/thumb/v7e-m+fp/hard/crtend.o
LOAD C:/ST/STM32CubeIDE_1.17.0/STM32CubeIDE/plugins/com.st.stm32cube.ide.mcu.externaltools.gnu-tools-for-stm32.12.3.rel1.win32_1.1.0.202410251130/tools/bin/../lib/gcc/arm-none-eabi/12.3.1/thumb/v7e-m+fp/hard/crtn.o
                0x20030000                        _estack = (ORIGIN (RAM) + LENGTH (RAM))
                0x00000200                        _Min_Heap_Size = 0x200
                0x00000400                        _Min_Stack_Size = 0x400

.isr_vector     0x08000000      0x1ac
                0x08000000                        . = ALIGN (0x4)
 *(.isr_vector)
 .isr_vector    0x08000000      0x1ac ./Core/Startup/startup_stm32f429igtx.o
                0x08000000                g_pfnVectors
                0x080001ac                        . = ALIGN (0x4)

.text           0x080001b0     0x91e0
                0x080001b0                        . = ALIGN (0x4)
 *(.text)
 .text          0x080001b0       0x40 C:/ST/STM32CubeIDE_1.17.0/STM32CubeIDE/plugins/com.st.stm32cube.ide.mcu.externaltools.gnu-tools-for-stm32.12.3.rel1.win32_1.1.0.202410251130/tools/bin/../lib/gcc/arm-none-eabi/12.3.1/thumb/v7e-m+fp/hard/crtbegin.o
 .text          0x080001f0       0xa0 C:/ST/STM32CubeIDE_1.17.0/STM32CubeIDE/plugins/com.st.stm32cube.ide.mcu.externaltools.gnu-tools-for-stm32.12.3.rel1.win32_1.1.0.202410251130/tools/bin/../lib/gcc/arm-none-eabi/12.3.1/../../../../arm-none-eabi/lib/thumb/v7e-m+fp/hard\libc_nano.a(libc_a-memchr.o)
                0x080001f0                memchr
 .text          0x08000290       0x30 C:/ST/STM32CubeIDE_1.17.0/STM32CubeIDE/plugins/com.st.stm32cube.ide.mcu.externaltools.gnu-tools-for-stm32.12.3.rel1.win32_1.1.0.202410251130/tools/bin/../lib/gcc/arm-none-eabi/12.3.1/thumb/v7e-m+fp/hard\libgcc.a(_aeabi_uldivmod.o)
                0x08000290                __aeabi_uldivmod
 .text          0x080002c0      0x2bc C:/ST/STM32CubeIDE_1.17.0/STM32CubeIDE/plugins/com.st.stm32cube.ide.mcu.externaltools.gnu-tools-for-stm32.12.3.rel1.win32_1.1.0.202410251130/tools/bin/../lib/gcc/arm-none-eabi/12.3.1/thumb/v7e-m+fp/hard\libgcc.a(_udivmoddi4.o)
                0x080002c0                __udivmoddi4
 .text          0x0800057c        0x4 C:/ST/STM32CubeIDE_1.17.0/STM32CubeIDE/plugins/com.st.stm32cube.ide.mcu.externaltools.gnu-tools-for-stm32.12.3.rel1.win32_1.1.0.202410251130/tools/bin/../lib/gcc/arm-none-eabi/12.3.1/thumb/v7e-m+fp/hard\libgcc.a(_dvmd_tls.o)
                0x0800057c                __aeabi_idiv0
                0x0800057c                __aeabi_ldiv0
 *(.text*)
 .text.I2C_WritePage
                0x08000580       0x60 ./BSP/EEPROM/Src/bsp_I2C_eeprom.o
                0x08000580                I2C_WritePage
 .text.I2C_ReadPage
                0x080005e0       0x48 ./BSP/EEPROM/Src/bsp_I2C_eeprom.o
                0x080005e0                I2C_ReadPage
 .text.I2C_EE_BufferWrite
                0x08000628      0x15c ./BSP/EEPROM/Src/bsp_I2C_eeprom.o
                0x08000628                I2C_EE_BufferWrite
 .text.I2C_EE_BufferRead
                0x08000784      0x172 ./BSP/EEPROM/Src/bsp_I2C_eeprom.o
                0x08000784                I2C_EE_BufferRead
 *fill*         0x080008f6        0x2 
 .text.I2C_Test1
                0x080008f8      0x14c ./BSP/EEPROM/Src/bsp_I2C_eeprom.o
                0x080008f8                I2C_Test1
 .text.HAL_I2C_MasterTxCpltCallback
                0x08000a44       0x2c ./BSP/EEPROM/Src/bsp_I2C_eeprom.o
                0x08000a44                HAL_I2C_MasterTxCpltCallback
 .text.HAL_I2C_MasterRxCpltCallback
                0x08000a70       0x2c ./BSP/EEPROM/Src/bsp_I2C_eeprom.o
                0x08000a70                HAL_I2C_MasterRxCpltCallback
 .text.HAL_I2C_MemTxCpltCallback
                0x08000a9c       0x2c ./BSP/EEPROM/Src/bsp_I2C_eeprom.o
                0x08000a9c                HAL_I2C_MemTxCpltCallback
 .text.HAL_I2C_MemRxCpltCallback
                0x08000ac8       0x2c ./BSP/EEPROM/Src/bsp_I2C_eeprom.o
                0x08000ac8                HAL_I2C_MemRxCpltCallback
 .text.SPI_WriteData
                0x08000af4       0x68 ./BSP/LCD/Src/Lcd_Driver.o
                0x08000af4                SPI_WriteData
 .text.Lcd_WriteIndex
                0x08000b5c       0x44 ./BSP/LCD/Src/Lcd_Driver.o
                0x08000b5c                Lcd_WriteIndex
 .text.Lcd_WriteData
                0x08000ba0       0x44 ./BSP/LCD/Src/Lcd_Driver.o
                0x08000ba0                Lcd_WriteData
 .text.LCD_WriteData_16Bit
                0x08000be4       0x54 ./BSP/LCD/Src/Lcd_Driver.o
                0x08000be4                LCD_WriteData_16Bit
 .text.Lcd_Reset
                0x08000c38       0x30 ./BSP/LCD/Src/Lcd_Driver.o
                0x08000c38                Lcd_Reset
 .text.Lcd_Init
                0x08000c68      0x222 ./BSP/LCD/Src/Lcd_Driver.o
                0x08000c68                Lcd_Init
 .text.Lcd_SetRegion
                0x08000e8a       0x88 ./BSP/LCD/Src/Lcd_Driver.o
                0x08000e8a                Lcd_SetRegion
 .text.Lcd_Clear
                0x08000f12       0x52 ./BSP/LCD/Src/Lcd_Driver.o
                0x08000f12                Lcd_Clear
 .text.DEBUG_PRINTF
                0x08000f64       0xac ./BSP/LOG/Src/bsp_log.o
                0x08000f64                DEBUG_PRINTF
 .text.SIMPLY_PRINTF
                0x08001010       0x80 ./BSP/LOG/Src/bsp_log.o
                0x08001010                SIMPLY_PRINTF
 .text.HAL_UARTEx_RxEventCallback
                0x08001090       0x50 ./BSP/LOG/Src/bsp_log.o
                0x08001090                HAL_UARTEx_RxEventCallback
 .text.HAL_UART_TxCpltCallback
                0x080010e0       0x2c ./BSP/LOG/Src/bsp_log.o
                0x080010e0                HAL_UART_TxCpltCallback
 .text.Tower_Init
                0x0800110c       0x14 ./BSP/PWM/Src/bsp_tower.o
                0x0800110c                Tower_Init
 .text.GreenLed_Test
                0x08001120       0x50 ./BSP/PWM/Src/bsp_tower.o
                0x08001120                GreenLed_Test
 .text.HAL_TIM_PeriodElapsedCallback
                0x08001170       0x84 ./BSP/TASK/Src/bsp_timer.o
                0x08001170                HAL_TIM_PeriodElapsedCallback
 .text.Lcd_Task
                0x080011f4        0xe ./BSP/TASK/Src/task_bsp.o
                0x080011f4                Lcd_Task
 *fill*         0x08001202        0x2 
 .text.Task_1ms_Entry
                0x08001204       0x20 ./BSP/TASK/Src/task_bsp.o
                0x08001204                Task_1ms_Entry
 .text.Task_5ms_Entry
                0x08001224       0x20 ./BSP/TASK/Src/task_bsp.o
                0x08001224                Task_5ms_Entry
 .text.Task_10ms_Entry
                0x08001244       0x20 ./BSP/TASK/Src/task_bsp.o
                0x08001244                Task_10ms_Entry
 .text.Task_50ms_Entry
                0x08001264       0x20 ./BSP/TASK/Src/task_bsp.o
                0x08001264                Task_50ms_Entry
 .text.Task_100ms_Entry
                0x08001284       0x20 ./BSP/TASK/Src/task_bsp.o
                0x08001284                Task_100ms_Entry
 .text.Task_500ms_Entry
                0x080012a4       0x28 ./BSP/TASK/Src/task_bsp.o
                0x080012a4                Task_500ms_Entry
 .text.Task_1000ms_Entry
                0x080012cc       0x2c ./BSP/TASK/Src/task_bsp.o
                0x080012cc                Task_1000ms_Entry
 .text.OS_Init  0x080012f8       0x5c ./BSP/TASK/Src/task_bsp.o
                0x080012f8                OS_Init
 .text.Start_OS
                0x08001354       0x7c ./BSP/TASK/Src/task_bsp.o
                0x08001354                Start_OS
 .text.MX_DMA_Init
                0x080013d0      0x104 ./Core/Src/dma.o
                0x080013d0                MX_DMA_Init
 .text.MX_GPIO_Init
                0x080014d4      0x108 ./Core/Src/gpio.o
                0x080014d4                MX_GPIO_Init
 .text.MX_I2C1_Init
                0x080015dc       0x80 ./Core/Src/i2c.o
                0x080015dc                MX_I2C1_Init
 .text.HAL_I2C_MspInit
                0x0800165c      0x178 ./Core/Src/i2c.o
                0x0800165c                HAL_I2C_MspInit
 .text.main     0x080017d4       0x2e ./Core/Src/main.o
                0x080017d4                main
 *fill*         0x08001802        0x2 
 .text.SystemClock_Config
                0x08001804       0xe0 ./Core/Src/main.o
                0x08001804                SystemClock_Config
 .text.Error_Handler
                0x080018e4        0xc ./Core/Src/main.o
                0x080018e4                Error_Handler
 .text.HAL_MspInit
                0x080018f0       0x50 ./Core/Src/stm32f4xx_hal_msp.o
                0x080018f0                HAL_MspInit
 .text.NMI_Handler
                0x08001940        0x8 ./Core/Src/stm32f4xx_it.o
                0x08001940                NMI_Handler
 .text.HardFault_Handler
                0x08001948        0x8 ./Core/Src/stm32f4xx_it.o
                0x08001948                HardFault_Handler
 .text.MemManage_Handler
                0x08001950        0x8 ./Core/Src/stm32f4xx_it.o
                0x08001950                MemManage_Handler
 .text.BusFault_Handler
                0x08001958        0x8 ./Core/Src/stm32f4xx_it.o
                0x08001958                BusFault_Handler
 .text.UsageFault_Handler
                0x08001960        0x8 ./Core/Src/stm32f4xx_it.o
                0x08001960                UsageFault_Handler
 .text.SVC_Handler
                0x08001968        0xe ./Core/Src/stm32f4xx_it.o
                0x08001968                SVC_Handler
 .text.DebugMon_Handler
                0x08001976        0xe ./Core/Src/stm32f4xx_it.o
                0x08001976                DebugMon_Handler
 .text.PendSV_Handler
                0x08001984        0xe ./Core/Src/stm32f4xx_it.o
                0x08001984                PendSV_Handler
 .text.SysTick_Handler
                0x08001992        0xc ./Core/Src/stm32f4xx_it.o
                0x08001992                SysTick_Handler
 *fill*         0x0800199e        0x2 
 .text.DMA1_Stream0_IRQHandler
                0x080019a0       0x14 ./Core/Src/stm32f4xx_it.o
                0x080019a0                DMA1_Stream0_IRQHandler
 .text.DMA1_Stream6_IRQHandler
                0x080019b4       0x14 ./Core/Src/stm32f4xx_it.o
                0x080019b4                DMA1_Stream6_IRQHandler
 .text.TIM3_IRQHandler
                0x080019c8       0x14 ./Core/Src/stm32f4xx_it.o
                0x080019c8                TIM3_IRQHandler
 .text.I2C1_EV_IRQHandler
                0x080019dc       0x14 ./Core/Src/stm32f4xx_it.o
                0x080019dc                I2C1_EV_IRQHandler
 .text.I2C1_ER_IRQHandler
                0x080019f0       0x14 ./Core/Src/stm32f4xx_it.o
                0x080019f0                I2C1_ER_IRQHandler
 .text.USART1_IRQHandler
                0x08001a04       0x14 ./Core/Src/stm32f4xx_it.o
                0x08001a04                USART1_IRQHandler
 .text.DMA2_Stream0_IRQHandler
                0x08001a18       0x14 ./Core/Src/stm32f4xx_it.o
                0x08001a18                DMA2_Stream0_IRQHandler
 .text.DMA2_Stream2_IRQHandler
                0x08001a2c       0x14 ./Core/Src/stm32f4xx_it.o
                0x08001a2c                DMA2_Stream2_IRQHandler
 .text.DMA2_Stream7_IRQHandler
                0x08001a40       0x14 ./Core/Src/stm32f4xx_it.o
                0x08001a40                DMA2_Stream7_IRQHandler
 .text._sbrk    0x08001a54       0x6c ./Core/Src/sysmem.o
                0x08001a54                _sbrk
 .text.SystemInit
                0x08001ac0       0x24 ./Core/Src/system_stm32f4xx.o
                0x08001ac0                SystemInit
 .text.MX_TIM3_Init
                0x08001ae4       0x9c ./Core/Src/tim.o
                0x08001ae4                MX_TIM3_Init
 .text.MX_TIM5_Init
                0x08001b80       0xb4 ./Core/Src/tim.o
                0x08001b80                MX_TIM5_Init
 .text.HAL_TIM_Base_MspInit
                0x08001c34       0x50 ./Core/Src/tim.o
                0x08001c34                HAL_TIM_Base_MspInit
 .text.HAL_TIM_PWM_MspInit
                0x08001c84       0x44 ./Core/Src/tim.o
                0x08001c84                HAL_TIM_PWM_MspInit
 .text.HAL_TIM_MspPostInit
                0x08001cc8       0x74 ./Core/Src/tim.o
                0x08001cc8                HAL_TIM_MspPostInit
 .text.MX_USART1_UART_Init
                0x08001d3c       0x54 ./Core/Src/usart.o
                0x08001d3c                MX_USART1_UART_Init
 .text.HAL_UART_MspInit
                0x08001d90      0x16c ./Core/Src/usart.o
                0x08001d90                HAL_UART_MspInit
 .text.Reset_Handler
                0x08001efc       0x50 ./Core/Startup/startup_stm32f429igtx.o
                0x08001efc                Reset_Handler
 .text.Default_Handler
                0x08001f4c        0x2 ./Core/Startup/startup_stm32f429igtx.o
                0x08001f4c                RTC_Alarm_IRQHandler
                0x08001f4c                HASH_RNG_IRQHandler
                0x08001f4c                EXTI2_IRQHandler
                0x08001f4c                TIM8_CC_IRQHandler
                0x08001f4c                UART8_IRQHandler
                0x08001f4c                SPI4_IRQHandler
                0x08001f4c                TIM1_CC_IRQHandler
                0x08001f4c                DMA2_Stream5_IRQHandler
                0x08001f4c                DMA1_Stream5_IRQHandler
                0x08001f4c                PVD_IRQHandler
                0x08001f4c                SDIO_IRQHandler
                0x08001f4c                TAMP_STAMP_IRQHandler
                0x08001f4c                CAN2_RX1_IRQHandler
                0x08001f4c                EXTI3_IRQHandler
                0x08001f4c                TIM8_TRG_COM_TIM14_IRQHandler
                0x08001f4c                TIM1_UP_TIM10_IRQHandler
                0x08001f4c                TIM8_UP_TIM13_IRQHandler
                0x08001f4c                I2C3_ER_IRQHandler
                0x08001f4c                EXTI0_IRQHandler
                0x08001f4c                I2C2_EV_IRQHandler
                0x08001f4c                DMA1_Stream2_IRQHandler
                0x08001f4c                CAN1_RX0_IRQHandler
                0x08001f4c                FPU_IRQHandler
                0x08001f4c                OTG_HS_WKUP_IRQHandler
                0x08001f4c                LTDC_ER_IRQHandler
                0x08001f4c                CAN2_SCE_IRQHandler
                0x08001f4c                SPI1_IRQHandler
                0x08001f4c                TIM6_DAC_IRQHandler
                0x08001f4c                TIM1_BRK_TIM9_IRQHandler
                0x08001f4c                DCMI_IRQHandler
                0x08001f4c                CAN2_RX0_IRQHandler
                0x08001f4c                DMA2_Stream3_IRQHandler
                0x08001f4c                USART6_IRQHandler
                0x08001f4c                USART3_IRQHandler
                0x08001f4c                CAN1_RX1_IRQHandler
                0x08001f4c                UART5_IRQHandler
                0x08001f4c                TIM4_IRQHandler
                0x08001f4c                DMA1_Stream1_IRQHandler
                0x08001f4c                UART4_IRQHandler
                0x08001f4c                RCC_IRQHandler
                0x08001f4c                TIM8_BRK_TIM12_IRQHandler
                0x08001f4c                Default_Handler
                0x08001f4c                EXTI15_10_IRQHandler
                0x08001f4c                ADC_IRQHandler
                0x08001f4c                DMA1_Stream7_IRQHandler
                0x08001f4c                SPI5_IRQHandler
                0x08001f4c                TIM7_IRQHandler
                0x08001f4c                CAN2_TX_IRQHandler
                0x08001f4c                TIM5_IRQHandler
                0x08001f4c                I2C3_EV_IRQHandler
                0x08001f4c                EXTI9_5_IRQHandler
                0x08001f4c                RTC_WKUP_IRQHandler
                0x08001f4c                LTDC_IRQHandler
                0x08001f4c                ETH_WKUP_IRQHandler
                0x08001f4c                SPI2_IRQHandler
                0x08001f4c                OTG_HS_EP1_IN_IRQHandler
                0x08001f4c                CAN1_TX_IRQHandler
                0x08001f4c                EXTI4_IRQHandler
                0x08001f4c                ETH_IRQHandler
                0x08001f4c                OTG_HS_EP1_OUT_IRQHandler
                0x08001f4c                WWDG_IRQHandler
                0x08001f4c                SPI6_IRQHandler
                0x08001f4c                TIM2_IRQHandler
                0x08001f4c                OTG_FS_WKUP_IRQHandler
                0x08001f4c                TIM1_TRG_COM_TIM11_IRQHandler
                0x08001f4c                OTG_HS_IRQHandler
                0x08001f4c                DMA2D_IRQHandler
                0x08001f4c                EXTI1_IRQHandler
                0x08001f4c                UART7_IRQHandler
                0x08001f4c                USART2_IRQHandler
                0x08001f4c                I2C2_ER_IRQHandler
                0x08001f4c                DMA2_Stream1_IRQHandler
                0x08001f4c                CAN1_SCE_IRQHandler
                0x08001f4c                FLASH_IRQHandler
                0x08001f4c                DMA2_Stream4_IRQHandler
                0x08001f4c                OTG_FS_IRQHandler
                0x08001f4c                SPI3_IRQHandler
                0x08001f4c                DMA1_Stream4_IRQHandler
                0x08001f4c                FMC_IRQHandler
                0x08001f4c                DMA2_Stream6_IRQHandler
                0x08001f4c                SAI1_IRQHandler
                0x08001f4c                DMA1_Stream3_IRQHandler
 *fill*         0x08001f4e        0x2 
 .text.HAL_Init
                0x08001f50       0x44 ./Drivers/STM32F4xx_HAL_Driver/Src/stm32f4xx_hal.o
                0x08001f50                HAL_Init
 .text.HAL_InitTick
                0x08001f94       0x60 ./Drivers/STM32F4xx_HAL_Driver/Src/stm32f4xx_hal.o
                0x08001f94                HAL_InitTick
 .text.HAL_IncTick
                0x08001ff4       0x28 ./Drivers/STM32F4xx_HAL_Driver/Src/stm32f4xx_hal.o
                0x08001ff4                HAL_IncTick
 .text.HAL_GetTick
                0x0800201c       0x18 ./Drivers/STM32F4xx_HAL_Driver/Src/stm32f4xx_hal.o
                0x0800201c                HAL_GetTick
 .text.HAL_Delay
                0x08002034       0x48 ./Drivers/STM32F4xx_HAL_Driver/Src/stm32f4xx_hal.o
                0x08002034                HAL_Delay
 .text.__NVIC_SetPriorityGrouping
                0x0800207c       0x48 ./Drivers/STM32F4xx_HAL_Driver/Src/stm32f4xx_hal_cortex.o
 .text.__NVIC_GetPriorityGrouping
                0x080020c4       0x1c ./Drivers/STM32F4xx_HAL_Driver/Src/stm32f4xx_hal_cortex.o
 .text.__NVIC_EnableIRQ
                0x080020e0       0x3c ./Drivers/STM32F4xx_HAL_Driver/Src/stm32f4xx_hal_cortex.o
 .text.__NVIC_SetPriority
                0x0800211c       0x54 ./Drivers/STM32F4xx_HAL_Driver/Src/stm32f4xx_hal_cortex.o
 .text.NVIC_EncodePriority
                0x08002170       0x66 ./Drivers/STM32F4xx_HAL_Driver/Src/stm32f4xx_hal_cortex.o
 *fill*         0x080021d6        0x2 
 .text.SysTick_Config
                0x080021d8       0x44 ./Drivers/STM32F4xx_HAL_Driver/Src/stm32f4xx_hal_cortex.o
 .text.HAL_NVIC_SetPriorityGrouping
                0x0800221c       0x16 ./Drivers/STM32F4xx_HAL_Driver/Src/stm32f4xx_hal_cortex.o
                0x0800221c                HAL_NVIC_SetPriorityGrouping
 .text.HAL_NVIC_SetPriority
                0x08002232       0x38 ./Drivers/STM32F4xx_HAL_Driver/Src/stm32f4xx_hal_cortex.o
                0x08002232                HAL_NVIC_SetPriority
 .text.HAL_NVIC_EnableIRQ
                0x0800226a       0x1c ./Drivers/STM32F4xx_HAL_Driver/Src/stm32f4xx_hal_cortex.o
                0x0800226a                HAL_NVIC_EnableIRQ
 .text.HAL_SYSTICK_Config
                0x08002286       0x18 ./Drivers/STM32F4xx_HAL_Driver/Src/stm32f4xx_hal_cortex.o
                0x08002286                HAL_SYSTICK_Config
 *fill*         0x0800229e        0x2 
 .text.HAL_DMA_Init
                0x080022a0      0x15c ./Drivers/STM32F4xx_HAL_Driver/Src/stm32f4xx_hal_dma.o
                0x080022a0                HAL_DMA_Init
 .text.HAL_DMA_Start_IT
                0x080023fc       0xb0 ./Drivers/STM32F4xx_HAL_Driver/Src/stm32f4xx_hal_dma.o
                0x080023fc                HAL_DMA_Start_IT
 .text.HAL_DMA_Abort
                0x080024ac       0xe0 ./Drivers/STM32F4xx_HAL_Driver/Src/stm32f4xx_hal_dma.o
                0x080024ac                HAL_DMA_Abort
 .text.HAL_DMA_Abort_IT
                0x0800258c       0x44 ./Drivers/STM32F4xx_HAL_Driver/Src/stm32f4xx_hal_dma.o
                0x0800258c                HAL_DMA_Abort_IT
 .text.HAL_DMA_IRQHandler
                0x080025d0      0x314 ./Drivers/STM32F4xx_HAL_Driver/Src/stm32f4xx_hal_dma.o
                0x080025d0                HAL_DMA_IRQHandler
 .text.HAL_DMA_GetState
                0x080028e4       0x1c ./Drivers/STM32F4xx_HAL_Driver/Src/stm32f4xx_hal_dma.o
                0x080028e4                HAL_DMA_GetState
 .text.HAL_DMA_GetError
                0x08002900       0x18 ./Drivers/STM32F4xx_HAL_Driver/Src/stm32f4xx_hal_dma.o
                0x08002900                HAL_DMA_GetError
 .text.DMA_SetConfig
                0x08002918       0x5c ./Drivers/STM32F4xx_HAL_Driver/Src/stm32f4xx_hal_dma.o
 .text.DMA_CalcBaseAndBitshift
                0x08002974       0x6c ./Drivers/STM32F4xx_HAL_Driver/Src/stm32f4xx_hal_dma.o
 .text.DMA_CheckFifoParam
                0x080029e0       0xf8 ./Drivers/STM32F4xx_HAL_Driver/Src/stm32f4xx_hal_dma.o
 .text.HAL_GPIO_Init
                0x08002ad8      0x358 ./Drivers/STM32F4xx_HAL_Driver/Src/stm32f4xx_hal_gpio.o
                0x08002ad8                HAL_GPIO_Init
 .text.HAL_GPIO_WritePin
                0x08002e30       0x32 ./Drivers/STM32F4xx_HAL_Driver/Src/stm32f4xx_hal_gpio.o
                0x08002e30                HAL_GPIO_WritePin
 *fill*         0x08002e62        0x2 
 .text.HAL_I2C_Init
                0x08002e64      0x288 ./Drivers/STM32F4xx_HAL_Driver/Src/stm32f4xx_hal_i2c.o
                0x08002e64                HAL_I2C_Init
 .text.I2C_Flush_DR
                0x080030ec       0x2a ./Drivers/STM32F4xx_HAL_Driver/Src/stm32f4xx_hal_i2c.o
 *fill*         0x08003116        0x2 
 .text.HAL_I2C_Mem_Write_DMA
                0x08003118      0x2bc ./Drivers/STM32F4xx_HAL_Driver/Src/stm32f4xx_hal_i2c.o
                0x08003118                HAL_I2C_Mem_Write_DMA
 .text.HAL_I2C_Mem_Read_DMA
                0x080033d4      0x320 ./Drivers/STM32F4xx_HAL_Driver/Src/stm32f4xx_hal_i2c.o
                0x080033d4                HAL_I2C_Mem_Read_DMA
 .text.HAL_I2C_IsDeviceReady
                0x080036f4      0x25c ./Drivers/STM32F4xx_HAL_Driver/Src/stm32f4xx_hal_i2c.o
                0x080036f4                HAL_I2C_IsDeviceReady
 .text.HAL_I2C_EV_IRQHandler
                0x08003950      0x2a6 ./Drivers/STM32F4xx_HAL_Driver/Src/stm32f4xx_hal_i2c.o
                0x08003950                HAL_I2C_EV_IRQHandler
 .text.HAL_I2C_ER_IRQHandler
                0x08003bf6      0x13e ./Drivers/STM32F4xx_HAL_Driver/Src/stm32f4xx_hal_i2c.o
                0x08003bf6                HAL_I2C_ER_IRQHandler
 .text.HAL_I2C_SlaveTxCpltCallback
                0x08003d34       0x14 ./Drivers/STM32F4xx_HAL_Driver/Src/stm32f4xx_hal_i2c.o
                0x08003d34                HAL_I2C_SlaveTxCpltCallback
 .text.HAL_I2C_SlaveRxCpltCallback
                0x08003d48       0x14 ./Drivers/STM32F4xx_HAL_Driver/Src/stm32f4xx_hal_i2c.o
                0x08003d48                HAL_I2C_SlaveRxCpltCallback
 .text.HAL_I2C_AddrCallback
                0x08003d5c       0x1c ./Drivers/STM32F4xx_HAL_Driver/Src/stm32f4xx_hal_i2c.o
                0x08003d5c                HAL_I2C_AddrCallback
 .text.HAL_I2C_ListenCpltCallback
                0x08003d78       0x14 ./Drivers/STM32F4xx_HAL_Driver/Src/stm32f4xx_hal_i2c.o
                0x08003d78                HAL_I2C_ListenCpltCallback
 .text.HAL_I2C_ErrorCallback
                0x08003d8c       0x14 ./Drivers/STM32F4xx_HAL_Driver/Src/stm32f4xx_hal_i2c.o
                0x08003d8c                HAL_I2C_ErrorCallback
 .text.HAL_I2C_AbortCpltCallback
                0x08003da0       0x14 ./Drivers/STM32F4xx_HAL_Driver/Src/stm32f4xx_hal_i2c.o
                0x08003da0                HAL_I2C_AbortCpltCallback
 .text.I2C_MasterTransmit_TXE
                0x08003db4      0x138 ./Drivers/STM32F4xx_HAL_Driver/Src/stm32f4xx_hal_i2c.o
 .text.I2C_MasterTransmit_BTF
                0x08003eec       0xec ./Drivers/STM32F4xx_HAL_Driver/Src/stm32f4xx_hal_i2c.o
 .text.I2C_MemoryTransmit_TXE_BTF
                0x08003fd8      0x130 ./Drivers/STM32F4xx_HAL_Driver/Src/stm32f4xx_hal_i2c.o
 .text.I2C_MasterReceive_RXNE
                0x08004108      0x190 ./Drivers/STM32F4xx_HAL_Driver/Src/stm32f4xx_hal_i2c.o
 .text.I2C_MasterReceive_BTF
                0x08004298      0x1ea ./Drivers/STM32F4xx_HAL_Driver/Src/stm32f4xx_hal_i2c.o
 .text.I2C_Master_SB
                0x08004482      0x10c ./Drivers/STM32F4xx_HAL_Driver/Src/stm32f4xx_hal_i2c.o
 .text.I2C_Master_ADD10
                0x0800458e       0x54 ./Drivers/STM32F4xx_HAL_Driver/Src/stm32f4xx_hal_i2c.o
 .text.I2C_Master_ADDR
                0x080045e2      0x322 ./Drivers/STM32F4xx_HAL_Driver/Src/stm32f4xx_hal_i2c.o
 .text.I2C_SlaveTransmit_TXE
                0x08004904       0x7a ./Drivers/STM32F4xx_HAL_Driver/Src/stm32f4xx_hal_i2c.o
 .text.I2C_SlaveTransmit_BTF
                0x0800497e       0x42 ./Drivers/STM32F4xx_HAL_Driver/Src/stm32f4xx_hal_i2c.o
 .text.I2C_SlaveReceive_RXNE
                0x080049c0       0x7c ./Drivers/STM32F4xx_HAL_Driver/Src/stm32f4xx_hal_i2c.o
 .text.I2C_SlaveReceive_BTF
                0x08004a3c       0x44 ./Drivers/STM32F4xx_HAL_Driver/Src/stm32f4xx_hal_i2c.o
 .text.I2C_Slave_ADDR
                0x08004a80       0x90 ./Drivers/STM32F4xx_HAL_Driver/Src/stm32f4xx_hal_i2c.o
 .text.I2C_Slave_STOPF
                0x08004b10      0x260 ./Drivers/STM32F4xx_HAL_Driver/Src/stm32f4xx_hal_i2c.o
 .text.I2C_Slave_AF
                0x08004d70       0xe8 ./Drivers/STM32F4xx_HAL_Driver/Src/stm32f4xx_hal_i2c.o
 .text.I2C_ITError
                0x08004e58      0x264 ./Drivers/STM32F4xx_HAL_Driver/Src/stm32f4xx_hal_i2c.o
 .text.I2C_RequestMemoryWrite
                0x080050bc      0x12c ./Drivers/STM32F4xx_HAL_Driver/Src/stm32f4xx_hal_i2c.o
 .text.I2C_RequestMemoryRead
                0x080051e8      0x1d0 ./Drivers/STM32F4xx_HAL_Driver/Src/stm32f4xx_hal_i2c.o
 .text.I2C_DMAXferCplt
                0x080053b8      0x1be ./Drivers/STM32F4xx_HAL_Driver/Src/stm32f4xx_hal_i2c.o
 .text.I2C_DMAError
                0x08005576       0x7a ./Drivers/STM32F4xx_HAL_Driver/Src/stm32f4xx_hal_i2c.o
 .text.I2C_DMAAbort
                0x080055f0      0x150 ./Drivers/STM32F4xx_HAL_Driver/Src/stm32f4xx_hal_i2c.o
 .text.I2C_WaitOnFlagUntilTimeout
                0x08005740       0xf4 ./Drivers/STM32F4xx_HAL_Driver/Src/stm32f4xx_hal_i2c.o
 .text.I2C_WaitOnMasterAddressFlagUntilTimeout
                0x08005834      0x140 ./Drivers/STM32F4xx_HAL_Driver/Src/stm32f4xx_hal_i2c.o
 .text.I2C_WaitOnTXEFlagUntilTimeout
                0x08005974       0x90 ./Drivers/STM32F4xx_HAL_Driver/Src/stm32f4xx_hal_i2c.o
 .text.I2C_WaitOnSTOPRequestThroughIT
                0x08005a04       0x64 ./Drivers/STM32F4xx_HAL_Driver/Src/stm32f4xx_hal_i2c.o
 .text.I2C_IsAcknowledgeFailed
                0x08005a68       0x5e ./Drivers/STM32F4xx_HAL_Driver/Src/stm32f4xx_hal_i2c.o
 .text.I2C_ConvertOtherXferOptions
                0x08005ac6       0x36 ./Drivers/STM32F4xx_HAL_Driver/Src/stm32f4xx_hal_i2c.o
 .text.HAL_I2CEx_ConfigAnalogFilter
                0x08005afc       0x78 ./Drivers/STM32F4xx_HAL_Driver/Src/stm32f4xx_hal_i2c_ex.o
                0x08005afc                HAL_I2CEx_ConfigAnalogFilter
 .text.HAL_I2CEx_ConfigDigitalFilter
                0x08005b74       0x7e ./Drivers/STM32F4xx_HAL_Driver/Src/stm32f4xx_hal_i2c_ex.o
                0x08005b74                HAL_I2CEx_ConfigDigitalFilter
 *fill*         0x08005bf2        0x2 
 .text.HAL_PWREx_EnableOverDrive
                0x08005bf4       0xa0 ./Drivers/STM32F4xx_HAL_Driver/Src/stm32f4xx_hal_pwr_ex.o
                0x08005bf4                HAL_PWREx_EnableOverDrive
 .text.HAL_RCC_OscConfig
                0x08005c94      0x4f0 ./Drivers/STM32F4xx_HAL_Driver/Src/stm32f4xx_hal_rcc.o
                0x08005c94                HAL_RCC_OscConfig
 .text.HAL_RCC_ClockConfig
                0x08006184      0x1cc ./Drivers/STM32F4xx_HAL_Driver/Src/stm32f4xx_hal_rcc.o
                0x08006184                HAL_RCC_ClockConfig
 .text.HAL_RCC_GetSysClockFreq
                0x08006350      0x18c ./Drivers/STM32F4xx_HAL_Driver/Src/stm32f4xx_hal_rcc.o
                0x08006350                HAL_RCC_GetSysClockFreq
 .text.HAL_RCC_GetHCLKFreq
                0x080064dc       0x18 ./Drivers/STM32F4xx_HAL_Driver/Src/stm32f4xx_hal_rcc.o
                0x080064dc                HAL_RCC_GetHCLKFreq
 .text.HAL_RCC_GetPCLK1Freq
                0x080064f4       0x28 ./Drivers/STM32F4xx_HAL_Driver/Src/stm32f4xx_hal_rcc.o
                0x080064f4                HAL_RCC_GetPCLK1Freq
 .text.HAL_RCC_GetPCLK2Freq
                0x0800651c       0x28 ./Drivers/STM32F4xx_HAL_Driver/Src/stm32f4xx_hal_rcc.o
                0x0800651c                HAL_RCC_GetPCLK2Freq
 .text.HAL_TIM_Base_Init
                0x08006544       0x9e ./Drivers/STM32F4xx_HAL_Driver/Src/stm32f4xx_hal_tim.o
                0x08006544                HAL_TIM_Base_Init
 *fill*         0x080065e2        0x2 
 .text.HAL_TIM_Base_Start_IT
                0x080065e4       0xe0 ./Drivers/STM32F4xx_HAL_Driver/Src/stm32f4xx_hal_tim.o
                0x080065e4                HAL_TIM_Base_Start_IT
 .text.HAL_TIM_PWM_Init
                0x080066c4       0x9e ./Drivers/STM32F4xx_HAL_Driver/Src/stm32f4xx_hal_tim.o
                0x080066c4                HAL_TIM_PWM_Init
 *fill*         0x08006762        0x2 
 .text.HAL_TIM_PWM_Start
                0x08006764      0x190 ./Drivers/STM32F4xx_HAL_Driver/Src/stm32f4xx_hal_tim.o
                0x08006764                HAL_TIM_PWM_Start
 .text.HAL_TIM_IRQHandler
                0x080068f4      0x1e0 ./Drivers/STM32F4xx_HAL_Driver/Src/stm32f4xx_hal_tim.o
                0x080068f4                HAL_TIM_IRQHandler
 .text.HAL_TIM_PWM_ConfigChannel
                0x08006ad4      0x184 ./Drivers/STM32F4xx_HAL_Driver/Src/stm32f4xx_hal_tim.o
                0x08006ad4                HAL_TIM_PWM_ConfigChannel
 .text.HAL_TIM_ConfigClockSource
                0x08006c58      0x18e ./Drivers/STM32F4xx_HAL_Driver/Src/stm32f4xx_hal_tim.o
                0x08006c58                HAL_TIM_ConfigClockSource
 .text.HAL_TIM_OC_DelayElapsedCallback
                0x08006de6       0x14 ./Drivers/STM32F4xx_HAL_Driver/Src/stm32f4xx_hal_tim.o
                0x08006de6                HAL_TIM_OC_DelayElapsedCallback
 .text.HAL_TIM_IC_CaptureCallback
                0x08006dfa       0x14 ./Drivers/STM32F4xx_HAL_Driver/Src/stm32f4xx_hal_tim.o
                0x08006dfa                HAL_TIM_IC_CaptureCallback
 .text.HAL_TIM_PWM_PulseFinishedCallback
                0x08006e0e       0x14 ./Drivers/STM32F4xx_HAL_Driver/Src/stm32f4xx_hal_tim.o
                0x08006e0e                HAL_TIM_PWM_PulseFinishedCallback
 .text.HAL_TIM_TriggerCallback
                0x08006e22       0x14 ./Drivers/STM32F4xx_HAL_Driver/Src/stm32f4xx_hal_tim.o
                0x08006e22                HAL_TIM_TriggerCallback
 *fill*         0x08006e36        0x2 
 .text.TIM_Base_SetConfig
                0x08006e38      0x158 ./Drivers/STM32F4xx_HAL_Driver/Src/stm32f4xx_hal_tim.o
                0x08006e38                TIM_Base_SetConfig
 .text.TIM_OC1_SetConfig
                0x08006f90       0xe0 ./Drivers/STM32F4xx_HAL_Driver/Src/stm32f4xx_hal_tim.o
 .text.TIM_OC2_SetConfig
                0x08007070       0xec ./Drivers/STM32F4xx_HAL_Driver/Src/stm32f4xx_hal_tim.o
                0x08007070                TIM_OC2_SetConfig
 .text.TIM_OC3_SetConfig
                0x0800715c       0xe8 ./Drivers/STM32F4xx_HAL_Driver/Src/stm32f4xx_hal_tim.o
 .text.TIM_OC4_SetConfig
                0x08007244       0xac ./Drivers/STM32F4xx_HAL_Driver/Src/stm32f4xx_hal_tim.o
 .text.TIM_TI1_ConfigInputStage
                0x080072f0       0x5e ./Drivers/STM32F4xx_HAL_Driver/Src/stm32f4xx_hal_tim.o
 .text.TIM_TI2_ConfigInputStage
                0x0800734e       0x60 ./Drivers/STM32F4xx_HAL_Driver/Src/stm32f4xx_hal_tim.o
 .text.TIM_ITRx_SetConfig
                0x080073ae       0x36 ./Drivers/STM32F4xx_HAL_Driver/Src/stm32f4xx_hal_tim.o
 .text.TIM_ETR_SetConfig
                0x080073e4       0x40 ./Drivers/STM32F4xx_HAL_Driver/Src/stm32f4xx_hal_tim.o
                0x080073e4                TIM_ETR_SetConfig
 .text.TIM_CCxChannelCmd
                0x08007424       0x4a ./Drivers/STM32F4xx_HAL_Driver/Src/stm32f4xx_hal_tim.o
                0x08007424                TIM_CCxChannelCmd
 *fill*         0x0800746e        0x2 
 .text.HAL_TIMEx_MasterConfigSynchronization
                0x08007470       0xf8 ./Drivers/STM32F4xx_HAL_Driver/Src/stm32f4xx_hal_tim_ex.o
                0x08007470                HAL_TIMEx_MasterConfigSynchronization
 .text.HAL_TIMEx_CommutCallback
                0x08007568       0x14 ./Drivers/STM32F4xx_HAL_Driver/Src/stm32f4xx_hal_tim_ex.o
                0x08007568                HAL_TIMEx_CommutCallback
 .text.HAL_TIMEx_BreakCallback
                0x0800757c       0x14 ./Drivers/STM32F4xx_HAL_Driver/Src/stm32f4xx_hal_tim_ex.o
                0x0800757c                HAL_TIMEx_BreakCallback
 .text.HAL_UART_Init
                0x08007590       0xa0 ./Drivers/STM32F4xx_HAL_Driver/Src/stm32f4xx_hal_uart.o
                0x08007590                HAL_UART_Init
 .text.HAL_UART_Transmit_DMA
                0x08007630       0xe0 ./Drivers/STM32F4xx_HAL_Driver/Src/stm32f4xx_hal_uart.o
                0x08007630                HAL_UART_Transmit_DMA
 .text.HAL_UARTEx_ReceiveToIdle_DMA
                0x08007710       0xba ./Drivers/STM32F4xx_HAL_Driver/Src/stm32f4xx_hal_uart.o
                0x08007710                HAL_UARTEx_ReceiveToIdle_DMA
 *fill*         0x080077ca        0x2 
 .text.HAL_UART_IRQHandler
                0x080077cc      0x524 ./Drivers/STM32F4xx_HAL_Driver/Src/stm32f4xx_hal_uart.o
                0x080077cc                HAL_UART_IRQHandler
 .text.HAL_UART_TxHalfCpltCallback
                0x08007cf0       0x14 ./Drivers/STM32F4xx_HAL_Driver/Src/stm32f4xx_hal_uart.o
                0x08007cf0                HAL_UART_TxHalfCpltCallback
 .text.HAL_UART_RxCpltCallback
                0x08007d04       0x14 ./Drivers/STM32F4xx_HAL_Driver/Src/stm32f4xx_hal_uart.o
                0x08007d04                HAL_UART_RxCpltCallback
 .text.HAL_UART_RxHalfCpltCallback
                0x08007d18       0x14 ./Drivers/STM32F4xx_HAL_Driver/Src/stm32f4xx_hal_uart.o
                0x08007d18                HAL_UART_RxHalfCpltCallback
 .text.HAL_UART_ErrorCallback
                0x08007d2c       0x14 ./Drivers/STM32F4xx_HAL_Driver/Src/stm32f4xx_hal_uart.o
                0x08007d2c                HAL_UART_ErrorCallback
 .text.UART_DMATransmitCplt
                0x08007d40       0x9a ./Drivers/STM32F4xx_HAL_Driver/Src/stm32f4xx_hal_uart.o
 .text.UART_DMATxHalfCplt
                0x08007dda       0x1c ./Drivers/STM32F4xx_HAL_Driver/Src/stm32f4xx_hal_uart.o
 .text.UART_DMAReceiveCplt
                0x08007df6      0x12c ./Drivers/STM32F4xx_HAL_Driver/Src/stm32f4xx_hal_uart.o
 .text.UART_DMARxHalfCplt
                0x08007f22       0x3c ./Drivers/STM32F4xx_HAL_Driver/Src/stm32f4xx_hal_uart.o
 .text.UART_DMAError
                0x08007f5e       0x94 ./Drivers/STM32F4xx_HAL_Driver/Src/stm32f4xx_hal_uart.o
 *fill*         0x08007ff2        0x2 
 .text.UART_Start_Receive_DMA
                0x08007ff4      0x134 ./Drivers/STM32F4xx_HAL_Driver/Src/stm32f4xx_hal_uart.o
                0x08007ff4                UART_Start_Receive_DMA
 .text.UART_EndTxTransfer
                0x08008128       0x50 ./Drivers/STM32F4xx_HAL_Driver/Src/stm32f4xx_hal_uart.o
 .text.UART_EndRxTransfer
                0x08008178       0xc6 ./Drivers/STM32F4xx_HAL_Driver/Src/stm32f4xx_hal_uart.o
 .text.UART_DMAAbortOnError
                0x0800823e       0x28 ./Drivers/STM32F4xx_HAL_Driver/Src/stm32f4xx_hal_uart.o
 .text.UART_Transmit_IT
                0x08008266       0xa0 ./Drivers/STM32F4xx_HAL_Driver/Src/stm32f4xx_hal_uart.o
 .text.UART_EndTransmit_IT
                0x08008306       0x30 ./Drivers/STM32F4xx_HAL_Driver/Src/stm32f4xx_hal_uart.o
 .text.UART_Receive_IT
                0x08008336      0x17c ./Drivers/STM32F4xx_HAL_Driver/Src/stm32f4xx_hal_uart.o
 *fill*         0x080084b2        0x2 
 .text.UART_SetConfig
                0x080084b4      0x4e8 ./Drivers/STM32F4xx_HAL_Driver/Src/stm32f4xx_hal_uart.o
 .text.snprintf
                0x0800899c       0x68 C:/ST/STM32CubeIDE_1.17.0/STM32CubeIDE/plugins/com.st.stm32cube.ide.mcu.externaltools.gnu-tools-for-stm32.12.3.rel1.win32_1.1.0.202410251130/tools/bin/../lib/gcc/arm-none-eabi/12.3.1/../../../../arm-none-eabi/lib/thumb/v7e-m+fp/hard\libc_nano.a(libc_a-snprintf.o)
                0x0800899c                sniprintf
                0x0800899c                snprintf
 .text._vsnprintf_r
                0x08008a04       0x56 C:/ST/STM32CubeIDE_1.17.0/STM32CubeIDE/plugins/com.st.stm32cube.ide.mcu.externaltools.gnu-tools-for-stm32.12.3.rel1.win32_1.1.0.202410251130/tools/bin/../lib/gcc/arm-none-eabi/12.3.1/../../../../arm-none-eabi/lib/thumb/v7e-m+fp/hard\libc_nano.a(libc_a-vsnprintf.o)
                0x08008a04                _vsniprintf_r
                0x08008a04                _vsnprintf_r
 *fill*         0x08008a5a        0x2 
 .text.vsnprintf
                0x08008a5c       0x1c C:/ST/STM32CubeIDE_1.17.0/STM32CubeIDE/plugins/com.st.stm32cube.ide.mcu.externaltools.gnu-tools-for-stm32.12.3.rel1.win32_1.1.0.202410251130/tools/bin/../lib/gcc/arm-none-eabi/12.3.1/../../../../arm-none-eabi/lib/thumb/v7e-m+fp/hard\libc_nano.a(libc_a-vsnprintf.o)
                0x08008a5c                vsniprintf
                0x08008a5c                vsnprintf
 .text.memset   0x08008a78       0x10 C:/ST/STM32CubeIDE_1.17.0/STM32CubeIDE/plugins/com.st.stm32cube.ide.mcu.externaltools.gnu-tools-for-stm32.12.3.rel1.win32_1.1.0.202410251130/tools/bin/../lib/gcc/arm-none-eabi/12.3.1/../../../../arm-none-eabi/lib/thumb/v7e-m+fp/hard\libc_nano.a(libc_a-memset.o)
                0x08008a78                memset
 .text.__errno  0x08008a88        0xc C:/ST/STM32CubeIDE_1.17.0/STM32CubeIDE/plugins/com.st.stm32cube.ide.mcu.externaltools.gnu-tools-for-stm32.12.3.rel1.win32_1.1.0.202410251130/tools/bin/../lib/gcc/arm-none-eabi/12.3.1/../../../../arm-none-eabi/lib/thumb/v7e-m+fp/hard\libc_nano.a(libc_a-errno.o)
                0x08008a88                __errno
 .text.__libc_init_array
                0x08008a94       0x48 C:/ST/STM32CubeIDE_1.17.0/STM32CubeIDE/plugins/com.st.stm32cube.ide.mcu.externaltools.gnu-tools-for-stm32.12.3.rel1.win32_1.1.0.202410251130/tools/bin/../lib/gcc/arm-none-eabi/12.3.1/../../../../arm-none-eabi/lib/thumb/v7e-m+fp/hard\libc_nano.a(libc_a-init.o)
                0x08008a94                __libc_init_array
 .text.__retarget_lock_acquire_recursive
                0x08008adc        0x2 C:/ST/STM32CubeIDE_1.17.0/STM32CubeIDE/plugins/com.st.stm32cube.ide.mcu.externaltools.gnu-tools-for-stm32.12.3.rel1.win32_1.1.0.202410251130/tools/bin/../lib/gcc/arm-none-eabi/12.3.1/../../../../arm-none-eabi/lib/thumb/v7e-m+fp/hard\libc_nano.a(libc_a-lock.o)
                0x08008adc                __retarget_lock_acquire_recursive
 .text.__retarget_lock_release_recursive
                0x08008ade        0x2 C:/ST/STM32CubeIDE_1.17.0/STM32CubeIDE/plugins/com.st.stm32cube.ide.mcu.externaltools.gnu-tools-for-stm32.12.3.rel1.win32_1.1.0.202410251130/tools/bin/../lib/gcc/arm-none-eabi/12.3.1/../../../../arm-none-eabi/lib/thumb/v7e-m+fp/hard\libc_nano.a(libc_a-lock.o)
                0x08008ade                __retarget_lock_release_recursive
 .text._free_r  0x08008ae0       0x94 C:/ST/STM32CubeIDE_1.17.0/STM32CubeIDE/plugins/com.st.stm32cube.ide.mcu.externaltools.gnu-tools-for-stm32.12.3.rel1.win32_1.1.0.202410251130/tools/bin/../lib/gcc/arm-none-eabi/12.3.1/../../../../arm-none-eabi/lib/thumb/v7e-m+fp/hard\libc_nano.a(libc_a-freer.o)
                0x08008ae0                _free_r
 .text.sbrk_aligned
                0x08008b74       0x44 C:/ST/STM32CubeIDE_1.17.0/STM32CubeIDE/plugins/com.st.stm32cube.ide.mcu.externaltools.gnu-tools-for-stm32.12.3.rel1.win32_1.1.0.202410251130/tools/bin/../lib/gcc/arm-none-eabi/12.3.1/../../../../arm-none-eabi/lib/thumb/v7e-m+fp/hard\libc_nano.a(libc_a-mallocr.o)
 .text._malloc_r
                0x08008bb8      0x100 C:/ST/STM32CubeIDE_1.17.0/STM32CubeIDE/plugins/com.st.stm32cube.ide.mcu.externaltools.gnu-tools-for-stm32.12.3.rel1.win32_1.1.0.202410251130/tools/bin/../lib/gcc/arm-none-eabi/12.3.1/../../../../arm-none-eabi/lib/thumb/v7e-m+fp/hard\libc_nano.a(libc_a-mallocr.o)
                0x08008bb8                _malloc_r
 .text.__malloc_lock
                0x08008cb8        0xc C:/ST/STM32CubeIDE_1.17.0/STM32CubeIDE/plugins/com.st.stm32cube.ide.mcu.externaltools.gnu-tools-for-stm32.12.3.rel1.win32_1.1.0.202410251130/tools/bin/../lib/gcc/arm-none-eabi/12.3.1/../../../../arm-none-eabi/lib/thumb/v7e-m+fp/hard\libc_nano.a(libc_a-mlock.o)
                0x08008cb8                __malloc_lock
 .text.__malloc_unlock
                0x08008cc4        0xc C:/ST/STM32CubeIDE_1.17.0/STM32CubeIDE/plugins/com.st.stm32cube.ide.mcu.externaltools.gnu-tools-for-stm32.12.3.rel1.win32_1.1.0.202410251130/tools/bin/../lib/gcc/arm-none-eabi/12.3.1/../../../../arm-none-eabi/lib/thumb/v7e-m+fp/hard\libc_nano.a(libc_a-mlock.o)
                0x08008cc4                __malloc_unlock
 .text.__ssputs_r
                0x08008cd0       0xb6 C:/ST/STM32CubeIDE_1.17.0/STM32CubeIDE/plugins/com.st.stm32cube.ide.mcu.externaltools.gnu-tools-for-stm32.12.3.rel1.win32_1.1.0.202410251130/tools/bin/../lib/gcc/arm-none-eabi/12.3.1/../../../../arm-none-eabi/lib/thumb/v7e-m+fp/hard\libc_nano.a(libc_a-nano-svfprintf.o)
                0x08008cd0                __ssputs_r
 *fill*         0x08008d86        0x2 
 .text._svfprintf_r
                0x08008d88      0x1f8 C:/ST/STM32CubeIDE_1.17.0/STM32CubeIDE/plugins/com.st.stm32cube.ide.mcu.externaltools.gnu-tools-for-stm32.12.3.rel1.win32_1.1.0.202410251130/tools/bin/../lib/gcc/arm-none-eabi/12.3.1/../../../../arm-none-eabi/lib/thumb/v7e-m+fp/hard\libc_nano.a(libc_a-nano-svfprintf.o)
                0x08008d88                _svfiprintf_r
                0x08008d88                _svfprintf_r
 .text._printf_common
                0x08008f80       0xda C:/ST/STM32CubeIDE_1.17.0/STM32CubeIDE/plugins/com.st.stm32cube.ide.mcu.externaltools.gnu-tools-for-stm32.12.3.rel1.win32_1.1.0.202410251130/tools/bin/../lib/gcc/arm-none-eabi/12.3.1/../../../../arm-none-eabi/lib/thumb/v7e-m+fp/hard\libc_nano.a(libc_a-nano-vfprintf_i.o)
                0x08008f80                _printf_common
 *fill*         0x0800905a        0x2 
 .text._printf_i
                0x0800905c      0x240 C:/ST/STM32CubeIDE_1.17.0/STM32CubeIDE/plugins/com.st.stm32cube.ide.mcu.externaltools.gnu-tools-for-stm32.12.3.rel1.win32_1.1.0.202410251130/tools/bin/../lib/gcc/arm-none-eabi/12.3.1/../../../../arm-none-eabi/lib/thumb/v7e-m+fp/hard\libc_nano.a(libc_a-nano-vfprintf_i.o)
                0x0800905c                _printf_i
 .text.memmove  0x0800929c       0x34 C:/ST/STM32CubeIDE_1.17.0/STM32CubeIDE/plugins/com.st.stm32cube.ide.mcu.externaltools.gnu-tools-for-stm32.12.3.rel1.win32_1.1.0.202410251130/tools/bin/../lib/gcc/arm-none-eabi/12.3.1/../../../../arm-none-eabi/lib/thumb/v7e-m+fp/hard\libc_nano.a(libc_a-memmove.o)
                0x0800929c                memmove
 .text._sbrk_r  0x080092d0       0x20 C:/ST/STM32CubeIDE_1.17.0/STM32CubeIDE/plugins/com.st.stm32cube.ide.mcu.externaltools.gnu-tools-for-stm32.12.3.rel1.win32_1.1.0.202410251130/tools/bin/../lib/gcc/arm-none-eabi/12.3.1/../../../../arm-none-eabi/lib/thumb/v7e-m+fp/hard\libc_nano.a(libc_a-sbrkr.o)
                0x080092d0                _sbrk_r
 .text.memcpy   0x080092f0       0x1c C:/ST/STM32CubeIDE_1.17.0/STM32CubeIDE/plugins/com.st.stm32cube.ide.mcu.externaltools.gnu-tools-for-stm32.12.3.rel1.win32_1.1.0.202410251130/tools/bin/../lib/gcc/arm-none-eabi/12.3.1/../../../../arm-none-eabi/lib/thumb/v7e-m+fp/hard\libc_nano.a(libc_a-memcpy-stub.o)
                0x080092f0                memcpy
 .text._realloc_r
                0x0800930c       0x5c C:/ST/STM32CubeIDE_1.17.0/STM32CubeIDE/plugins/com.st.stm32cube.ide.mcu.externaltools.gnu-tools-for-stm32.12.3.rel1.win32_1.1.0.202410251130/tools/bin/../lib/gcc/arm-none-eabi/12.3.1/../../../../arm-none-eabi/lib/thumb/v7e-m+fp/hard\libc_nano.a(libc_a-reallocr.o)
                0x0800930c                _realloc_r
 .text._malloc_usable_size_r
                0x08009368       0x10 C:/ST/STM32CubeIDE_1.17.0/STM32CubeIDE/plugins/com.st.stm32cube.ide.mcu.externaltools.gnu-tools-for-stm32.12.3.rel1.win32_1.1.0.202410251130/tools/bin/../lib/gcc/arm-none-eabi/12.3.1/../../../../arm-none-eabi/lib/thumb/v7e-m+fp/hard\libc_nano.a(libc_a-msizer.o)
                0x08009368                _malloc_usable_size_r
 *(.glue_7)
 .glue_7        0x08009378        0x0 linker stubs
 *(.glue_7t)
 .glue_7t       0x08009378        0x0 linker stubs
 *(.eh_frame)
 .eh_frame      0x08009378        0x0 C:/ST/STM32CubeIDE_1.17.0/STM32CubeIDE/plugins/com.st.stm32cube.ide.mcu.externaltools.gnu-tools-for-stm32.12.3.rel1.win32_1.1.0.202410251130/tools/bin/../lib/gcc/arm-none-eabi/12.3.1/thumb/v7e-m+fp/hard/crtbegin.o
 *(.init)
 .init          0x08009378        0x4 C:/ST/STM32CubeIDE_1.17.0/STM32CubeIDE/plugins/com.st.stm32cube.ide.mcu.externaltools.gnu-tools-for-stm32.12.3.rel1.win32_1.1.0.202410251130/tools/bin/../lib/gcc/arm-none-eabi/12.3.1/thumb/v7e-m+fp/hard/crti.o
                0x08009378                _init
 .init          0x0800937c        0x8 C:/ST/STM32CubeIDE_1.17.0/STM32CubeIDE/plugins/com.st.stm32cube.ide.mcu.externaltools.gnu-tools-for-stm32.12.3.rel1.win32_1.1.0.202410251130/tools/bin/../lib/gcc/arm-none-eabi/12.3.1/thumb/v7e-m+fp/hard/crtn.o
 *(.fini)
 .fini          0x08009384        0x4 C:/ST/STM32CubeIDE_1.17.0/STM32CubeIDE/plugins/com.st.stm32cube.ide.mcu.externaltools.gnu-tools-for-stm32.12.3.rel1.win32_1.1.0.202410251130/tools/bin/../lib/gcc/arm-none-eabi/12.3.1/thumb/v7e-m+fp/hard/crti.o
                0x08009384                _fini
 .fini          0x08009388        0x8 C:/ST/STM32CubeIDE_1.17.0/STM32CubeIDE/plugins/com.st.stm32cube.ide.mcu.externaltools.gnu-tools-for-stm32.12.3.rel1.win32_1.1.0.202410251130/tools/bin/../lib/gcc/arm-none-eabi/12.3.1/thumb/v7e-m+fp/hard/crtn.o
                0x08009390                        . = ALIGN (0x4)
                0x08009390                        _etext = .

.vfp11_veneer   0x08009390        0x0
 .vfp11_veneer  0x08009390        0x0 linker stubs

.v4_bx          0x08009390        0x0
 .v4_bx         0x08009390        0x0 linker stubs

.iplt           0x08009390        0x0
 .iplt          0x08009390        0x0 C:/ST/STM32CubeIDE_1.17.0/STM32CubeIDE/plugins/com.st.stm32cube.ide.mcu.externaltools.gnu-tools-for-stm32.12.3.rel1.win32_1.1.0.202410251130/tools/bin/../lib/gcc/arm-none-eabi/12.3.1/thumb/v7e-m+fp/hard/crtbegin.o

.rodata         0x08009390      0x520
                0x08009390                        . = ALIGN (0x4)
 *(.rodata)
 .rodata        0x08009390      0x28c ./BSP/EEPROM/Src/bsp_I2C_eeprom.o
 .rodata        0x0800961c        0x6 ./BSP/LOG/Src/bsp_log.o
 *fill*         0x08009622        0x2 
 .rodata        0x08009624      0x1ec ./BSP/PWM/Src/bsp_tower.o
 .rodata        0x08009810       0x49 ./BSP/TASK/Src/task_bsp.o
 *(.rodata*)
 *fill*         0x08009859        0x3 
 .rodata.AHBPrescTable
                0x0800985c       0x10 ./Core/Src/system_stm32f4xx.o
                0x0800985c                AHBPrescTable
 .rodata.APBPrescTable
                0x0800986c        0x8 ./Core/Src/system_stm32f4xx.o
                0x0800986c                APBPrescTable
 .rodata.flagBitshiftOffset.0
                0x08009874        0x8 ./Drivers/STM32F4xx_HAL_Driver/Src/stm32f4xx_hal_dma.o
 .rodata._svfprintf_r.str1.1
                0x0800987c       0x11 C:/ST/STM32CubeIDE_1.17.0/STM32CubeIDE/plugins/com.st.stm32cube.ide.mcu.externaltools.gnu-tools-for-stm32.12.3.rel1.win32_1.1.0.202410251130/tools/bin/../lib/gcc/arm-none-eabi/12.3.1/../../../../arm-none-eabi/lib/thumb/v7e-m+fp/hard\libc_nano.a(libc_a-nano-svfprintf.o)
 .rodata._printf_i.str1.1
                0x0800988d       0x22 C:/ST/STM32CubeIDE_1.17.0/STM32CubeIDE/plugins/com.st.stm32cube.ide.mcu.externaltools.gnu-tools-for-stm32.12.3.rel1.win32_1.1.0.202410251130/tools/bin/../lib/gcc/arm-none-eabi/12.3.1/../../../../arm-none-eabi/lib/thumb/v7e-m+fp/hard\libc_nano.a(libc_a-nano-vfprintf_i.o)
                0x080098b0                        . = ALIGN (0x4)
 *fill*         0x080098af        0x1 

.ARM.extab      0x080098b0        0x0
                0x080098b0                        . = ALIGN (0x4)
 *(.ARM.extab* .gnu.linkonce.armextab.*)
                0x080098b0                        . = ALIGN (0x4)

.ARM            0x080098b0        0x8
                0x080098b0                        . = ALIGN (0x4)
                0x080098b0                        __exidx_start = .
 *(.ARM.exidx*)
 .ARM.exidx     0x080098b0        0x8 C:/ST/STM32CubeIDE_1.17.0/STM32CubeIDE/plugins/com.st.stm32cube.ide.mcu.externaltools.gnu-tools-for-stm32.12.3.rel1.win32_1.1.0.202410251130/tools/bin/../lib/gcc/arm-none-eabi/12.3.1/../../../../arm-none-eabi/lib/thumb/v7e-m+fp/hard\libc_nano.a(libc_a-memchr.o)
 .ARM.exidx     0x080098b8        0x0 C:/ST/STM32CubeIDE_1.17.0/STM32CubeIDE/plugins/com.st.stm32cube.ide.mcu.externaltools.gnu-tools-for-stm32.12.3.rel1.win32_1.1.0.202410251130/tools/bin/../lib/gcc/arm-none-eabi/12.3.1/thumb/v7e-m+fp/hard\libgcc.a(_udivmoddi4.o)
                                  0x8 (size before relaxing)
                0x080098b8                        __exidx_end = .
                0x080098b8                        . = ALIGN (0x4)

.preinit_array  0x080098b8        0x0
                0x080098b8                        . = ALIGN (0x4)
                0x080098b8                        PROVIDE (__preinit_array_start = .)
 *(.preinit_array*)
                0x080098b8                        PROVIDE (__preinit_array_end = .)
                0x080098b8                        . = ALIGN (0x4)

.init_array     0x080098b8        0x4
                0x080098b8                        . = ALIGN (0x4)
                0x080098b8                        PROVIDE (__init_array_start = .)
 *(SORT_BY_NAME(.init_array.*))
 *(.init_array*)
 .init_array    0x080098b8        0x4 C:/ST/STM32CubeIDE_1.17.0/STM32CubeIDE/plugins/com.st.stm32cube.ide.mcu.externaltools.gnu-tools-for-stm32.12.3.rel1.win32_1.1.0.202410251130/tools/bin/../lib/gcc/arm-none-eabi/12.3.1/thumb/v7e-m+fp/hard/crtbegin.o
                0x080098bc                        PROVIDE (__init_array_end = .)
                0x080098bc                        . = ALIGN (0x4)

.fini_array     0x080098bc        0x4
                0x080098bc                        . = ALIGN (0x4)
                [!provide]                        PROVIDE (__fini_array_start = .)
 *(SORT_BY_NAME(.fini_array.*))
 *(.fini_array*)
 .fini_array    0x080098bc        0x4 C:/ST/STM32CubeIDE_1.17.0/STM32CubeIDE/plugins/com.st.stm32cube.ide.mcu.externaltools.gnu-tools-for-stm32.12.3.rel1.win32_1.1.0.202410251130/tools/bin/../lib/gcc/arm-none-eabi/12.3.1/thumb/v7e-m+fp/hard/crtbegin.o
                [!provide]                        PROVIDE (__fini_array_end = .)
                0x080098c0                        . = ALIGN (0x4)
                0x080098c0                        _sidata = LOADADDR (.data)

.rel.dyn        0x080098c0        0x0
 .rel.iplt      0x080098c0        0x0 C:/ST/STM32CubeIDE_1.17.0/STM32CubeIDE/plugins/com.st.stm32cube.ide.mcu.externaltools.gnu-tools-for-stm32.12.3.rel1.win32_1.1.0.202410251130/tools/bin/../lib/gcc/arm-none-eabi/12.3.1/thumb/v7e-m+fp/hard/crtbegin.o

.data           0x20000000       0x60 load address 0x080098c0
                0x20000000                        . = ALIGN (0x4)
                0x20000000                        _sdata = .
 *(.data)
 *(.data*)
 .data.EEPROM_TX_STA
                0x20000000        0x1 ./BSP/EEPROM/Src/bsp_I2C_eeprom.o
                0x20000000                EEPROM_TX_STA
 .data.EEPROM_RX_STA
                0x20000001        0x1 ./BSP/EEPROM/Src/bsp_I2C_eeprom.o
                0x20000001                EEPROM_RX_STA
 .data.I2C_TEST1_EEPROM
                0x20000002        0x1 ./BSP/EEPROM/Src/bsp_I2C_eeprom.o
                0x20000002                I2C_TEST1_EEPROM
 .data.TxStatus
                0x20000003        0x1 ./BSP/LOG/Src/bsp_log.o
                0x20000003                TxStatus
 .data.SystemCoreClock
                0x20000004        0x4 ./Core/Src/system_stm32f4xx.o
                0x20000004                SystemCoreClock
 .data.uwTickPrio
                0x20000008        0x4 ./Drivers/STM32F4xx_HAL_Driver/Src/stm32f4xx_hal.o
                0x20000008                uwTickPrio
 .data.uwTickFreq
                0x2000000c        0x1 ./Drivers/STM32F4xx_HAL_Driver/Src/stm32f4xx_hal.o
                0x2000000c                uwTickFreq
 *fill*         0x2000000d        0x3 
 .data._impure_ptr
                0x20000010        0x4 C:/ST/STM32CubeIDE_1.17.0/STM32CubeIDE/plugins/com.st.stm32cube.ide.mcu.externaltools.gnu-tools-for-stm32.12.3.rel1.win32_1.1.0.202410251130/tools/bin/../lib/gcc/arm-none-eabi/12.3.1/../../../../arm-none-eabi/lib/thumb/v7e-m+fp/hard\libc_nano.a(libc_a-impure.o)
                0x20000010                _impure_ptr
 .data._impure_data
                0x20000014       0x4c C:/ST/STM32CubeIDE_1.17.0/STM32CubeIDE/plugins/com.st.stm32cube.ide.mcu.externaltools.gnu-tools-for-stm32.12.3.rel1.win32_1.1.0.202410251130/tools/bin/../lib/gcc/arm-none-eabi/12.3.1/../../../../arm-none-eabi/lib/thumb/v7e-m+fp/hard\libc_nano.a(libc_a-impure.o)
                0x20000014                _impure_data
 *(.RamFunc)
 *(.RamFunc*)
                0x20000060                        . = ALIGN (0x4)
                0x20000060                        _edata = .
                0x08009920                        _siccmram = LOADADDR (.ccmram)

.igot.plt       0x20000060        0x0 load address 0x08009920
 .igot.plt      0x20000060        0x0 C:/ST/STM32CubeIDE_1.17.0/STM32CubeIDE/plugins/com.st.stm32cube.ide.mcu.externaltools.gnu-tools-for-stm32.12.3.rel1.win32_1.1.0.202410251130/tools/bin/../lib/gcc/arm-none-eabi/12.3.1/thumb/v7e-m+fp/hard/crtbegin.o

.ccmram         0x10000000        0x0 load address 0x08009920
                0x10000000                        . = ALIGN (0x4)
                0x10000000                        _sccmram = .
 *(.ccmram)
 *(.ccmram*)
                0x10000000                        . = ALIGN (0x4)
                0x10000000                        _eccmram = .
                0x10000000                        . = ALIGN (0x4)

.bss            0x20000060      0x888
                0x20000060                        _sbss = .
                0x20000060                        __bss_start__ = _sbss
 *(.bss)
 .bss           0x20000060       0x1c C:/ST/STM32CubeIDE_1.17.0/STM32CubeIDE/plugins/com.st.stm32cube.ide.mcu.externaltools.gnu-tools-for-stm32.12.3.rel1.win32_1.1.0.202410251130/tools/bin/../lib/gcc/arm-none-eabi/12.3.1/thumb/v7e-m+fp/hard/crtbegin.o
 *(.bss*)
 .bss.wbuff     0x2000007c      0x102 ./BSP/EEPROM/Src/bsp_I2C_eeprom.o
                0x2000007c                wbuff
 *fill*         0x2000017e        0x2 
 .bss.rbuff     0x20000180      0x102 ./BSP/EEPROM/Src/bsp_I2C_eeprom.o
                0x20000180                rbuff
 *fill*         0x20000282        0x2 
 .bss.TxMsg     0x20000284      0x100 ./BSP/LOG/Src/bsp_log.o
                0x20000284                TxMsg
 .bss.RxMsg     0x20000384      0x100 ./BSP/LOG/Src/bsp_log.o
                0x20000384                RxMsg
 .bss.OS_Tick1ms
                0x20000484        0x4 ./BSP/TASK/Src/bsp_timer.o
                0x20000484                OS_Tick1ms
 .bss.Task_Cmd  0x20000488        0x4 ./BSP/TASK/Src/task_bsp.o
                0x20000488                Task_Cmd
 .bss.hdma_memtomem_dma2_stream0
                0x2000048c       0x60 ./Core/Src/dma.o
                0x2000048c                hdma_memtomem_dma2_stream0
 .bss.hi2c1     0x200004ec       0x54 ./Core/Src/i2c.o
                0x200004ec                hi2c1
 .bss.hdma_i2c1_rx
                0x20000540       0x60 ./Core/Src/i2c.o
                0x20000540                hdma_i2c1_rx
 .bss.hdma_i2c1_tx
                0x200005a0       0x60 ./Core/Src/i2c.o
                0x200005a0                hdma_i2c1_tx
 .bss.__sbrk_heap_end
                0x20000600        0x4 ./Core/Src/sysmem.o
 .bss.htim3     0x20000604       0x48 ./Core/Src/tim.o
                0x20000604                htim3
 .bss.htim5     0x2000064c       0x48 ./Core/Src/tim.o
                0x2000064c                htim5
 .bss.huart1    0x20000694       0x48 ./Core/Src/usart.o
                0x20000694                huart1
 .bss.hdma_usart1_rx
                0x200006dc       0x60 ./Core/Src/usart.o
                0x200006dc                hdma_usart1_rx
 .bss.hdma_usart1_tx
                0x2000073c       0x60 ./Core/Src/usart.o
                0x2000073c                hdma_usart1_tx
 .bss.uwTick    0x2000079c        0x4 ./Drivers/STM32F4xx_HAL_Driver/Src/stm32f4xx_hal.o
                0x2000079c                uwTick
 .bss.__sf      0x200007a0      0x138 C:/ST/STM32CubeIDE_1.17.0/STM32CubeIDE/plugins/com.st.stm32cube.ide.mcu.externaltools.gnu-tools-for-stm32.12.3.rel1.win32_1.1.0.202410251130/tools/bin/../lib/gcc/arm-none-eabi/12.3.1/../../../../arm-none-eabi/lib/thumb/v7e-m+fp/hard\libc_nano.a(libc_a-findfp.o)
                0x200007a0                __sf
 .bss.errno     0x200008d8        0x4 C:/ST/STM32CubeIDE_1.17.0/STM32CubeIDE/plugins/com.st.stm32cube.ide.mcu.externaltools.gnu-tools-for-stm32.12.3.rel1.win32_1.1.0.202410251130/tools/bin/../lib/gcc/arm-none-eabi/12.3.1/../../../../arm-none-eabi/lib/thumb/v7e-m+fp/hard\libc_nano.a(libc_a-reent.o)
                0x200008d8                errno
 .bss.__lock___malloc_recursive_mutex
                0x200008dc        0x1 C:/ST/STM32CubeIDE_1.17.0/STM32CubeIDE/plugins/com.st.stm32cube.ide.mcu.externaltools.gnu-tools-for-stm32.12.3.rel1.win32_1.1.0.202410251130/tools/bin/../lib/gcc/arm-none-eabi/12.3.1/../../../../arm-none-eabi/lib/thumb/v7e-m+fp/hard\libc_nano.a(libc_a-lock.o)
                0x200008dc                __lock___malloc_recursive_mutex
 *fill*         0x200008dd        0x3 
 .bss.__malloc_sbrk_start
                0x200008e0        0x4 C:/ST/STM32CubeIDE_1.17.0/STM32CubeIDE/plugins/com.st.stm32cube.ide.mcu.externaltools.gnu-tools-for-stm32.12.3.rel1.win32_1.1.0.202410251130/tools/bin/../lib/gcc/arm-none-eabi/12.3.1/../../../../arm-none-eabi/lib/thumb/v7e-m+fp/hard\libc_nano.a(libc_a-mallocr.o)
                0x200008e0                __malloc_sbrk_start
 .bss.__malloc_free_list
                0x200008e4        0x4 C:/ST/STM32CubeIDE_1.17.0/STM32CubeIDE/plugins/com.st.stm32cube.ide.mcu.externaltools.gnu-tools-for-stm32.12.3.rel1.win32_1.1.0.202410251130/tools/bin/../lib/gcc/arm-none-eabi/12.3.1/../../../../arm-none-eabi/lib/thumb/v7e-m+fp/hard\libc_nano.a(libc_a-mallocr.o)
                0x200008e4                __malloc_free_list
 *(COMMON)
                0x200008e8                        . = ALIGN (0x4)
                0x200008e8                        _ebss = .
                0x200008e8                        __bss_end__ = _ebss

._user_heap_stack
                0x200008e8      0x600
                0x200008e8                        . = ALIGN (0x8)
                [!provide]                        PROVIDE (end = .)
                0x200008e8                        PROVIDE (_end = .)
                0x20000ae8                        . = (. + _Min_Heap_Size)
 *fill*         0x200008e8      0x200 
                0x20000ee8                        . = (. + _Min_Stack_Size)
 *fill*         0x20000ae8      0x400 
                0x20000ee8                        . = ALIGN (0x8)

/DISCARD/
 libc.a(*)
 libm.a(*)
 libgcc.a(*)

.ARM.attributes
                0x00000000       0x30
 *(.ARM.attributes)
 .ARM.attributes
                0x00000000       0x22 C:/ST/STM32CubeIDE_1.17.0/STM32CubeIDE/plugins/com.st.stm32cube.ide.mcu.externaltools.gnu-tools-for-stm32.12.3.rel1.win32_1.1.0.202410251130/tools/bin/../lib/gcc/arm-none-eabi/12.3.1/thumb/v7e-m+fp/hard/crti.o
 .ARM.attributes
                0x00000022       0x34 C:/ST/STM32CubeIDE_1.17.0/STM32CubeIDE/plugins/com.st.stm32cube.ide.mcu.externaltools.gnu-tools-for-stm32.12.3.rel1.win32_1.1.0.202410251130/tools/bin/../lib/gcc/arm-none-eabi/12.3.1/thumb/v7e-m+fp/hard/crtbegin.o
 .ARM.attributes
                0x00000056       0x34 ./BSP/EEPROM/Src/bsp_I2C_eeprom.o
 .ARM.attributes
                0x0000008a       0x34 ./BSP/LCD/Src/Lcd_Driver.o
 .ARM.attributes
                0x000000be       0x34 ./BSP/LOG/Src/bsp_log.o
 .ARM.attributes
                0x000000f2       0x34 ./BSP/PWM/Src/bsp_tower.o
 .ARM.attributes
                0x00000126       0x34 ./BSP/TASK/Src/bsp_timer.o
 .ARM.attributes
                0x0000015a       0x34 ./BSP/TASK/Src/task_bsp.o
 .ARM.attributes
                0x0000018e       0x34 ./Core/Src/dma.o
 .ARM.attributes
                0x000001c2       0x34 ./Core/Src/gpio.o
 .ARM.attributes
                0x000001f6       0x34 ./Core/Src/i2c.o
 .ARM.attributes
                0x0000022a       0x34 ./Core/Src/main.o
 .ARM.attributes
                0x0000025e       0x34 ./Core/Src/stm32f4xx_hal_msp.o
 .ARM.attributes
                0x00000292       0x34 ./Core/Src/stm32f4xx_it.o
 .ARM.attributes
                0x000002c6       0x34 ./Core/Src/sysmem.o
 .ARM.attributes
                0x000002fa       0x34 ./Core/Src/system_stm32f4xx.o
 .ARM.attributes
                0x0000032e       0x34 ./Core/Src/tim.o
 .ARM.attributes
                0x00000362       0x34 ./Core/Src/usart.o
 .ARM.attributes
                0x00000396       0x21 ./Core/Startup/startup_stm32f429igtx.o
 .ARM.attributes
                0x000003b7       0x34 ./Drivers/STM32F4xx_HAL_Driver/Src/stm32f4xx_hal.o
 .ARM.attributes
                0x000003eb       0x34 ./Drivers/STM32F4xx_HAL_Driver/Src/stm32f4xx_hal_cortex.o
 .ARM.attributes
                0x0000041f       0x34 ./Drivers/STM32F4xx_HAL_Driver/Src/stm32f4xx_hal_dma.o
 .ARM.attributes
                0x00000453       0x34 ./Drivers/STM32F4xx_HAL_Driver/Src/stm32f4xx_hal_gpio.o
 .ARM.attributes
                0x00000487       0x34 ./Drivers/STM32F4xx_HAL_Driver/Src/stm32f4xx_hal_i2c.o
 .ARM.attributes
                0x000004bb       0x34 ./Drivers/STM32F4xx_HAL_Driver/Src/stm32f4xx_hal_i2c_ex.o
 .ARM.attributes
                0x000004ef       0x34 ./Drivers/STM32F4xx_HAL_Driver/Src/stm32f4xx_hal_pwr_ex.o
 .ARM.attributes
                0x00000523       0x34 ./Drivers/STM32F4xx_HAL_Driver/Src/stm32f4xx_hal_rcc.o
 .ARM.attributes
                0x00000557       0x34 ./Drivers/STM32F4xx_HAL_Driver/Src/stm32f4xx_hal_tim.o
 .ARM.attributes
                0x0000058b       0x34 ./Drivers/STM32F4xx_HAL_Driver/Src/stm32f4xx_hal_tim_ex.o
 .ARM.attributes
                0x000005bf       0x34 ./Drivers/STM32F4xx_HAL_Driver/Src/stm32f4xx_hal_uart.o
 .ARM.attributes
                0x000005f3       0x34 C:/ST/STM32CubeIDE_1.17.0/STM32CubeIDE/plugins/com.st.stm32cube.ide.mcu.externaltools.gnu-tools-for-stm32.12.3.rel1.win32_1.1.0.202410251130/tools/bin/../lib/gcc/arm-none-eabi/12.3.1/../../../../arm-none-eabi/lib/thumb/v7e-m+fp/hard\libc_nano.a(libc_a-findfp.o)
 .ARM.attributes
                0x00000627       0x34 C:/ST/STM32CubeIDE_1.17.0/STM32CubeIDE/plugins/com.st.stm32cube.ide.mcu.externaltools.gnu-tools-for-stm32.12.3.rel1.win32_1.1.0.202410251130/tools/bin/../lib/gcc/arm-none-eabi/12.3.1/../../../../arm-none-eabi/lib/thumb/v7e-m+fp/hard\libc_nano.a(libc_a-snprintf.o)
 .ARM.attributes
                0x0000065b       0x34 C:/ST/STM32CubeIDE_1.17.0/STM32CubeIDE/plugins/com.st.stm32cube.ide.mcu.externaltools.gnu-tools-for-stm32.12.3.rel1.win32_1.1.0.202410251130/tools/bin/../lib/gcc/arm-none-eabi/12.3.1/../../../../arm-none-eabi/lib/thumb/v7e-m+fp/hard\libc_nano.a(libc_a-vsnprintf.o)
 .ARM.attributes
                0x0000068f       0x34 C:/ST/STM32CubeIDE_1.17.0/STM32CubeIDE/plugins/com.st.stm32cube.ide.mcu.externaltools.gnu-tools-for-stm32.12.3.rel1.win32_1.1.0.202410251130/tools/bin/../lib/gcc/arm-none-eabi/12.3.1/../../../../arm-none-eabi/lib/thumb/v7e-m+fp/hard\libc_nano.a(libc_a-memset.o)
 .ARM.attributes
                0x000006c3       0x34 C:/ST/STM32CubeIDE_1.17.0/STM32CubeIDE/plugins/com.st.stm32cube.ide.mcu.externaltools.gnu-tools-for-stm32.12.3.rel1.win32_1.1.0.202410251130/tools/bin/../lib/gcc/arm-none-eabi/12.3.1/../../../../arm-none-eabi/lib/thumb/v7e-m+fp/hard\libc_nano.a(libc_a-reent.o)
 .ARM.attributes
                0x000006f7       0x34 C:/ST/STM32CubeIDE_1.17.0/STM32CubeIDE/plugins/com.st.stm32cube.ide.mcu.externaltools.gnu-tools-for-stm32.12.3.rel1.win32_1.1.0.202410251130/tools/bin/../lib/gcc/arm-none-eabi/12.3.1/../../../../arm-none-eabi/lib/thumb/v7e-m+fp/hard\libc_nano.a(libc_a-impure.o)
 .ARM.attributes
                0x0000072b       0x34 C:/ST/STM32CubeIDE_1.17.0/STM32CubeIDE/plugins/com.st.stm32cube.ide.mcu.externaltools.gnu-tools-for-stm32.12.3.rel1.win32_1.1.0.202410251130/tools/bin/../lib/gcc/arm-none-eabi/12.3.1/../../../../arm-none-eabi/lib/thumb/v7e-m+fp/hard\libc_nano.a(libc_a-errno.o)
 .ARM.attributes
                0x0000075f       0x34 C:/ST/STM32CubeIDE_1.17.0/STM32CubeIDE/plugins/com.st.stm32cube.ide.mcu.externaltools.gnu-tools-for-stm32.12.3.rel1.win32_1.1.0.202410251130/tools/bin/../lib/gcc/arm-none-eabi/12.3.1/../../../../arm-none-eabi/lib/thumb/v7e-m+fp/hard\libc_nano.a(libc_a-init.o)
 .ARM.attributes
                0x00000793       0x34 C:/ST/STM32CubeIDE_1.17.0/STM32CubeIDE/plugins/com.st.stm32cube.ide.mcu.externaltools.gnu-tools-for-stm32.12.3.rel1.win32_1.1.0.202410251130/tools/bin/../lib/gcc/arm-none-eabi/12.3.1/../../../../arm-none-eabi/lib/thumb/v7e-m+fp/hard\libc_nano.a(libc_a-lock.o)
 .ARM.attributes
                0x000007c7       0x34 C:/ST/STM32CubeIDE_1.17.0/STM32CubeIDE/plugins/com.st.stm32cube.ide.mcu.externaltools.gnu-tools-for-stm32.12.3.rel1.win32_1.1.0.202410251130/tools/bin/../lib/gcc/arm-none-eabi/12.3.1/../../../../arm-none-eabi/lib/thumb/v7e-m+fp/hard\libc_nano.a(libc_a-freer.o)
 .ARM.attributes
                0x000007fb       0x34 C:/ST/STM32CubeIDE_1.17.0/STM32CubeIDE/plugins/com.st.stm32cube.ide.mcu.externaltools.gnu-tools-for-stm32.12.3.rel1.win32_1.1.0.202410251130/tools/bin/../lib/gcc/arm-none-eabi/12.3.1/../../../../arm-none-eabi/lib/thumb/v7e-m+fp/hard\libc_nano.a(libc_a-mallocr.o)
 .ARM.attributes
                0x0000082f       0x34 C:/ST/STM32CubeIDE_1.17.0/STM32CubeIDE/plugins/com.st.stm32cube.ide.mcu.externaltools.gnu-tools-for-stm32.12.3.rel1.win32_1.1.0.202410251130/tools/bin/../lib/gcc/arm-none-eabi/12.3.1/../../../../arm-none-eabi/lib/thumb/v7e-m+fp/hard\libc_nano.a(libc_a-mlock.o)
 .ARM.attributes
                0x00000863       0x34 C:/ST/STM32CubeIDE_1.17.0/STM32CubeIDE/plugins/com.st.stm32cube.ide.mcu.externaltools.gnu-tools-for-stm32.12.3.rel1.win32_1.1.0.202410251130/tools/bin/../lib/gcc/arm-none-eabi/12.3.1/../../../../arm-none-eabi/lib/thumb/v7e-m+fp/hard\libc_nano.a(libc_a-nano-svfprintf.o)
 .ARM.attributes
                0x00000897       0x34 C:/ST/STM32CubeIDE_1.17.0/STM32CubeIDE/plugins/com.st.stm32cube.ide.mcu.externaltools.gnu-tools-for-stm32.12.3.rel1.win32_1.1.0.202410251130/tools/bin/../lib/gcc/arm-none-eabi/12.3.1/../../../../arm-none-eabi/lib/thumb/v7e-m+fp/hard\libc_nano.a(libc_a-nano-vfprintf_i.o)
 .ARM.attributes
                0x000008cb       0x34 C:/ST/STM32CubeIDE_1.17.0/STM32CubeIDE/plugins/com.st.stm32cube.ide.mcu.externaltools.gnu-tools-for-stm32.12.3.rel1.win32_1.1.0.202410251130/tools/bin/../lib/gcc/arm-none-eabi/12.3.1/../../../../arm-none-eabi/lib/thumb/v7e-m+fp/hard\libc_nano.a(libc_a-memmove.o)
 .ARM.attributes
                0x000008ff       0x34 C:/ST/STM32CubeIDE_1.17.0/STM32CubeIDE/plugins/com.st.stm32cube.ide.mcu.externaltools.gnu-tools-for-stm32.12.3.rel1.win32_1.1.0.202410251130/tools/bin/../lib/gcc/arm-none-eabi/12.3.1/../../../../arm-none-eabi/lib/thumb/v7e-m+fp/hard\libc_nano.a(libc_a-sbrkr.o)
 .ARM.attributes
                0x00000933       0x1c C:/ST/STM32CubeIDE_1.17.0/STM32CubeIDE/plugins/com.st.stm32cube.ide.mcu.externaltools.gnu-tools-for-stm32.12.3.rel1.win32_1.1.0.202410251130/tools/bin/../lib/gcc/arm-none-eabi/12.3.1/../../../../arm-none-eabi/lib/thumb/v7e-m+fp/hard\libc_nano.a(libc_a-memchr.o)
 .ARM.attributes
                0x0000094f       0x34 C:/ST/STM32CubeIDE_1.17.0/STM32CubeIDE/plugins/com.st.stm32cube.ide.mcu.externaltools.gnu-tools-for-stm32.12.3.rel1.win32_1.1.0.202410251130/tools/bin/../lib/gcc/arm-none-eabi/12.3.1/../../../../arm-none-eabi/lib/thumb/v7e-m+fp/hard\libc_nano.a(libc_a-memcpy-stub.o)
 .ARM.attributes
                0x00000983       0x34 C:/ST/STM32CubeIDE_1.17.0/STM32CubeIDE/plugins/com.st.stm32cube.ide.mcu.externaltools.gnu-tools-for-stm32.12.3.rel1.win32_1.1.0.202410251130/tools/bin/../lib/gcc/arm-none-eabi/12.3.1/../../../../arm-none-eabi/lib/thumb/v7e-m+fp/hard\libc_nano.a(libc_a-reallocr.o)
 .ARM.attributes
                0x000009b7       0x34 C:/ST/STM32CubeIDE_1.17.0/STM32CubeIDE/plugins/com.st.stm32cube.ide.mcu.externaltools.gnu-tools-for-stm32.12.3.rel1.win32_1.1.0.202410251130/tools/bin/../lib/gcc/arm-none-eabi/12.3.1/../../../../arm-none-eabi/lib/thumb/v7e-m+fp/hard\libc_nano.a(libc_a-msizer.o)
 .ARM.attributes
                0x000009eb       0x22 C:/ST/STM32CubeIDE_1.17.0/STM32CubeIDE/plugins/com.st.stm32cube.ide.mcu.externaltools.gnu-tools-for-stm32.12.3.rel1.win32_1.1.0.202410251130/tools/bin/../lib/gcc/arm-none-eabi/12.3.1/thumb/v7e-m+fp/hard\libgcc.a(_aeabi_uldivmod.o)
 .ARM.attributes
                0x00000a0d       0x34 C:/ST/STM32CubeIDE_1.17.0/STM32CubeIDE/plugins/com.st.stm32cube.ide.mcu.externaltools.gnu-tools-for-stm32.12.3.rel1.win32_1.1.0.202410251130/tools/bin/../lib/gcc/arm-none-eabi/12.3.1/thumb/v7e-m+fp/hard\libgcc.a(_udivmoddi4.o)
 .ARM.attributes
                0x00000a41       0x22 C:/ST/STM32CubeIDE_1.17.0/STM32CubeIDE/plugins/com.st.stm32cube.ide.mcu.externaltools.gnu-tools-for-stm32.12.3.rel1.win32_1.1.0.202410251130/tools/bin/../lib/gcc/arm-none-eabi/12.3.1/thumb/v7e-m+fp/hard\libgcc.a(_dvmd_tls.o)
 .ARM.attributes
                0x00000a63       0x22 C:/ST/STM32CubeIDE_1.17.0/STM32CubeIDE/plugins/com.st.stm32cube.ide.mcu.externaltools.gnu-tools-for-stm32.12.3.rel1.win32_1.1.0.202410251130/tools/bin/../lib/gcc/arm-none-eabi/12.3.1/thumb/v7e-m+fp/hard/crtn.o
OUTPUT(LCD_Driver.elf elf32-littlearm)
LOAD linker stubs
LOAD C:/ST/STM32CubeIDE_1.17.0/STM32CubeIDE/plugins/com.st.stm32cube.ide.mcu.externaltools.gnu-tools-for-stm32.12.3.rel1.win32_1.1.0.202410251130/tools/bin/../lib/gcc/arm-none-eabi/12.3.1/../../../../arm-none-eabi/lib/thumb/v7e-m+fp/hard\libc.a
LOAD C:/ST/STM32CubeIDE_1.17.0/STM32CubeIDE/plugins/com.st.stm32cube.ide.mcu.externaltools.gnu-tools-for-stm32.12.3.rel1.win32_1.1.0.202410251130/tools/bin/../lib/gcc/arm-none-eabi/12.3.1/../../../../arm-none-eabi/lib/thumb/v7e-m+fp/hard\libm.a
LOAD C:/ST/STM32CubeIDE_1.17.0/STM32CubeIDE/plugins/com.st.stm32cube.ide.mcu.externaltools.gnu-tools-for-stm32.12.3.rel1.win32_1.1.0.202410251130/tools/bin/../lib/gcc/arm-none-eabi/12.3.1/thumb/v7e-m+fp/hard\libgcc.a

.debug_info     0x00000000    0x1511e
 .debug_info    0x00000000      0xaad ./BSP/EEPROM/Src/bsp_I2C_eeprom.o
 .debug_info    0x00000aad      0x4ef ./BSP/LCD/Src/Lcd_Driver.o
 .debug_info    0x00000f9c      0x8c9 ./BSP/LOG/Src/bsp_log.o
 .debug_info    0x00001865      0x750 ./BSP/PWM/Src/bsp_tower.o
 .debug_info    0x00001fb5      0x68c ./BSP/TASK/Src/bsp_timer.o
 .debug_info    0x00002641      0xb6f ./BSP/TASK/Src/task_bsp.o
 .debug_info    0x000031b0      0x813 ./Core/Src/dma.o
 .debug_info    0x000039c3      0x405 ./Core/Src/gpio.o
 .debug_info    0x00003dc8      0xcb0 ./Core/Src/i2c.o
 .debug_info    0x00004a78      0x5c4 ./Core/Src/main.o
 .debug_info    0x0000503c      0x281 ./Core/Src/stm32f4xx_hal_msp.o
 .debug_info    0x000052bd      0xd1f ./Core/Src/stm32f4xx_it.o
 .debug_info    0x00005fdc      0x168 ./Core/Src/sysmem.o
 .debug_info    0x00006144      0x52e ./Core/Src/system_stm32f4xx.o
 .debug_info    0x00006672      0xf39 ./Core/Src/tim.o
 .debug_info    0x000075ab      0xc26 ./Core/Src/usart.o
 .debug_info    0x000081d1       0x30 ./Core/Startup/startup_stm32f429igtx.o
 .debug_info    0x00008201      0x9ba ./Drivers/STM32F4xx_HAL_Driver/Src/stm32f4xx_hal.o
 .debug_info    0x00008bbb      0xdc2 ./Drivers/STM32F4xx_HAL_Driver/Src/stm32f4xx_hal_cortex.o
 .debug_info    0x0000997d      0x8e7 ./Drivers/STM32F4xx_HAL_Driver/Src/stm32f4xx_hal_dma.o
 .debug_info    0x0000a264      0x6db ./Drivers/STM32F4xx_HAL_Driver/Src/stm32f4xx_hal_gpio.o
 .debug_info    0x0000a93f     0x2421 ./Drivers/STM32F4xx_HAL_Driver/Src/stm32f4xx_hal_i2c.o
 .debug_info    0x0000cd60      0x672 ./Drivers/STM32F4xx_HAL_Driver/Src/stm32f4xx_hal_i2c_ex.o
 .debug_info    0x0000d3d2      0x6be ./Drivers/STM32F4xx_HAL_Driver/Src/stm32f4xx_hal_pwr_ex.o
 .debug_info    0x0000da90      0x8c7 ./Drivers/STM32F4xx_HAL_Driver/Src/stm32f4xx_hal_rcc.o
 .debug_info    0x0000e357     0x299d ./Drivers/STM32F4xx_HAL_Driver/Src/stm32f4xx_hal_tim.o
 .debug_info    0x00010cf4     0x14db ./Drivers/STM32F4xx_HAL_Driver/Src/stm32f4xx_hal_tim_ex.o
 .debug_info    0x000121cf     0x2f4f ./Drivers/STM32F4xx_HAL_Driver/Src/stm32f4xx_hal_uart.o

.debug_abbrev   0x00000000     0x3703
 .debug_abbrev  0x00000000      0x288 ./BSP/EEPROM/Src/bsp_I2C_eeprom.o
 .debug_abbrev  0x00000288      0x1e6 ./BSP/LCD/Src/Lcd_Driver.o
 .debug_abbrev  0x0000046e      0x25b ./BSP/LOG/Src/bsp_log.o
 .debug_abbrev  0x000006c9      0x1f2 ./BSP/PWM/Src/bsp_tower.o
 .debug_abbrev  0x000008bb      0x18b ./BSP/TASK/Src/bsp_timer.o
 .debug_abbrev  0x00000a46      0x234 ./BSP/TASK/Src/task_bsp.o
 .debug_abbrev  0x00000c7a      0x1f8 ./Core/Src/dma.o
 .debug_abbrev  0x00000e72      0x152 ./Core/Src/gpio.o
 .debug_abbrev  0x00000fc4      0x23f ./Core/Src/i2c.o
 .debug_abbrev  0x00001203      0x210 ./Core/Src/main.o
 .debug_abbrev  0x00001413       0xd8 ./Core/Src/stm32f4xx_hal_msp.o
 .debug_abbrev  0x000014eb      0x1b6 ./Core/Src/stm32f4xx_it.o
 .debug_abbrev  0x000016a1       0xbc ./Core/Src/sysmem.o
 .debug_abbrev  0x0000175d      0x11a ./Core/Src/system_stm32f4xx.o
 .debug_abbrev  0x00001877      0x23e ./Core/Src/tim.o
 .debug_abbrev  0x00001ab5      0x22e ./Core/Src/usart.o
 .debug_abbrev  0x00001ce3       0x24 ./Core/Startup/startup_stm32f429igtx.o
 .debug_abbrev  0x00001d07      0x214 ./Drivers/STM32F4xx_HAL_Driver/Src/stm32f4xx_hal.o
 .debug_abbrev  0x00001f1b      0x31d ./Drivers/STM32F4xx_HAL_Driver/Src/stm32f4xx_hal_cortex.o
 .debug_abbrev  0x00002238      0x264 ./Drivers/STM32F4xx_HAL_Driver/Src/stm32f4xx_hal_dma.o
 .debug_abbrev  0x0000249c      0x1d4 ./Drivers/STM32F4xx_HAL_Driver/Src/stm32f4xx_hal_gpio.o
 .debug_abbrev  0x00002670      0x2ad ./Drivers/STM32F4xx_HAL_Driver/Src/stm32f4xx_hal_i2c.o
 .debug_abbrev  0x0000291d      0x157 ./Drivers/STM32F4xx_HAL_Driver/Src/stm32f4xx_hal_i2c_ex.o
 .debug_abbrev  0x00002a74      0x1cf ./Drivers/STM32F4xx_HAL_Driver/Src/stm32f4xx_hal_pwr_ex.o
 .debug_abbrev  0x00002c43      0x2b7 ./Drivers/STM32F4xx_HAL_Driver/Src/stm32f4xx_hal_rcc.o
 .debug_abbrev  0x00002efa      0x278 ./Drivers/STM32F4xx_HAL_Driver/Src/stm32f4xx_hal_tim.o
 .debug_abbrev  0x00003172      0x283 ./Drivers/STM32F4xx_HAL_Driver/Src/stm32f4xx_hal_tim_ex.o
 .debug_abbrev  0x000033f5      0x30e ./Drivers/STM32F4xx_HAL_Driver/Src/stm32f4xx_hal_uart.o

.debug_aranges  0x00000000     0x1298
 .debug_aranges
                0x00000000       0x70 ./BSP/EEPROM/Src/bsp_I2C_eeprom.o
 .debug_aranges
                0x00000070       0x98 ./BSP/LCD/Src/Lcd_Driver.o
 .debug_aranges
                0x00000108       0x40 ./BSP/LOG/Src/bsp_log.o
 .debug_aranges
                0x00000148       0x50 ./BSP/PWM/Src/bsp_tower.o
 .debug_aranges
                0x00000198       0x28 ./BSP/TASK/Src/bsp_timer.o
 .debug_aranges
                0x000001c0       0x68 ./BSP/TASK/Src/task_bsp.o
 .debug_aranges
                0x00000228       0x28 ./Core/Src/dma.o
 .debug_aranges
                0x00000250       0x20 ./Core/Src/gpio.o
 .debug_aranges
                0x00000270       0x30 ./Core/Src/i2c.o
 .debug_aranges
                0x000002a0       0x30 ./Core/Src/main.o
 .debug_aranges
                0x000002d0       0x20 ./Core/Src/stm32f4xx_hal_msp.o
 .debug_aranges
                0x000002f0       0xa8 ./Core/Src/stm32f4xx_it.o
 .debug_aranges
                0x00000398       0x20 ./Core/Src/sysmem.o
 .debug_aranges
                0x000003b8       0x28 ./Core/Src/system_stm32f4xx.o
 .debug_aranges
                0x000003e0       0x50 ./Core/Src/tim.o
 .debug_aranges
                0x00000430       0x30 ./Core/Src/usart.o
 .debug_aranges
                0x00000460       0x28 ./Core/Startup/startup_stm32f429igtx.o
 .debug_aranges
                0x00000488      0x100 ./Drivers/STM32F4xx_HAL_Driver/Src/stm32f4xx_hal.o
 .debug_aranges
                0x00000588      0x130 ./Drivers/STM32F4xx_HAL_Driver/Src/stm32f4xx_hal_cortex.o
 .debug_aranges
                0x000006b8       0x90 ./Drivers/STM32F4xx_HAL_Driver/Src/stm32f4xx_hal_dma.o
 .debug_aranges
                0x00000748       0x58 ./Drivers/STM32F4xx_HAL_Driver/Src/stm32f4xx_hal_gpio.o
 .debug_aranges
                0x000007a0      0x2a8 ./Drivers/STM32F4xx_HAL_Driver/Src/stm32f4xx_hal_i2c.o
 .debug_aranges
                0x00000a48       0x28 ./Drivers/STM32F4xx_HAL_Driver/Src/stm32f4xx_hal_i2c_ex.o
 .debug_aranges
                0x00000a70       0x60 ./Drivers/STM32F4xx_HAL_Driver/Src/stm32f4xx_hal_pwr_ex.o
 .debug_aranges
                0x00000ad0       0x88 ./Drivers/STM32F4xx_HAL_Driver/Src/stm32f4xx_hal_rcc.o
 .debug_aranges
                0x00000b58      0x3d0 ./Drivers/STM32F4xx_HAL_Driver/Src/stm32f4xx_hal_tim.o
 .debug_aranges
                0x00000f28      0x168 ./Drivers/STM32F4xx_HAL_Driver/Src/stm32f4xx_hal_tim_ex.o
 .debug_aranges
                0x00001090      0x208 ./Drivers/STM32F4xx_HAL_Driver/Src/stm32f4xx_hal_uart.o

.debug_rnglists
                0x00000000      0xe6c
 .debug_rnglists
                0x00000000       0x54 ./BSP/EEPROM/Src/bsp_I2C_eeprom.o
 .debug_rnglists
                0x00000054       0x6f ./BSP/LCD/Src/Lcd_Driver.o
 .debug_rnglists
                0x000000c3       0x2d ./BSP/LOG/Src/bsp_log.o
 .debug_rnglists
                0x000000f0       0x38 ./BSP/PWM/Src/bsp_tower.o
 .debug_rnglists
                0x00000128       0x1a ./BSP/TASK/Src/bsp_timer.o
 .debug_rnglists
                0x00000142       0x49 ./BSP/TASK/Src/task_bsp.o
 .debug_rnglists
                0x0000018b       0x1a ./Core/Src/dma.o
 .debug_rnglists
                0x000001a5       0x14 ./Core/Src/gpio.o
 .debug_rnglists
                0x000001b9       0x21 ./Core/Src/i2c.o
 .debug_rnglists
                0x000001da       0x20 ./Core/Src/main.o
 .debug_rnglists
                0x000001fa       0x13 ./Core/Src/stm32f4xx_hal_msp.o
 .debug_rnglists
                0x0000020d       0x79 ./Core/Src/stm32f4xx_it.o
 .debug_rnglists
                0x00000286       0x13 ./Core/Src/sysmem.o
 .debug_rnglists
                0x00000299       0x1a ./Core/Src/system_stm32f4xx.o
 .debug_rnglists
                0x000002b3       0x39 ./Core/Src/tim.o
 .debug_rnglists
                0x000002ec       0x20 ./Core/Src/usart.o
 .debug_rnglists
                0x0000030c       0x19 ./Core/Startup/startup_stm32f429igtx.o
 .debug_rnglists
                0x00000325       0xbb ./Drivers/STM32F4xx_HAL_Driver/Src/stm32f4xx_hal.o
 .debug_rnglists
                0x000003e0       0xe0 ./Drivers/STM32F4xx_HAL_Driver/Src/stm32f4xx_hal_cortex.o
 .debug_rnglists
                0x000004c0       0x70 ./Drivers/STM32F4xx_HAL_Driver/Src/stm32f4xx_hal_dma.o
 .debug_rnglists
                0x00000530       0x3f ./Drivers/STM32F4xx_HAL_Driver/Src/stm32f4xx_hal_gpio.o
 .debug_rnglists
                0x0000056f      0x23c ./Drivers/STM32F4xx_HAL_Driver/Src/stm32f4xx_hal_i2c.o
 .debug_rnglists
                0x000007ab       0x19 ./Drivers/STM32F4xx_HAL_Driver/Src/stm32f4xx_hal_i2c_ex.o
 .debug_rnglists
                0x000007c4       0x47 ./Drivers/STM32F4xx_HAL_Driver/Src/stm32f4xx_hal_pwr_ex.o
 .debug_rnglists
                0x0000080b       0x66 ./Drivers/STM32F4xx_HAL_Driver/Src/stm32f4xx_hal_rcc.o
 .debug_rnglists
                0x00000871      0x31a ./Drivers/STM32F4xx_HAL_Driver/Src/stm32f4xx_hal_tim.o
 .debug_rnglists
                0x00000b8b      0x125 ./Drivers/STM32F4xx_HAL_Driver/Src/stm32f4xx_hal_tim_ex.o
 .debug_rnglists
                0x00000cb0      0x1bc ./Drivers/STM32F4xx_HAL_Driver/Src/stm32f4xx_hal_uart.o

.debug_macro    0x00000000    0x2643b
 .debug_macro   0x00000000      0x304 ./BSP/EEPROM/Src/bsp_I2C_eeprom.o
 .debug_macro   0x00000304      0xab4 ./BSP/EEPROM/Src/bsp_I2C_eeprom.o
 .debug_macro   0x00000db8      0x2a1 ./BSP/EEPROM/Src/bsp_I2C_eeprom.o
 .debug_macro   0x00001059       0x2e ./BSP/EEPROM/Src/bsp_I2C_eeprom.o
 .debug_macro   0x00001087       0x28 ./BSP/EEPROM/Src/bsp_I2C_eeprom.o
 .debug_macro   0x000010af       0x22 ./BSP/EEPROM/Src/bsp_I2C_eeprom.o
 .debug_macro   0x000010d1       0x8e ./BSP/EEPROM/Src/bsp_I2C_eeprom.o
 .debug_macro   0x0000115f       0x51 ./BSP/EEPROM/Src/bsp_I2C_eeprom.o
 .debug_macro   0x000011b0      0x103 ./BSP/EEPROM/Src/bsp_I2C_eeprom.o
 .debug_macro   0x000012b3       0x6a ./BSP/EEPROM/Src/bsp_I2C_eeprom.o
 .debug_macro   0x0000131d      0x1df ./BSP/EEPROM/Src/bsp_I2C_eeprom.o
 .debug_macro   0x000014fc       0x1c ./BSP/EEPROM/Src/bsp_I2C_eeprom.o
 .debug_macro   0x00001518       0x22 ./BSP/EEPROM/Src/bsp_I2C_eeprom.o
 .debug_macro   0x0000153a       0xfb ./BSP/EEPROM/Src/bsp_I2C_eeprom.o
 .debug_macro   0x00001635     0x1011 ./BSP/EEPROM/Src/bsp_I2C_eeprom.o
 .debug_macro   0x00002646      0x11f ./BSP/EEPROM/Src/bsp_I2C_eeprom.o
 .debug_macro   0x00002765    0x17fd8 ./BSP/EEPROM/Src/bsp_I2C_eeprom.o
 .debug_macro   0x0001a73d       0x6d ./BSP/EEPROM/Src/bsp_I2C_eeprom.o
 .debug_macro   0x0001a7aa     0x3711 ./BSP/EEPROM/Src/bsp_I2C_eeprom.o
 .debug_macro   0x0001debb      0x189 ./BSP/EEPROM/Src/bsp_I2C_eeprom.o
 .debug_macro   0x0001e044       0x5c ./BSP/EEPROM/Src/bsp_I2C_eeprom.o
 .debug_macro   0x0001e0a0      0xcba ./BSP/EEPROM/Src/bsp_I2C_eeprom.o
 .debug_macro   0x0001ed5a      0x9e9 ./BSP/EEPROM/Src/bsp_I2C_eeprom.o
 .debug_macro   0x0001f743      0x115 ./BSP/EEPROM/Src/bsp_I2C_eeprom.o
 .debug_macro   0x0001f858      0x156 ./BSP/EEPROM/Src/bsp_I2C_eeprom.o
 .debug_macro   0x0001f9ae       0xa5 ./BSP/EEPROM/Src/bsp_I2C_eeprom.o
 .debug_macro   0x0001fa53      0x182 ./BSP/EEPROM/Src/bsp_I2C_eeprom.o
 .debug_macro   0x0001fbd5      0x287 ./BSP/EEPROM/Src/bsp_I2C_eeprom.o
 .debug_macro   0x0001fe5c       0x5f ./BSP/EEPROM/Src/bsp_I2C_eeprom.o
 .debug_macro   0x0001febb      0x236 ./BSP/EEPROM/Src/bsp_I2C_eeprom.o
 .debug_macro   0x000200f1      0x132 ./BSP/EEPROM/Src/bsp_I2C_eeprom.o
 .debug_macro   0x00020223      0x41d ./BSP/EEPROM/Src/bsp_I2C_eeprom.o
 .debug_macro   0x00020640       0x2e ./BSP/EEPROM/Src/bsp_I2C_eeprom.o
 .debug_macro   0x0002066e      0x1b5 ./BSP/EEPROM/Src/bsp_I2C_eeprom.o
 .debug_macro   0x00020823       0x22 ./BSP/EEPROM/Src/bsp_I2C_eeprom.o
 .debug_macro   0x00020845       0xd6 ./BSP/EEPROM/Src/bsp_I2C_eeprom.o
 .debug_macro   0x0002091b      0x127 ./BSP/EEPROM/Src/bsp_I2C_eeprom.o
 .debug_macro   0x00020a42       0xe2 ./BSP/EEPROM/Src/bsp_I2C_eeprom.o
 .debug_macro   0x00020b24       0x89 ./BSP/EEPROM/Src/bsp_I2C_eeprom.o
 .debug_macro   0x00020bad      0x8ed ./BSP/EEPROM/Src/bsp_I2C_eeprom.o
 .debug_macro   0x0002149a       0x4d ./BSP/EEPROM/Src/bsp_I2C_eeprom.o
 .debug_macro   0x000214e7      0x2aa ./BSP/EEPROM/Src/bsp_I2C_eeprom.o
 .debug_macro   0x00021791      0x134 ./BSP/EEPROM/Src/bsp_I2C_eeprom.o
 .debug_macro   0x000218c5       0x64 ./BSP/EEPROM/Src/bsp_I2C_eeprom.o
 .debug_macro   0x00021929       0x58 ./BSP/EEPROM/Src/bsp_I2C_eeprom.o
 .debug_macro   0x00021981       0x61 ./BSP/EEPROM/Src/bsp_I2C_eeprom.o
 .debug_macro   0x000219e2       0x2a ./BSP/EEPROM/Src/bsp_I2C_eeprom.o
 .debug_macro   0x00021a0c       0x43 ./BSP/EEPROM/Src/bsp_I2C_eeprom.o
 .debug_macro   0x00021a4f       0x34 ./BSP/EEPROM/Src/bsp_I2C_eeprom.o
 .debug_macro   0x00021a83       0x16 ./BSP/EEPROM/Src/bsp_I2C_eeprom.o
 .debug_macro   0x00021a99       0x35 ./BSP/EEPROM/Src/bsp_I2C_eeprom.o
 .debug_macro   0x00021ace      0x369 ./BSP/EEPROM/Src/bsp_I2C_eeprom.o
 .debug_macro   0x00021e37       0x16 ./BSP/EEPROM/Src/bsp_I2C_eeprom.o
 .debug_macro   0x00021e4d       0x43 ./BSP/EEPROM/Src/bsp_I2C_eeprom.o
 .debug_macro   0x00021e90       0x34 ./BSP/EEPROM/Src/bsp_I2C_eeprom.o
 .debug_macro   0x00021ec4       0x10 ./BSP/EEPROM/Src/bsp_I2C_eeprom.o
 .debug_macro   0x00021ed4       0x58 ./BSP/EEPROM/Src/bsp_I2C_eeprom.o
 .debug_macro   0x00021f2c       0x8e ./BSP/EEPROM/Src/bsp_I2C_eeprom.o
 .debug_macro   0x00021fba       0x1c ./BSP/EEPROM/Src/bsp_I2C_eeprom.o
 .debug_macro   0x00021fd6      0x177 ./BSP/EEPROM/Src/bsp_I2C_eeprom.o
 .debug_macro   0x0002214d       0x16 ./BSP/EEPROM/Src/bsp_I2C_eeprom.o
 .debug_macro   0x00022163       0x16 ./BSP/EEPROM/Src/bsp_I2C_eeprom.o
 .debug_macro   0x00022179      0x146 ./BSP/EEPROM/Src/bsp_I2C_eeprom.o
 .debug_macro   0x000222bf       0x82 ./BSP/EEPROM/Src/bsp_I2C_eeprom.o
 .debug_macro   0x00022341       0x64 ./BSP/EEPROM/Src/bsp_I2C_eeprom.o
 .debug_macro   0x000223a5      0x20f ./BSP/LCD/Src/Lcd_Driver.o
 .debug_macro   0x000225b4       0xa0 ./BSP/LCD/Src/Lcd_Driver.o
 .debug_macro   0x00022654      0x2e5 ./BSP/LOG/Src/bsp_log.o
 .debug_macro   0x00022939       0x5b ./BSP/LOG/Src/bsp_log.o
 .debug_macro   0x00022994       0x94 ./BSP/LOG/Src/bsp_log.o
 .debug_macro   0x00022a28       0x57 ./BSP/LOG/Src/bsp_log.o
 .debug_macro   0x00022a7f       0x9e ./BSP/LOG/Src/bsp_log.o
 .debug_macro   0x00022b1d      0x10b ./BSP/LOG/Src/bsp_log.o
 .debug_macro   0x00022c28       0x56 ./BSP/LOG/Src/bsp_log.o
 .debug_macro   0x00022c7e      0x304 ./BSP/PWM/Src/bsp_tower.o
 .debug_macro   0x00022f82       0x52 ./BSP/PWM/Src/bsp_tower.o
 .debug_macro   0x00022fd4      0x33a ./BSP/TASK/Src/bsp_timer.o
 .debug_macro   0x0002330e       0x58 ./BSP/TASK/Src/bsp_timer.o
 .debug_macro   0x00023366       0xac ./BSP/TASK/Src/bsp_timer.o
 .debug_macro   0x00023412      0x33a ./BSP/TASK/Src/task_bsp.o
 .debug_macro   0x0002374c      0x200 ./Core/Src/dma.o
 .debug_macro   0x0002394c      0x200 ./Core/Src/gpio.o
 .debug_macro   0x00023b4c      0x200 ./Core/Src/i2c.o
 .debug_macro   0x00023d4c      0x34c ./Core/Src/main.o
 .debug_macro   0x00024098       0xa6 ./Core/Src/main.o
 .debug_macro   0x0002413e      0x1f6 ./Core/Src/stm32f4xx_hal_msp.o
 .debug_macro   0x00024334      0x200 ./Core/Src/stm32f4xx_it.o
 .debug_macro   0x00024534       0xff ./Core/Src/sysmem.o
 .debug_macro   0x00024633      0x23c ./Core/Src/sysmem.o
 .debug_macro   0x0002486f      0x1e7 ./Core/Src/system_stm32f4xx.o
 .debug_macro   0x00024a56      0x200 ./Core/Src/tim.o
 .debug_macro   0x00024c56      0x200 ./Core/Src/usart.o
 .debug_macro   0x00024e56      0x247 ./Drivers/STM32F4xx_HAL_Driver/Src/stm32f4xx_hal.o
 .debug_macro   0x0002509d      0x1e7 ./Drivers/STM32F4xx_HAL_Driver/Src/stm32f4xx_hal_cortex.o
 .debug_macro   0x00025284      0x1ed ./Drivers/STM32F4xx_HAL_Driver/Src/stm32f4xx_hal_dma.o
 .debug_macro   0x00025471      0x1ed ./Drivers/STM32F4xx_HAL_Driver/Src/stm32f4xx_hal_gpio.o
 .debug_macro   0x0002565e      0x235 ./Drivers/STM32F4xx_HAL_Driver/Src/stm32f4xx_hal_i2c.o
 .debug_macro   0x00025893      0x1e7 ./Drivers/STM32F4xx_HAL_Driver/Src/stm32f4xx_hal_i2c_ex.o
 .debug_macro   0x00025a7a      0x1ff ./Drivers/STM32F4xx_HAL_Driver/Src/stm32f4xx_hal_pwr_ex.o
 .debug_macro   0x00025c79      0x20b ./Drivers/STM32F4xx_HAL_Driver/Src/stm32f4xx_hal_rcc.o
 .debug_macro   0x00025e84      0x1e8 ./Drivers/STM32F4xx_HAL_Driver/Src/stm32f4xx_hal_tim.o
 .debug_macro   0x0002606c      0x1e7 ./Drivers/STM32F4xx_HAL_Driver/Src/stm32f4xx_hal_tim_ex.o
 .debug_macro   0x00026253      0x1e8 ./Drivers/STM32F4xx_HAL_Driver/Src/stm32f4xx_hal_uart.o

.debug_line     0x00000000    0x19e65
 .debug_line    0x00000000      0xd00 ./BSP/EEPROM/Src/bsp_I2C_eeprom.o
 .debug_line    0x00000d00      0xab9 ./BSP/LCD/Src/Lcd_Driver.o
 .debug_line    0x000017b9      0xa02 ./BSP/LOG/Src/bsp_log.o