../BSP/OLED/Src/bsp_oled.c:15:6:OLED_WR_Byte	24	static
../BSP/OLED/Src/bsp_oled.c:50:7:OLED_Set_Pos	16	static
../BSP/OLED/Src/bsp_oled.c:57:6:OLED_Display_On	8	static
../BSP/OLED/Src/bsp_oled.c:64:6:OLED_Display_Off	8	static
../BSP/OLED/Src/bsp_oled.c:71:6:OLED_Clear	16	static
../BSP/OLED/Src/bsp_oled.c:87:6:OLED_ShowChar	24	static
../BSP/OLED/Src/bsp_oled.c:109:10:oled_pow	24	static
../BSP/OLED/Src/bsp_oled.c:121:6:OLED_ShowNum	24	static
../BSP/OLED/Src/bsp_oled.c:141:6:OLED_ShowString	24	static
../BSP/OLED/Src/bsp_oled.c:152:6:OLED_ShowCHinese	24	static
../BSP/OLED/Src/bsp_oled.c:169:6:OLED_DrawBMP	32	static
../BSP/OLED/Src/bsp_oled.c:187:6:OLED_Init	8	static
../BSP/OLED/Src/bsp_oled.c:244:6:HAL_SPI_TxCpltCallback	16	static
