../BSP/Src/task_bsp.c:13:6:Led_task	8	static
../BSP/Src/task_bsp.c:18:6:OLED_task	16	static
../BSP/Src/task_bsp.c:48:6:Lcd_Task	8	static
../BSP/Src/task_bsp.c:66:6:Task_1ms_Entry	8	static
../BSP/Src/task_bsp.c:72:6:Task_5ms_Entry	8	static
../BSP/Src/task_bsp.c:78:6:Task_10ms_Entry	8	static
../BSP/Src/task_bsp.c:84:6:Task_50ms_Entry	8	static
../BSP/Src/task_bsp.c:90:6:Task_100ms_Entry	8	static
../BSP/Src/task_bsp.c:98:6:Task_500ms_Entry	8	static
../BSP/Src/task_bsp.c:111:6:Task_1000ms_Entry	8	static
../BSP/Src/task_bsp.c:119:6:OS_Init	8	static
../BSP/Src/task_bsp.c:134:6:Start_OS	8	static
